<?xml version="1.0" encoding="ISO-8859-1" ?>
<link_info>
   <banner>TI ARM Linker PC v18.1.1.LTS</banner>
   <copyright>Copyright (c) 1996-2017 Texas Instruments Incorporated</copyright>
   <link_time>0x5ae148b3</link_time>
   <link_errors>0x0</link_errors>
   <output_file>spi_demo.out</output_file>
   <entry_point>
      <name>_c_int00_noargs</name>
      <address>0x20009255</address>
   </entry_point>
   <input_file_list>
      <input_file id="fl-2">
         <path>.\</path>
         <kind>object</kind>
         <file>Adafruit_GFX.obj</file>
         <name>Adafruit_GFX.obj</name>
      </input_file>
      <input_file id="fl-3">
         <path>.\</path>
         <kind>object</kind>
         <file>Adafruit_OLED.obj</file>
         <name>Adafruit_OLED.obj</name>
      </input_file>
      <input_file id="fl-4">
         <path>.\</path>
         <kind>object</kind>
         <file>i2c_if.obj</file>
         <name>i2c_if.obj</name>
      </input_file>
      <input_file id="fl-5">
         <path>.\</path>
         <kind>object</kind>
         <file>main.obj</file>
         <name>main.obj</name>
      </input_file>
      <input_file id="fl-6">
         <path>.\</path>
         <kind>object</kind>
         <file>pin_mux_config.obj</file>
         <name>pin_mux_config.obj</name>
      </input_file>
      <input_file id="fl-7">
         <path>.\</path>
         <kind>object</kind>
         <file>pinmux.obj</file>
         <name>pinmux.obj</name>
      </input_file>
      <input_file id="fl-8">
         <path>.\</path>
         <kind>object</kind>
         <file>pinmux2.obj</file>
         <name>pinmux2.obj</name>
      </input_file>
      <input_file id="fl-9">
         <path>.\</path>
         <kind>object</kind>
         <file>startup_ccs.obj</file>
         <name>startup_ccs.obj</name>
      </input_file>
      <input_file id="fl-a">
         <path>.\</path>
         <kind>object</kind>
         <file>test.obj</file>
         <name>test.obj</name>
      </input_file>
      <input_file id="fl-b">
         <path>.\</path>
         <kind>object</kind>
         <file>uart_if.obj</file>
         <name>uart_if.obj</name>
      </input_file>
      <input_file id="fl-10">
         <kind>object</kind>
         <file>&lt;internal&gt;</file>
         <name>&lt;internal&gt;</name>
      </input_file>
      <input_file id="fl-c6">
         <path>C:\ti\ccsv8\tools\compiler\ti-cgt-arm_18.1.1.LTS\lib\</path>
         <kind>archive</kind>
         <file>rtsv7M4_T_le_eabi.lib</file>
         <name>copy_zero_init.c.obj</name>
      </input_file>
      <input_file id="fl-c7">
         <path>C:\ti\ccsv8\tools\compiler\ti-cgt-arm_18.1.1.LTS\lib\</path>
         <kind>archive</kind>
         <file>rtsv7M4_T_le_eabi.lib</file>
         <name>copy_decompress_none.c.obj</name>
      </input_file>
      <input_file id="fl-c8">
         <path>C:\ti\ccsv8\tools\compiler\ti-cgt-arm_18.1.1.LTS\lib\</path>
         <kind>archive</kind>
         <file>rtsv7M4_T_le_eabi.lib</file>
         <name>copy_decompress_lzss.c.obj</name>
      </input_file>
      <input_file id="fl-c9">
         <path>C:\ti\ccsv8\tools\compiler\ti-cgt-arm_18.1.1.LTS\lib\</path>
         <kind>archive</kind>
         <file>rtsv7M4_T_le_eabi.lib</file>
         <name>boot_cortex_m.c.obj</name>
      </input_file>
      <input_file id="fl-ca">
         <path>C:\ti\ccsv8\tools\compiler\ti-cgt-arm_18.1.1.LTS\lib\</path>
         <kind>archive</kind>
         <file>rtsv7M4_T_le_eabi.lib</file>
         <name>exit.c.obj</name>
      </input_file>
      <input_file id="fl-cb">
         <path>C:\ti\ccsv8\tools\compiler\ti-cgt-arm_18.1.1.LTS\lib\</path>
         <kind>archive</kind>
         <file>rtsv7M4_T_le_eabi.lib</file>
         <name>memory.c.obj</name>
      </input_file>
      <input_file id="fl-cc">
         <path>C:\ti\ccsv8\tools\compiler\ti-cgt-arm_18.1.1.LTS\lib\</path>
         <kind>archive</kind>
         <file>rtsv7M4_T_le_eabi.lib</file>
         <name>_lock.c.obj</name>
      </input_file>
      <input_file id="fl-cd">
         <path>C:\ti\ccsv8\tools\compiler\ti-cgt-arm_18.1.1.LTS\lib\</path>
         <kind>archive</kind>
         <file>rtsv7M4_T_le_eabi.lib</file>
         <name>args_main.c.obj</name>
      </input_file>
      <input_file id="fl-ce">
         <path>C:\ti\ccsv8\tools\compiler\ti-cgt-arm_18.1.1.LTS\lib\</path>
         <kind>archive</kind>
         <file>rtsv7M4_T_le_eabi.lib</file>
         <name>memmov.c.obj</name>
      </input_file>
      <input_file id="fl-cf">
         <path>C:\ti\ccsv8\tools\compiler\ti-cgt-arm_18.1.1.LTS\lib\</path>
         <kind>archive</kind>
         <file>rtsv7M4_T_le_eabi.lib</file>
         <name>printf.c.obj</name>
      </input_file>
      <input_file id="fl-d0">
         <path>C:\ti\ccsv8\tools\compiler\ti-cgt-arm_18.1.1.LTS\lib\</path>
         <kind>archive</kind>
         <file>rtsv7M4_T_le_eabi.lib</file>
         <name>rand.c.obj</name>
      </input_file>
      <input_file id="fl-d1">
         <path>C:\ti\ccsv8\tools\compiler\ti-cgt-arm_18.1.1.LTS\lib\</path>
         <kind>archive</kind>
         <file>rtsv7M4_T_le_eabi.lib</file>
         <name>strlen.c.obj</name>
      </input_file>
      <input_file id="fl-d2">
         <path>C:\ti\ccsv8\tools\compiler\ti-cgt-arm_18.1.1.LTS\lib\</path>
         <kind>archive</kind>
         <file>rtsv7M4_T_le_eabi.lib</file>
         <name>vsnprintf.c.obj</name>
      </input_file>
      <input_file id="fl-d3">
         <path>C:\ti\ccsv8\tools\compiler\ti-cgt-arm_18.1.1.LTS\lib\</path>
         <kind>archive</kind>
         <file>rtsv7M4_T_le_eabi.lib</file>
         <name>memcpy_t2.asm.obj</name>
      </input_file>
      <input_file id="fl-d4">
         <path>C:\ti\ccsv8\tools\compiler\ti-cgt-arm_18.1.1.LTS\lib\</path>
         <kind>archive</kind>
         <file>rtsv7M4_T_le_eabi.lib</file>
         <name>memset_t2.asm.obj</name>
      </input_file>
      <input_file id="fl-d5">
         <path>C:\ti\ccsv8\tools\compiler\ti-cgt-arm_18.1.1.LTS\lib\</path>
         <kind>archive</kind>
         <file>rtsv7M4_T_le_eabi.lib</file>
         <name>autoinit.c.obj</name>
      </input_file>
      <input_file id="fl-d6">
         <path>C:\ti\ccsv8\tools\compiler\ti-cgt-arm_18.1.1.LTS\lib\</path>
         <kind>archive</kind>
         <file>rtsv7M4_T_le_eabi.lib</file>
         <name>pre_init.c.obj</name>
      </input_file>
      <input_file id="fl-d7">
         <path>C:\ti\ccsv8\tools\compiler\ti-cgt-arm_18.1.1.LTS\lib\</path>
         <kind>archive</kind>
         <file>rtsv7M4_T_le_eabi.lib</file>
         <name>cpy_tbl.c.obj</name>
      </input_file>
      <input_file id="fl-d8">
         <path>C:\ti\ccsv8\tools\compiler\ti-cgt-arm_18.1.1.LTS\lib\</path>
         <kind>archive</kind>
         <file>rtsv7M4_T_le_eabi.lib</file>
         <name>_printfi.c.obj</name>
      </input_file>
      <input_file id="fl-d9">
         <path>C:\ti\ccsv8\tools\compiler\ti-cgt-arm_18.1.1.LTS\lib\</path>
         <kind>archive</kind>
         <file>rtsv7M4_T_le_eabi.lib</file>
         <name>atoi.c.obj</name>
      </input_file>
      <input_file id="fl-da">
         <path>C:\ti\ccsv8\tools\compiler\ti-cgt-arm_18.1.1.LTS\lib\</path>
         <kind>archive</kind>
         <file>rtsv7M4_T_le_eabi.lib</file>
         <name>ctype.c.obj</name>
      </input_file>
      <input_file id="fl-db">
         <path>C:\ti\ccsv8\tools\compiler\ti-cgt-arm_18.1.1.LTS\lib\</path>
         <kind>archive</kind>
         <file>rtsv7M4_T_le_eabi.lib</file>
         <name>defs.c.obj</name>
      </input_file>
      <input_file id="fl-dc">
         <path>C:\ti\ccsv8\tools\compiler\ti-cgt-arm_18.1.1.LTS\lib\</path>
         <kind>archive</kind>
         <file>rtsv7M4_T_le_eabi.lib</file>
         <name>fputc.c.obj</name>
      </input_file>
      <input_file id="fl-dd">
         <path>C:\ti\ccsv8\tools\compiler\ti-cgt-arm_18.1.1.LTS\lib\</path>
         <kind>archive</kind>
         <file>rtsv7M4_T_le_eabi.lib</file>
         <name>fputs.c.obj</name>
      </input_file>
      <input_file id="fl-de">
         <path>C:\ti\ccsv8\tools\compiler\ti-cgt-arm_18.1.1.LTS\lib\</path>
         <kind>archive</kind>
         <file>rtsv7M4_T_le_eabi.lib</file>
         <name>ltoa.c.obj</name>
      </input_file>
      <input_file id="fl-df">
         <path>C:\ti\ccsv8\tools\compiler\ti-cgt-arm_18.1.1.LTS\lib\</path>
         <kind>archive</kind>
         <file>rtsv7M4_T_le_eabi.lib</file>
         <name>memccpy.c.obj</name>
      </input_file>
      <input_file id="fl-e0">
         <path>C:\ti\ccsv8\tools\compiler\ti-cgt-arm_18.1.1.LTS\lib\</path>
         <kind>archive</kind>
         <file>rtsv7M4_T_le_eabi.lib</file>
         <name>memchr.c.obj</name>
      </input_file>
      <input_file id="fl-e1">
         <path>C:\ti\ccsv8\tools\compiler\ti-cgt-arm_18.1.1.LTS\lib\</path>
         <kind>archive</kind>
         <file>rtsv7M4_T_le_eabi.lib</file>
         <name>strchr.c.obj</name>
      </input_file>
      <input_file id="fl-e2">
         <path>C:\ti\ccsv8\tools\compiler\ti-cgt-arm_18.1.1.LTS\lib\</path>
         <kind>archive</kind>
         <file>rtsv7M4_T_le_eabi.lib</file>
         <name>write.c.obj</name>
      </input_file>
      <input_file id="fl-e3">
         <path>C:\ti\ccsv8\tools\compiler\ti-cgt-arm_18.1.1.LTS\lib\</path>
         <kind>archive</kind>
         <file>rtsv7M4_T_le_eabi.lib</file>
         <name>s_frexp.c.obj</name>
      </input_file>
      <input_file id="fl-e4">
         <path>C:\ti\ccsv8\tools\compiler\ti-cgt-arm_18.1.1.LTS\lib\</path>
         <kind>archive</kind>
         <file>rtsv7M4_T_le_eabi.lib</file>
         <name>s_scalbn.c.obj</name>
      </input_file>
      <input_file id="fl-e5">
         <path>C:\ti\ccsv8\tools\compiler\ti-cgt-arm_18.1.1.LTS\lib\</path>
         <kind>archive</kind>
         <file>rtsv7M4_T_le_eabi.lib</file>
         <name>s_copysign.c.obj</name>
      </input_file>
      <input_file id="fl-e6">
         <path>C:\ti\ccsv8\tools\compiler\ti-cgt-arm_18.1.1.LTS\lib\</path>
         <kind>archive</kind>
         <file>rtsv7M4_T_le_eabi.lib</file>
         <name>wcslen.c.obj</name>
      </input_file>
      <input_file id="fl-e7">
         <path>C:\ti\ccsv8\tools\compiler\ti-cgt-arm_18.1.1.LTS\lib\</path>
         <kind>archive</kind>
         <file>rtsv7M4_T_le_eabi.lib</file>
         <name>fd_add_t2.asm.obj</name>
      </input_file>
      <input_file id="fl-e8">
         <path>C:\ti\ccsv8\tools\compiler\ti-cgt-arm_18.1.1.LTS\lib\</path>
         <kind>archive</kind>
         <file>rtsv7M4_T_le_eabi.lib</file>
         <name>fd_cmp_t2.asm.obj</name>
      </input_file>
      <input_file id="fl-e9">
         <path>C:\ti\ccsv8\tools\compiler\ti-cgt-arm_18.1.1.LTS\lib\</path>
         <kind>archive</kind>
         <file>rtsv7M4_T_le_eabi.lib</file>
         <name>fd_div_t2.asm.obj</name>
      </input_file>
      <input_file id="fl-ea">
         <path>C:\ti\ccsv8\tools\compiler\ti-cgt-arm_18.1.1.LTS\lib\</path>
         <kind>archive</kind>
         <file>rtsv7M4_T_le_eabi.lib</file>
         <name>fd_mul_t2.asm.obj</name>
      </input_file>
      <input_file id="fl-eb">
         <path>C:\ti\ccsv8\tools\compiler\ti-cgt-arm_18.1.1.LTS\lib\</path>
         <kind>archive</kind>
         <file>rtsv7M4_T_le_eabi.lib</file>
         <name>fd_toi_t2.asm.obj</name>
      </input_file>
      <input_file id="fl-ec">
         <path>C:\ti\ccsv8\tools\compiler\ti-cgt-arm_18.1.1.LTS\lib\</path>
         <kind>archive</kind>
         <file>rtsv7M4_T_le_eabi.lib</file>
         <name>i_tofd_t2.asm.obj</name>
      </input_file>
      <input_file id="fl-ed">
         <path>C:\ti\ccsv8\tools\compiler\ti-cgt-arm_18.1.1.LTS\lib\</path>
         <kind>archive</kind>
         <file>rtsv7M4_T_le_eabi.lib</file>
         <name>ull_div_t2.asm.obj</name>
      </input_file>
      <input_file id="fl-ee">
         <path>C:\ti\ccsv8\tools\compiler\ti-cgt-arm_18.1.1.LTS\lib\</path>
         <kind>archive</kind>
         <file>rtsv7M4_T_le_eabi.lib</file>
         <name>errno.c.obj</name>
      </input_file>
      <input_file id="fl-ef">
         <path>C:\ti\ccsv8\tools\compiler\ti-cgt-arm_18.1.1.LTS\lib\</path>
         <kind>archive</kind>
         <file>rtsv7M4_T_le_eabi.lib</file>
         <name>_io_perm.c.obj</name>
      </input_file>
      <input_file id="fl-f0">
         <path>C:\ti\ccsv8\tools\compiler\ti-cgt-arm_18.1.1.LTS\lib\</path>
         <kind>archive</kind>
         <file>rtsv7M4_T_le_eabi.lib</file>
         <name>fflush.c.obj</name>
      </input_file>
      <input_file id="fl-f1">
         <path>C:\ti\ccsv8\tools\compiler\ti-cgt-arm_18.1.1.LTS\lib\</path>
         <kind>archive</kind>
         <file>rtsv7M4_T_le_eabi.lib</file>
         <name>fseek.c.obj</name>
      </input_file>
      <input_file id="fl-f2">
         <path>C:\ti\ccsv8\tools\compiler\ti-cgt-arm_18.1.1.LTS\lib\</path>
         <kind>archive</kind>
         <file>rtsv7M4_T_le_eabi.lib</file>
         <name>lseek.c.obj</name>
      </input_file>
      <input_file id="fl-f3">
         <path>C:\ti\ccsv8\tools\compiler\ti-cgt-arm_18.1.1.LTS\lib\</path>
         <kind>archive</kind>
         <file>rtsv7M4_T_le_eabi.lib</file>
         <name>setvbuf.c.obj</name>
      </input_file>
      <input_file id="fl-f4">
         <path>C:\ti\ccsv8\tools\compiler\ti-cgt-arm_18.1.1.LTS\lib\</path>
         <kind>archive</kind>
         <file>rtsv7M4_T_le_eabi.lib</file>
         <name>hostclose.c.obj</name>
      </input_file>
      <input_file id="fl-f5">
         <path>C:\ti\ccsv8\tools\compiler\ti-cgt-arm_18.1.1.LTS\lib\</path>
         <kind>archive</kind>
         <file>rtsv7M4_T_le_eabi.lib</file>
         <name>hostlseek.c.obj</name>
      </input_file>
      <input_file id="fl-f6">
         <path>C:\ti\ccsv8\tools\compiler\ti-cgt-arm_18.1.1.LTS\lib\</path>
         <kind>archive</kind>
         <file>rtsv7M4_T_le_eabi.lib</file>
         <name>hostopen.c.obj</name>
      </input_file>
      <input_file id="fl-f7">
         <path>C:\ti\ccsv8\tools\compiler\ti-cgt-arm_18.1.1.LTS\lib\</path>
         <kind>archive</kind>
         <file>rtsv7M4_T_le_eabi.lib</file>
         <name>hostread.c.obj</name>
      </input_file>
      <input_file id="fl-f8">
         <path>C:\ti\ccsv8\tools\compiler\ti-cgt-arm_18.1.1.LTS\lib\</path>
         <kind>archive</kind>
         <file>rtsv7M4_T_le_eabi.lib</file>
         <name>hostrename.c.obj</name>
      </input_file>
      <input_file id="fl-f9">
         <path>C:\ti\ccsv8\tools\compiler\ti-cgt-arm_18.1.1.LTS\lib\</path>
         <kind>archive</kind>
         <file>rtsv7M4_T_le_eabi.lib</file>
         <name>hostunlink.c.obj</name>
      </input_file>
      <input_file id="fl-fa">
         <path>C:\ti\ccsv8\tools\compiler\ti-cgt-arm_18.1.1.LTS\lib\</path>
         <kind>archive</kind>
         <file>rtsv7M4_T_le_eabi.lib</file>
         <name>hostwrite.c.obj</name>
      </input_file>
      <input_file id="fl-fb">
         <path>C:\ti\ccsv8\tools\compiler\ti-cgt-arm_18.1.1.LTS\lib\</path>
         <kind>archive</kind>
         <file>rtsv7M4_T_le_eabi.lib</file>
         <name>trgmsg.c.obj</name>
      </input_file>
      <input_file id="fl-fc">
         <path>C:\ti\ccsv8\tools\compiler\ti-cgt-arm_18.1.1.LTS\lib\</path>
         <kind>archive</kind>
         <file>rtsv7M4_T_le_eabi.lib</file>
         <name>div0.asm.obj</name>
      </input_file>
      <input_file id="fl-fd">
         <path>C:\ti\ccsv8\tools\compiler\ti-cgt-arm_18.1.1.LTS\lib\</path>
         <kind>archive</kind>
         <file>rtsv7M4_T_le_eabi.lib</file>
         <name>fopen.c.obj</name>
      </input_file>
      <input_file id="fl-fe">
         <path>C:\ti\ccsv8\tools\compiler\ti-cgt-arm_18.1.1.LTS\lib\</path>
         <kind>archive</kind>
         <file>rtsv7M4_T_le_eabi.lib</file>
         <name>open.c.obj</name>
      </input_file>
      <input_file id="fl-ff">
         <path>C:\ti\ccsv8\tools\compiler\ti-cgt-arm_18.1.1.LTS\lib\</path>
         <kind>archive</kind>
         <file>rtsv7M4_T_le_eabi.lib</file>
         <name>strcpy.c.obj</name>
      </input_file>
      <input_file id="fl-100">
         <path>C:\ti\ccsv8\tools\compiler\ti-cgt-arm_18.1.1.LTS\lib\</path>
         <kind>archive</kind>
         <file>rtsv7M4_T_le_eabi.lib</file>
         <name>fclose.c.obj</name>
      </input_file>
      <input_file id="fl-101">
         <path>C:\ti\ccsv8\tools\compiler\ti-cgt-arm_18.1.1.LTS\lib\</path>
         <kind>archive</kind>
         <file>rtsv7M4_T_le_eabi.lib</file>
         <name>getdevice.c.obj</name>
      </input_file>
      <input_file id="fl-102">
         <path>C:\ti\ccsv8\tools\compiler\ti-cgt-arm_18.1.1.LTS\lib\</path>
         <kind>archive</kind>
         <file>rtsv7M4_T_le_eabi.lib</file>
         <name>remove.c.obj</name>
      </input_file>
      <input_file id="fl-103">
         <path>C:\ti\ccsv8\tools\compiler\ti-cgt-arm_18.1.1.LTS\lib\</path>
         <kind>archive</kind>
         <file>rtsv7M4_T_le_eabi.lib</file>
         <name>strcmp.c.obj</name>
      </input_file>
      <input_file id="fl-104">
         <path>C:\ti\ccsv8\tools\compiler\ti-cgt-arm_18.1.1.LTS\lib\</path>
         <kind>archive</kind>
         <file>rtsv7M4_T_le_eabi.lib</file>
         <name>strncpy.c.obj</name>
      </input_file>
      <input_file id="fl-105">
         <path>C:\ti\ccsv8\tools\compiler\ti-cgt-arm_18.1.1.LTS\lib\</path>
         <kind>archive</kind>
         <file>rtsv7M4_T_le_eabi.lib</file>
         <name>unlink.c.obj</name>
      </input_file>
      <input_file id="fl-106">
         <path>C:\ti\ccsv8\tools\compiler\ti-cgt-arm_18.1.1.LTS\lib\</path>
         <kind>archive</kind>
         <file>rtsv7M4_T_le_eabi.lib</file>
         <name>close.c.obj</name>
      </input_file>
      <input_file id="fl-107">
         <path>C:\ti\CC3200SDK_1.3.0\cc3200-sdk\driverlib\ccs\Release\</path>
         <kind>archive</kind>
         <file>driverlib.a</file>
         <name>gpio.obj</name>
      </input_file>
      <input_file id="fl-108">
         <path>C:\ti\CC3200SDK_1.3.0\cc3200-sdk\driverlib\ccs\Release\</path>
         <kind>archive</kind>
         <file>driverlib.a</file>
         <name>i2c.obj</name>
      </input_file>
      <input_file id="fl-109">
         <path>C:\ti\CC3200SDK_1.3.0\cc3200-sdk\driverlib\ccs\Release\</path>
         <kind>archive</kind>
         <file>driverlib.a</file>
         <name>interrupt.obj</name>
      </input_file>
      <input_file id="fl-10a">
         <path>C:\ti\CC3200SDK_1.3.0\cc3200-sdk\driverlib\ccs\Release\</path>
         <kind>archive</kind>
         <file>driverlib.a</file>
         <name>pin.obj</name>
      </input_file>
      <input_file id="fl-10b">
         <path>C:\ti\CC3200SDK_1.3.0\cc3200-sdk\driverlib\ccs\Release\</path>
         <kind>archive</kind>
         <file>driverlib.a</file>
         <name>prcm.obj</name>
      </input_file>
      <input_file id="fl-10c">
         <path>C:\ti\CC3200SDK_1.3.0\cc3200-sdk\driverlib\ccs\Release\</path>
         <kind>archive</kind>
         <file>driverlib.a</file>
         <name>spi.obj</name>
      </input_file>
      <input_file id="fl-10d">
         <path>C:\ti\CC3200SDK_1.3.0\cc3200-sdk\driverlib\ccs\Release\</path>
         <kind>archive</kind>
         <file>driverlib.a</file>
         <name>uart.obj</name>
      </input_file>
      <input_file id="fl-10e">
         <path>C:\ti\CC3200SDK_1.3.0\cc3200-sdk\driverlib\ccs\Release\</path>
         <kind>archive</kind>
         <file>driverlib.a</file>
         <name>utils.obj</name>
      </input_file>
      <input_file id="fl-10f">
         <path>C:\ti\CC3200SDK_1.3.0\cc3200-sdk\driverlib\ccs\Release\</path>
         <kind>archive</kind>
         <file>driverlib.a</file>
         <name>cpu.obj</name>
      </input_file>
      <input_file id="fl-110">
         <path>C:\ti\CC3200SDK_1.3.0\cc3200-sdk\driverlib\ccs\Release\</path>
         <kind>archive</kind>
         <file>driverlib.a</file>
         <name>flash.obj</name>
      </input_file>
   </input_file_list>
   <object_component_list>
      <object_component id="oc-f">
         <name>.intvecs</name>
         <load_address>0x20004000</load_address>
         <run_address>0x20004000</run_address>
         <size>0x400</size>
         <input_file_ref idref="fl-9"/>
      </object_component>
      <object_component id="oc-ce">
         <name>.text</name>
         <load_address>0x20004400</load_address>
         <run_address>0x20004400</run_address>
         <size>0xa80</size>
         <input_file_ref idref="fl-2"/>
      </object_component>
      <object_component id="oc-1ec">
         <name>.text:__TI_printfi</name>
         <load_address>0x20004e80</load_address>
         <run_address>0x20004e80</run_address>
         <size>0xa4a</size>
         <input_file_ref idref="fl-d8"/>
      </object_component>
      <object_component id="oc-da">
         <name>.text</name>
         <load_address>0x200058ca</load_address>
         <run_address>0x200058ca</run_address>
         <size>0x712</size>
         <input_file_ref idref="fl-a"/>
      </object_component>
      <object_component id="oc-94">
         <name>.text</name>
         <load_address>0x20005fdc</load_address>
         <run_address>0x20005fdc</run_address>
         <size>0x6e4</size>
         <input_file_ref idref="fl-5"/>
      </object_component>
      <object_component id="oc-c2">
         <name>.text</name>
         <load_address>0x200066c0</load_address>
         <run_address>0x200066c0</run_address>
         <size>0x4ba</size>
         <input_file_ref idref="fl-3"/>
      </object_component>
      <object_component id="oc-28c">
         <name>.text:_nop</name>
         <load_address>0x20006b7a</load_address>
         <run_address>0x20006b7a</run_address>
         <size>0x2</size>
         <input_file_ref idref="fl-cc"/>
      </object_component>
      <object_component id="oc-d4">
         <name>.text</name>
         <load_address>0x20006b7c</load_address>
         <run_address>0x20006b7c</run_address>
         <size>0x284</size>
         <input_file_ref idref="fl-4"/>
      </object_component>
      <object_component id="oc-2e3">
         <name>.text:_pconv_a</name>
         <load_address>0x20006e00</load_address>
         <run_address>0x20006e00</run_address>
         <size>0x268</size>
         <input_file_ref idref="fl-d8"/>
      </object_component>
      <object_component id="oc-2d1">
         <name>.text:_pconv_g</name>
         <load_address>0x20007068</load_address>
         <run_address>0x20007068</run_address>
         <size>0x1cc</size>
         <input_file_ref idref="fl-d8"/>
      </object_component>
      <object_component id="oc-38f">
         <name>.text</name>
         <load_address>0x20007234</load_address>
         <run_address>0x20007234</run_address>
         <size>0x1b6</size>
         <input_file_ref idref="fl-e7"/>
      </object_component>
      <object_component id="oc-418">
         <name>.text</name>
         <load_address>0x200073ea</load_address>
         <run_address>0x200073ea</run_address>
         <size>0x2</size>
         <input_file_ref idref="fl-fc"/>
      </object_component>
      <object_component id="oc-104">
         <name>.text:PRCMCC3200MCUInit</name>
         <load_address>0x200073ec</load_address>
         <run_address>0x200073ec</run_address>
         <size>0x178</size>
         <input_file_ref idref="fl-10b"/>
      </object_component>
      <object_component id="oc-2dd">
         <name>.text:_pconv_e</name>
         <load_address>0x20007564</load_address>
         <run_address>0x20007564</run_address>
         <size>0x13c</size>
         <input_file_ref idref="fl-d8"/>
      </object_component>
      <object_component id="oc-375">
         <name>.text</name>
         <load_address>0x200076a0</load_address>
         <run_address>0x200076a0</run_address>
         <size>0x136</size>
         <input_file_ref idref="fl-e9"/>
      </object_component>
      <object_component id="oc-3a1">
         <name>.text:fcvt</name>
         <load_address>0x200077d8</load_address>
         <run_address>0x200077d8</run_address>
         <size>0x120</size>
         <input_file_ref idref="fl-d8"/>
      </object_component>
      <object_component id="oc-30b">
         <name>.text:fputs</name>
         <load_address>0x200078f8</load_address>
         <run_address>0x200078f8</run_address>
         <size>0x114</size>
         <input_file_ref idref="fl-dd"/>
      </object_component>
      <object_component id="oc-370">
         <name>.text</name>
         <load_address>0x20007a0c</load_address>
         <run_address>0x20007a0c</run_address>
         <size>0xfc</size>
         <input_file_ref idref="fl-ea"/>
      </object_component>
      <object_component id="oc-453">
         <name>.text:setvbuf</name>
         <load_address>0x20007b08</load_address>
         <run_address>0x20007b08</run_address>
         <size>0xdc</size>
         <input_file_ref idref="fl-f3"/>
      </object_component>
      <object_component id="oc-483">
         <name>.text:free</name>
         <load_address>0x20007be4</load_address>
         <run_address>0x20007be4</run_address>
         <size>0xd8</size>
         <input_file_ref idref="fl-cb"/>
      </object_component>
      <object_component id="oc-3b5">
         <name>.text:scalbn</name>
         <load_address>0x20007cbc</load_address>
         <run_address>0x20007cbc</run_address>
         <size>0xd0</size>
         <input_file_ref idref="fl-e4"/>
      </object_component>
      <object_component id="oc-110">
         <name>.text</name>
         <load_address>0x20007d8c</load_address>
         <run_address>0x20007d8c</run_address>
         <size>0xc0</size>
         <input_file_ref idref="fl-6"/>
      </object_component>
      <object_component id="oc-2c6">
         <name>.text:_ltostr</name>
         <load_address>0x20007e4c</load_address>
         <run_address>0x20007e4c</run_address>
         <size>0xb1</size>
         <input_file_ref idref="fl-d8"/>
      </object_component>
      <object_component id="oc-fe">
         <name>.text:IntEnable</name>
         <load_address>0x20007f00</load_address>
         <run_address>0x20007f00</run_address>
         <size>0xa8</size>
         <input_file_ref idref="fl-109"/>
      </object_component>
      <object_component id="oc-134">
         <name>.text:SPIConfigSetExpClk</name>
         <load_address>0x20007fa8</load_address>
         <run_address>0x20007fa8</run_address>
         <size>0xa0</size>
         <input_file_ref idref="fl-10c"/>
      </object_component>
      <object_component id="oc-3a">
         <name>.text</name>
         <load_address>0x20008048</load_address>
         <run_address>0x20008048</run_address>
         <size>0x9c</size>
         <input_file_ref idref="fl-d3"/>
      </object_component>
      <object_component id="oc-369">
         <name>.text</name>
         <load_address>0x200080e4</load_address>
         <run_address>0x200080e4</run_address>
         <size>0x96</size>
         <input_file_ref idref="fl-ed"/>
      </object_component>
      <object_component id="oc-12e">
         <name>.text:PRCMPeripheralClockGet</name>
         <load_address>0x2000817c</load_address>
         <run_address>0x2000817c</run_address>
         <size>0x94</size>
         <input_file_ref idref="fl-10b"/>
      </object_component>
      <object_component id="oc-312">
         <name>.text:fputc</name>
         <load_address>0x20008210</load_address>
         <run_address>0x20008210</run_address>
         <size>0x8c</size>
         <input_file_ref idref="fl-dc"/>
      </object_component>
      <object_component id="oc-32d">
         <name>.text:PinConfigSet</name>
         <load_address>0x2000829c</load_address>
         <run_address>0x2000829c</run_address>
         <size>0x88</size>
         <input_file_ref idref="fl-10a"/>
      </object_component>
      <object_component id="oc-2cc">
         <name>.text:__aeabi_cdcmple</name>
         <load_address>0x20008324</load_address>
         <run_address>0x20008324</run_address>
         <size>0x86</size>
         <input_file_ref idref="fl-e8"/>
      </object_component>
      <object_component id="oc-37a">
         <name>.text:__aeabi_cdrcmple</name>
         <load_address>0x200083aa</load_address>
         <run_address>0x200083aa</run_address>
         <size>0x86</size>
         <input_file_ref idref="fl-e8"/>
      </object_component>
      <object_component id="oc-1d8">
         <name>.text:I2CMasterInitExpClk</name>
         <load_address>0x20008430</load_address>
         <run_address>0x20008430</run_address>
         <size>0x84</size>
         <input_file_ref idref="fl-108"/>
      </object_component>
      <object_component id="oc-88">
         <name>.text</name>
         <load_address>0x200084b4</load_address>
         <run_address>0x200084b4</run_address>
         <size>0x7a</size>
         <input_file_ref idref="fl-d4"/>
      </object_component>
      <object_component id="oc-489">
         <name>.text:malloc</name>
         <load_address>0x20008530</load_address>
         <run_address>0x20008530</run_address>
         <size>0x78</size>
         <input_file_ref idref="fl-cb"/>
      </object_component>
      <object_component id="oc-4ce">
         <name>.text:__TI_closefile</name>
         <load_address>0x200085a8</load_address>
         <run_address>0x200085a8</run_address>
         <size>0x74</size>
         <input_file_ref idref="fl-100"/>
      </object_component>
      <object_component id="oc-39a">
         <name>.text:_mcpy</name>
         <load_address>0x2000861c</load_address>
         <run_address>0x2000861c</run_address>
         <size>0x6e</size>
         <input_file_ref idref="fl-d8"/>
      </object_component>
      <object_component id="oc-4f2">
         <name>.text:HOSTlseek</name>
         <load_address>0x2000868c</load_address>
         <run_address>0x2000868c</run_address>
         <size>0x68</size>
         <input_file_ref idref="fl-f5"/>
      </object_component>
      <object_component id="oc-4fe">
         <name>.text:HOSTrename</name>
         <load_address>0x200086f4</load_address>
         <run_address>0x200086f4</run_address>
         <size>0x68</size>
         <input_file_ref idref="fl-f8"/>
      </object_component>
      <object_component id="oc-12">
         <name>.text:decompress:lzss:__TI_decompress_lzss</name>
         <load_address>0x2000875c</load_address>
         <run_address>0x2000875c</run_address>
         <size>0x68</size>
         <input_file_ref idref="fl-c8"/>
      </object_component>
      <object_component id="oc-e0">
         <name>.text:printf</name>
         <load_address>0x200087c4</load_address>
         <run_address>0x200087c4</run_address>
         <size>0x68</size>
         <input_file_ref idref="fl-cf"/>
      </object_component>
      <object_component id="oc-44d">
         <name>.text:fseek</name>
         <load_address>0x2000882c</load_address>
         <run_address>0x2000882c</run_address>
         <size>0x64</size>
         <input_file_ref idref="fl-f1"/>
      </object_component>
      <object_component id="oc-3e3">
         <name>.text:__TI_wrt_ok</name>
         <load_address>0x20008890</load_address>
         <run_address>0x20008890</run_address>
         <size>0x62</size>
         <input_file_ref idref="fl-ef"/>
      </object_component>
      <object_component id="oc-4da">
         <name>.text:HOSTopen</name>
         <load_address>0x200088f4</load_address>
         <run_address>0x200088f4</run_address>
         <size>0x60</size>
         <input_file_ref idref="fl-f6"/>
      </object_component>
      <object_component id="oc-50d">
         <name>.text:close</name>
         <load_address>0x20008954</load_address>
         <run_address>0x20008954</run_address>
         <size>0x5c</size>
         <input_file_ref idref="fl-106"/>
      </object_component>
      <object_component id="oc-3af">
         <name>.text:frexp</name>
         <load_address>0x200089b0</load_address>
         <run_address>0x200089b0</run_address>
         <size>0x5c</size>
         <input_file_ref idref="fl-e3"/>
      </object_component>
      <object_component id="oc-4e6">
         <name>.text:HOSTread</name>
         <load_address>0x20008a0c</load_address>
         <run_address>0x20008a0c</run_address>
         <size>0x58</size>
         <input_file_ref idref="fl-f7"/>
      </object_component>
      <object_component id="oc-4ec">
         <name>.text:HOSTwrite</name>
         <load_address>0x20008a64</load_address>
         <run_address>0x20008a64</run_address>
         <size>0x58</size>
         <input_file_ref idref="fl-fa"/>
      </object_component>
      <object_component id="oc-122">
         <name>.text:PRCMPeripheralReset</name>
         <load_address>0x20008abc</load_address>
         <run_address>0x20008abc</run_address>
         <size>0x58</size>
         <input_file_ref idref="fl-10b"/>
      </object_component>
      <object_component id="oc-2d7">
         <name>.text:_pconv_f</name>
         <load_address>0x20008b14</load_address>
         <run_address>0x20008b14</run_address>
         <size>0x56</size>
         <input_file_ref idref="fl-d8"/>
      </object_component>
      <object_component id="oc-384">
         <name>.text:ltoa</name>
         <load_address>0x20008b6a</load_address>
         <run_address>0x20008b6a</run_address>
         <size>0x54</size>
         <input_file_ref idref="fl-de"/>
      </object_component>
      <object_component id="oc-394">
         <name>.text:_ecpy</name>
         <load_address>0x20008bbe</load_address>
         <run_address>0x20008bbe</run_address>
         <size>0x52</size>
         <input_file_ref idref="fl-d8"/>
      </object_component>
      <object_component id="oc-3ef">
         <name>.text:__TI_doflush</name>
         <load_address>0x20008c10</load_address>
         <run_address>0x20008c10</run_address>
         <size>0x4c</size>
         <input_file_ref idref="fl-f0"/>
      </object_component>
      <object_component id="oc-2c0">
         <name>.text:atoi</name>
         <load_address>0x20008c5c</load_address>
         <run_address>0x20008c5c</run_address>
         <size>0x4c</size>
         <input_file_ref idref="fl-d9"/>
      </object_component>
      <object_component id="oc-147">
         <name>.text:exit</name>
         <load_address>0x20008ca8</load_address>
         <run_address>0x20008ca8</run_address>
         <size>0x48</size>
         <input_file_ref idref="fl-ca"/>
      </object_component>
      <object_component id="oc-37f">
         <name>.text</name>
         <load_address>0x20008cf0</load_address>
         <run_address>0x20008cf0</run_address>
         <size>0x48</size>
         <input_file_ref idref="fl-eb"/>
      </object_component>
      <object_component id="oc-4e0">
         <name>.text:HOSTclose</name>
         <load_address>0x20008d38</load_address>
         <run_address>0x20008d38</run_address>
         <size>0x44</size>
         <input_file_ref idref="fl-f4"/>
      </object_component>
      <object_component id="oc-4f8">
         <name>.text:HOSTunlink</name>
         <load_address>0x20008d7c</load_address>
         <run_address>0x20008d7c</run_address>
         <size>0x44</size>
         <input_file_ref idref="fl-f9"/>
      </object_component>
      <object_component id="oc-14d">
         <name>.text:__TI_auto_init_nobinit_nopinit:__TI_auto_init_nobinit_nopinit</name>
         <load_address>0x20008dc0</load_address>
         <run_address>0x20008dc0</run_address>
         <size>0x44</size>
         <input_file_ref idref="fl-d5"/>
      </object_component>
      <object_component id="oc-542">
         <name>.text:getdevice</name>
         <load_address>0x20008e04</load_address>
         <run_address>0x20008e04</run_address>
         <size>0x44</size>
         <input_file_ref idref="fl-101"/>
      </object_component>
      <object_component id="oc-23e">
         <name>.text:PinModeSet</name>
         <load_address>0x20008e48</load_address>
         <run_address>0x20008e48</run_address>
         <size>0x40</size>
         <input_file_ref idref="fl-10a"/>
      </object_component>
      <object_component id="oc-3a7">
         <name>.text:_fcpy</name>
         <load_address>0x20008e88</load_address>
         <run_address>0x20008e88</run_address>
         <size>0x3e</size>
         <input_file_ref idref="fl-d8"/>
      </object_component>
      <object_component id="oc-11c">
         <name>.text:PRCMPeripheralClkEnable</name>
         <load_address>0x20008ec8</load_address>
         <run_address>0x20008ec8</run_address>
         <size>0x3c</size>
         <input_file_ref idref="fl-10b"/>
      </object_component>
      <object_component id="oc-4c3">
         <name>.text:minsert</name>
         <load_address>0x20008f04</load_address>
         <run_address>0x20008f04</run_address>
         <size>0x3c</size>
         <input_file_ref idref="fl-cb"/>
      </object_component>
      <object_component id="oc-51e">
         <name>.text:__TI_writemsg</name>
         <load_address>0x20008f40</load_address>
         <run_address>0x20008f40</run_address>
         <size>0x38</size>
         <input_file_ref idref="fl-fb"/>
      </object_component>
      <object_component id="oc-4b7">
         <name>.text:minit</name>
         <load_address>0x20008f78</load_address>
         <run_address>0x20008f78</run_address>
         <size>0x38</size>
         <input_file_ref idref="fl-cb"/>
      </object_component>
      <object_component id="oc-24a">
         <name>.text:GPIODirModeSet</name>
         <load_address>0x20008fb0</load_address>
         <run_address>0x20008fb0</run_address>
         <size>0x36</size>
         <input_file_ref idref="fl-107"/>
      </object_component>
      <object_component id="oc-564">
         <name>.text:strncpy</name>
         <load_address>0x20008fe6</load_address>
         <run_address>0x20008fe6</run_address>
         <size>0x36</size>
         <input_file_ref idref="fl-104"/>
      </object_component>
      <object_component id="oc-48f">
         <name>.text:__TI_cleanup</name>
         <load_address>0x2000901c</load_address>
         <run_address>0x2000901c</run_address>
         <size>0x34</size>
         <input_file_ref idref="fl-fd"/>
      </object_component>
      <object_component id="oc-524">
         <name>.text:__TI_readmsg</name>
         <load_address>0x20009050</load_address>
         <run_address>0x20009050</run_address>
         <size>0x34</size>
         <input_file_ref idref="fl-fb"/>
      </object_component>
      <object_component id="oc-116">
         <name>.text</name>
         <load_address>0x20009084</load_address>
         <run_address>0x20009084</run_address>
         <size>0x34</size>
         <input_file_ref idref="fl-8"/>
      </object_component>
      <object_component id="oc-c8">
         <name>.text:rand</name>
         <load_address>0x200090b8</load_address>
         <run_address>0x200090b8</run_address>
         <size>0x34</size>
         <input_file_ref idref="fl-d0"/>
      </object_component>
      <object_component id="oc-244">
         <name>.text:PinTypeGPIO</name>
         <load_address>0x200090ec</load_address>
         <run_address>0x200090ec</run_address>
         <size>0x30</size>
         <input_file_ref idref="fl-10a"/>
      </object_component>
      <object_component id="oc-56a">
         <name>.text:finddevice</name>
         <load_address>0x2000911c</load_address>
         <run_address>0x2000911c</run_address>
         <size>0x30</size>
         <input_file_ref idref="fl-101"/>
      </object_component>
      <object_component id="oc-38a">
         <name>.text</name>
         <load_address>0x2000914c</load_address>
         <run_address>0x2000914c</run_address>
         <size>0x2e</size>
         <input_file_ref idref="fl-ec"/>
      </object_component>
      <object_component id="oc-1c0">
         <name>.text:I2CMasterErr</name>
         <load_address>0x2000917a</load_address>
         <run_address>0x2000917a</run_address>
         <size>0x2c</size>
         <input_file_ref idref="fl-108"/>
      </object_component>
      <object_component id="oc-224">
         <name>.text:PRCMSysResetCauseGet</name>
         <load_address>0x200091a8</load_address>
         <run_address>0x200091a8</run_address>
         <size>0x2c</size>
         <input_file_ref idref="fl-10b"/>
      </object_component>
      <object_component id="oc-10a">
         <name>.text</name>
         <load_address>0x200091d4</load_address>
         <run_address>0x200091d4</run_address>
         <size>0x2c</size>
         <input_file_ref idref="fl-7"/>
      </object_component>
      <object_component id="oc-513">
         <name>.text:unlink</name>
         <load_address>0x20009200</load_address>
         <run_address>0x20009200</run_address>
         <size>0x2c</size>
         <input_file_ref idref="fl-105"/>
      </object_component>
      <object_component id="oc-1de">
         <name>.text:PRCMPeripheralClkDisable</name>
         <load_address>0x2000922c</load_address>
         <run_address>0x2000922c</run_address>
         <size>0x28</size>
         <input_file_ref idref="fl-10b"/>
      </object_component>
      <object_component id="oc-58">
         <name>.text:_c_int00_noargs:_c_int00_noargs</name>
         <load_address>0x20009254</load_address>
         <run_address>0x20009254</run_address>
         <size>0x28</size>
         <input_file_ref idref="fl-c9"/>
      </object_component>
      <object_component id="oc-47b">
         <name>.text:lseek</name>
         <load_address>0x2000927c</load_address>
         <run_address>0x2000927c</run_address>
         <size>0x28</size>
         <input_file_ref idref="fl-f2"/>
      </object_component>
      <object_component id="oc-4bd">
         <name>.text:mremove</name>
         <load_address>0x200092a4</load_address>
         <run_address>0x200092a4</run_address>
         <size>0x28</size>
         <input_file_ref idref="fl-cb"/>
      </object_component>
      <object_component id="oc-3f5">
         <name>.text:write</name>
         <load_address>0x200092cc</load_address>
         <run_address>0x200092cc</run_address>
         <size>0x28</size>
         <input_file_ref idref="fl-e2"/>
      </object_component>
      <object_component id="oc-1c6">
         <name>.text:I2CMasterSlaveAddrSet</name>
         <load_address>0x200092f4</load_address>
         <run_address>0x200092f4</run_address>
         <size>0x22</size>
         <input_file_ref idref="fl-108"/>
      </object_component>
      <object_component id="oc-128">
         <name>.text:SPIReset</name>
         <load_address>0x20009316</load_address>
         <run_address>0x20009316</run_address>
         <size>0x22</size>
         <input_file_ref idref="fl-10c"/>
      </object_component>
      <object_component id="oc-17f">
         <name>.text:GPIOPinWrite</name>
         <load_address>0x20009338</load_address>
         <run_address>0x20009338</run_address>
         <size>0x20</size>
         <input_file_ref idref="fl-107"/>
      </object_component>
      <object_component id="oc-191">
         <name>.text:SPIDataGet</name>
         <load_address>0x20009358</load_address>
         <run_address>0x20009358</run_address>
         <size>0x20</size>
         <input_file_ref idref="fl-10c"/>
      </object_component>
      <object_component id="oc-3e9">
         <name>.text:memchr</name>
         <load_address>0x20009378</load_address>
         <run_address>0x20009378</run_address>
         <size>0x20</size>
         <input_file_ref idref="fl-e0"/>
      </object_component>
      <object_component id="oc-1a8">
         <name>.text:I2CMasterIntStatusEx</name>
         <load_address>0x20009398</load_address>
         <run_address>0x20009398</run_address>
         <size>0x1e</size>
         <input_file_ref idref="fl-108"/>
      </object_component>
      <object_component id="oc-18b">
         <name>.text:SPIDataPut</name>
         <load_address>0x200093b6</load_address>
         <run_address>0x200093b6</run_address>
         <size>0x1e</size>
         <input_file_ref idref="fl-10c"/>
      </object_component>
      <object_component id="oc-257">
         <name>.text:PinTypeI2C</name>
         <load_address>0x200093d4</load_address>
         <run_address>0x200093d4</run_address>
         <size>0x1c</size>
         <input_file_ref idref="fl-10a"/>
      </object_component>
      <object_component id="oc-2e9">
         <name>.text:memccpy</name>
         <load_address>0x200093f0</load_address>
         <run_address>0x200093f0</run_address>
         <size>0x1c</size>
         <input_file_ref idref="fl-df"/>
      </object_component>
      <object_component id="oc-237">
         <name>.text:PinTypeSPI</name>
         <load_address>0x2000940c</load_address>
         <run_address>0x2000940c</run_address>
         <size>0x1a</size>
         <input_file_ref idref="fl-10a"/>
      </object_component>
      <object_component id="oc-251">
         <name>.text:PinTypeUART</name>
         <load_address>0x20009426</load_address>
         <run_address>0x20009426</run_address>
         <size>0x1a</size>
         <input_file_ref idref="fl-10a"/>
      </object_component>
      <object_component id="oc-185">
         <name>.text:SPICSEnable</name>
         <load_address>0x20009440</load_address>
         <run_address>0x20009440</run_address>
         <size>0x18</size>
         <input_file_ref idref="fl-10c"/>
      </object_component>
      <object_component id="oc-13a">
         <name>.text:SPIEnable</name>
         <load_address>0x20009458</load_address>
         <run_address>0x20009458</run_address>
         <size>0x18</size>
         <input_file_ref idref="fl-10c"/>
      </object_component>
      <object_component id="oc-581">
         <name>.text:strcmp</name>
         <load_address>0x20009470</load_address>
         <run_address>0x20009470</run_address>
         <size>0x18</size>
         <input_file_ref idref="fl-103"/>
      </object_component>
      <object_component id="oc-1cc">
         <name>.text:I2CMasterDataPut</name>
         <load_address>0x20009488</load_address>
         <run_address>0x20009488</run_address>
         <size>0x16</size>
         <input_file_ref idref="fl-108"/>
      </object_component>
      <object_component id="oc-2ab">
         <name>.text:I2CMasterEnable</name>
         <load_address>0x2000949e</load_address>
         <run_address>0x2000949e</run_address>
         <size>0x16</size>
         <input_file_ref idref="fl-108"/>
      </object_component>
      <object_component id="oc-22a">
         <name>.text:PRCMHIBRegRead</name>
         <load_address>0x200094b4</load_address>
         <run_address>0x200094b4</run_address>
         <size>0x16</size>
         <input_file_ref idref="fl-10b"/>
      </object_component>
      <object_component id="oc-230">
         <name>.text:PRCMHIBRegWrite</name>
         <load_address>0x200094ca</load_address>
         <run_address>0x200094ca</run_address>
         <size>0x16</size>
         <input_file_ref idref="fl-10b"/>
      </object_component>
      <object_component id="oc-3bb">
         <name>.text:strchr</name>
         <load_address>0x200094e0</load_address>
         <run_address>0x200094e0</run_address>
         <size>0x16</size>
         <input_file_ref idref="fl-e1"/>
      </object_component>
      <object_component id="oc-219">
         <name>.text:CPUcpsie</name>
         <load_address>0x200094f6</load_address>
         <run_address>0x200094f6</run_address>
         <size>0x14</size>
         <input_file_ref idref="fl-10f"/>
      </object_component>
      <object_component id="oc-f2">
         <name>.text:IntVTableBaseSet</name>
         <load_address>0x2000950c</load_address>
         <run_address>0x2000950c</run_address>
         <size>0x14</size>
         <input_file_ref idref="fl-109"/>
      </object_component>
      <object_component id="oc-538">
         <name>.text:strcpy</name>
         <load_address>0x20009520</load_address>
         <run_address>0x20009520</run_address>
         <size>0x14</size>
         <input_file_ref idref="fl-ff"/>
      </object_component>
      <object_component id="oc-2ba">
         <name>.text:strlen</name>
         <load_address>0x20009534</load_address>
         <run_address>0x20009534</run_address>
         <size>0x14</size>
         <input_file_ref idref="fl-d1"/>
      </object_component>
      <object_component id="oc-1ba">
         <name>.text:I2CMasterControl</name>
         <load_address>0x20009548</load_address>
         <run_address>0x20009548</run_address>
         <size>0x12</size>
         <input_file_ref idref="fl-108"/>
      </object_component>
      <object_component id="oc-1ae">
         <name>.text:I2CMasterIntClearEx</name>
         <load_address>0x2000955a</load_address>
         <run_address>0x2000955a</run_address>
         <size>0x12</size>
         <input_file_ref idref="fl-108"/>
      </object_component>
      <object_component id="oc-1b4">
         <name>.text:I2CMasterTimeoutSet</name>
         <load_address>0x2000956c</load_address>
         <run_address>0x2000956c</run_address>
         <size>0x12</size>
         <input_file_ref idref="fl-108"/>
      </object_component>
      <object_component id="oc-46">
         <name>.text:decompress:ZI:__TI_zero_init_nomemset:__TI_zero_init_nomemset</name>
         <load_address>0x2000957e</load_address>
         <run_address>0x2000957e</run_address>
         <size>0x12</size>
         <input_file_ref idref="fl-c6"/>
      </object_component>
      <object_component id="oc-2ef">
         <name>.text:wcslen</name>
         <load_address>0x20009590</load_address>
         <run_address>0x20009590</run_address>
         <size>0x12</size>
         <input_file_ref idref="fl-e6"/>
      </object_component>
      <object_component id="oc-1d2">
         <name>.text:I2CMasterDataGet</name>
         <load_address>0x200095a2</load_address>
         <run_address>0x200095a2</run_address>
         <size>0xe</size>
         <input_file_ref idref="fl-108"/>
      </object_component>
      <object_component id="oc-18">
         <name>.text:decompress:none:__TI_decompress_none</name>
         <load_address>0x200095b0</load_address>
         <run_address>0x200095b0</run_address>
         <size>0xe</size>
         <input_file_ref idref="fl-c7"/>
      </object_component>
      <object_component id="oc-26">
         <name>.text</name>
         <load_address>0x200095be</load_address>
         <run_address>0x200095be</run_address>
         <size>0xe</size>
         <input_file_ref idref="fl-9"/>
      </object_component>
      <object_component id="oc-f8">
         <name>.text:IntMasterEnable</name>
         <load_address>0x200095cc</load_address>
         <run_address>0x200095cc</run_address>
         <size>0xa</size>
         <input_file_ref idref="fl-109"/>
      </object_component>
      <object_component id="oc-2f5">
         <name>.text:__aeabi_errno_addr</name>
         <load_address>0x200095d8</load_address>
         <run_address>0x200095d8</run_address>
         <size>0x8</size>
         <input_file_ref idref="fl-ee"/>
      </object_component>
      <object_component id="oc-431">
         <name>.text:copysign</name>
         <load_address>0x200095e0</load_address>
         <run_address>0x200095e0</run_address>
         <size>0x8</size>
         <input_file_ref idref="fl-e5"/>
      </object_component>
      <object_component id="oc-32a">
         <name>.text:UtilsDelay</name>
         <load_address>0x200095e8</load_address>
         <run_address>0x200095e8</run_address>
         <size>0x6</size>
         <input_file_ref idref="fl-10e"/>
      </object_component>
      <object_component id="oc-1fb">
         <name>.text:_outc</name>
         <load_address>0x200095ee</load_address>
         <run_address>0x200095ee</run_address>
         <size>0x4</size>
         <input_file_ref idref="fl-cf"/>
      </object_component>
      <object_component id="oc-1f5">
         <name>.text:_outs</name>
         <load_address>0x200095f2</load_address>
         <run_address>0x200095f2</run_address>
         <size>0x4</size>
         <input_file_ref idref="fl-cf"/>
      </object_component>
      <object_component id="oc-8e">
         <name>.text:_system_pre_init</name>
         <load_address>0x200095f6</load_address>
         <run_address>0x200095f6</run_address>
         <size>0x4</size>
         <input_file_ref idref="fl-d6"/>
      </object_component>
      <object_component id="oc-141">
         <name>.text:abort:abort</name>
         <load_address>0x200095fa</load_address>
         <run_address>0x200095fa</run_address>
         <size>0x4</size>
         <input_file_ref idref="fl-ca"/>
      </object_component>
      <object_component id="oc-1a0">
         <name>.const:.string:font</name>
         <load_address>0x20009600</load_address>
         <run_address>0x20009600</run_address>
         <size>0x4fb</size>
         <input_file_ref idref="fl-2"/>
      </object_component>
      <object_component id="oc-e6">
         <name>.const:.string:font</name>
         <load_address>0x20009afb</load_address>
         <run_address>0x20009afb</run_address>
         <size>0x4fb</size>
         <input_file_ref idref="fl-5"/>
      </object_component>
      <object_component id="oc-364">
         <name>.const:.string:_ctypes_</name>
         <load_address>0x20009ff6</load_address>
         <run_address>0x20009ff6</run_address>
         <size>0x101</size>
         <input_file_ref idref="fl-da"/>
      </object_component>
      <object_component id="oc-334">
         <name>.const:g_ulPinToPadMap</name>
         <load_address>0x2000a0f8</load_address>
         <run_address>0x2000a0f8</run_address>
         <size>0x100</size>
         <input_file_ref idref="fl-10a"/>
      </object_component>
      <object_component id="oc-25e">
         <name>.const:PRCM_PeriphRegsList</name>
         <load_address>0x2000a1f8</load_address>
         <run_address>0x2000a1f8</run_address>
         <size>0xa8</size>
         <input_file_ref idref="fl-10b"/>
      </object_component>
      <object_component id="oc-220">
         <name>.const</name>
         <load_address>0x2000a2a0</load_address>
         <run_address>0x2000a2a0</run_address>
         <size>0x80</size>
         <input_file_ref idref="fl-109"/>
      </object_component>
      <object_component id="oc-5b9">
         <name>.cinit..data.load</name>
         <load_address>0x2000a320</load_address>
         <run_address>0x2000a320</run_address>
         <size>0x80</size>
      </object_component>
      <object_component id="oc-5b7">
         <name>__TI_handler_table</name>
         <load_address>0x2000a3a0</load_address>
         <run_address>0x2000a3a0</run_address>
         <size>0xc</size>
      </object_component>
      <object_component id="oc-5ba">
         <name>.cinit..bss.load</name>
         <load_address>0x2000a3b0</load_address>
         <run_address>0x2000a3b0</run_address>
         <size>0x8</size>
      </object_component>
      <object_component id="oc-5b8">
         <name>__TI_cinit_table</name>
         <load_address>0x2000a3b8</load_address>
         <run_address>0x2000a3b8</run_address>
         <size>0x10</size>
      </object_component>
      <object_component id="oc-1a3">
         <name>.data</name>
         <load_address>0x200179b8</load_address>
         <run_address>0x200179b8</run_address>
         <size>0x15</size>
         <input_file_ref idref="fl-2"/>
      </object_component>
      <object_component id="oc-e9">
         <name>.data</name>
         <load_address>0x20017a00</load_address>
         <run_address>0x20017a00</run_address>
         <size>0x4</size>
         <input_file_ref idref="fl-5"/>
      </object_component>
      <object_component id="oc-269">
         <name>.data:$O1$$</name>
         <load_address>0x200179e0</load_address>
         <run_address>0x200179e0</run_address>
         <size>0xc</size>
         <input_file_ref idref="fl-ca"/>
      </object_component>
      <object_component id="oc-4c9">
         <name>.data:$O1$$</name>
         <load_address>0x200179ec</load_address>
         <run_address>0x200179ec</run_address>
         <size>0xc</size>
         <input_file_ref idref="fl-cb"/>
      </object_component>
      <object_component id="oc-199">
         <name>.data:$O1$$</name>
         <load_address>0x200179f8</load_address>
         <run_address>0x200179f8</run_address>
         <size>0x8</size>
         <input_file_ref idref="fl-cc"/>
      </object_component>
      <object_component id="oc-19c">
         <name>.data</name>
         <load_address>0x20017a08</load_address>
         <run_address>0x20017a08</run_address>
         <size>0x4</size>
         <input_file_ref idref="fl-d0"/>
      </object_component>
      <object_component id="oc-1f2">
         <name>.data:_ftable</name>
         <load_address>0x20017800</load_address>
         <run_address>0x20017800</run_address>
         <size>0xf0</size>
         <input_file_ref idref="fl-db"/>
      </object_component>
      <object_component id="oc-4d4">
         <name>.data</name>
         <load_address>0x200179d0</load_address>
         <run_address>0x200179d0</run_address>
         <size>0x10</size>
         <input_file_ref idref="fl-db"/>
      </object_component>
      <object_component id="oc-4a2">
         <name>.data:_device</name>
         <load_address>0x200178f0</load_address>
         <run_address>0x200178f0</run_address>
         <size>0x78</size>
         <input_file_ref idref="fl-e2"/>
      </object_component>
      <object_component id="oc-45f">
         <name>.data:_stream</name>
         <load_address>0x20017968</load_address>
         <run_address>0x20017968</run_address>
         <size>0x50</size>
         <input_file_ref idref="fl-e2"/>
      </object_component>
      <object_component id="oc-3cb">
         <name>.data</name>
         <load_address>0x20017a04</load_address>
         <run_address>0x20017a04</run_address>
         <size>0x4</size>
         <input_file_ref idref="fl-ee"/>
      </object_component>
      <object_component id="oc-54c">
         <name>.bss:_CIOBUF_</name>
         <uninitialized>true</uninitialized>
         <run_address>0x20017a0c</run_address>
         <size>0x120</size>
         <input_file_ref idref="fl-fb"/>
      </object_component>
      <object_component id="oc-ec">
         <name>.common:x</name>
         <uninitialized>true</uninitialized>
         <run_address>0x20017bd4</run_address>
         <size>0x4</size>
      </object_component>
      <object_component id="oc-f0">
         <name>.common:y</name>
         <uninitialized>true</uninitialized>
         <run_address>0x20017bdc</run_address>
         <size>0x4</size>
      </object_component>
      <object_component id="oc-ef">
         <name>.common:x2</name>
         <uninitialized>true</uninitialized>
         <run_address>0x20017bd8</run_address>
         <size>0x4</size>
      </object_component>
      <object_component id="oc-f1">
         <name>.common:y2</name>
         <uninitialized>true</uninitialized>
         <run_address>0x20017be0</run_address>
         <size>0x4</size>
      </object_component>
      <object_component id="oc-519">
         <name>.common:__TI_tmpnams</name>
         <uninitialized>true</uninitialized>
         <run_address>0x20017b2c</run_address>
         <size>0xa0</size>
      </object_component>
      <object_component id="oc-52a">
         <name>.common:parmbuf</name>
         <uninitialized>true</uninitialized>
         <run_address>0x20017bcc</run_address>
         <size>0x8</size>
      </object_component>
      <object_component id="oc-23">
         <name>.sysmem</name>
         <uninitialized>true</uninitialized>
         <run_address>0x20017000</run_address>
         <size>0x8</size>
         <input_file_ref idref="fl-cb"/>
      </object_component>
      <object_component id="oc-5bc">
         <name>.sysmem</name>
         <uninitialized>true</uninitialized>
         <run_address>0x20017000</run_address>
         <size>0x0</size>
      </object_component>
      <object_component id="oc-20">
         <name>.stack</name>
         <uninitialized>true</uninitialized>
         <run_address>0x2002f800</run_address>
         <size>0x4</size>
         <input_file_ref idref="fl-c9"/>
      </object_component>
      <object_component id="oc-5bb">
         <name>.stack</name>
         <uninitialized>true</uninitialized>
         <run_address>0x2002f800</run_address>
         <size>0x0</size>
      </object_component>
      <object_component id="oc-1a7">
         <name>.debug_info</name>
         <load_address>0x0</load_address>
         <run_address>0x0</run_address>
         <size>0x216</size>
         <input_file_ref idref="fl-2"/>
      </object_component>
      <object_component id="oc-1a1">
         <name>.debug_info</name>
         <load_address>0x216</load_address>
         <run_address>0x216</run_address>
         <size>0xc8</size>
         <input_file_ref idref="fl-2"/>
      </object_component>
      <object_component id="oc-1a4">
         <name>.debug_info</name>
         <load_address>0x2de</load_address>
         <run_address>0x2de</run_address>
         <size>0x176</size>
         <input_file_ref idref="fl-2"/>
      </object_component>
      <object_component id="oc-cf">
         <name>.debug_info</name>
         <load_address>0x454</load_address>
         <run_address>0x454</run_address>
         <size>0x1534</size>
         <input_file_ref idref="fl-2"/>
      </object_component>
      <object_component id="oc-35">
         <name>.debug_info</name>
         <load_address>0x1988</load_address>
         <run_address>0x1988</run_address>
         <size>0x84</size>
         <input_file_ref idref="fl-2"/>
      </object_component>
      <object_component id="oc-198">
         <name>.debug_info</name>
         <load_address>0x1a0c</load_address>
         <run_address>0x1a0c</run_address>
         <size>0x258</size>
         <input_file_ref idref="fl-3"/>
      </object_component>
      <object_component id="oc-c4">
         <name>.debug_info</name>
         <load_address>0x1c64</load_address>
         <run_address>0x1c64</run_address>
         <size>0xe36</size>
         <input_file_ref idref="fl-3"/>
      </object_component>
      <object_component id="oc-20e">
         <name>.debug_info</name>
         <load_address>0x2a9a</load_address>
         <run_address>0x2a9a</run_address>
         <size>0x26b</size>
         <input_file_ref idref="fl-3"/>
      </object_component>
      <object_component id="oc-340">
         <name>.debug_info</name>
         <load_address>0x2d05</load_address>
         <run_address>0x2d05</run_address>
         <size>0x62</size>
         <input_file_ref idref="fl-3"/>
      </object_component>
      <object_component id="oc-320">
         <name>.debug_info</name>
         <load_address>0x2d67</load_address>
         <run_address>0x2d67</run_address>
         <size>0x297</size>
         <input_file_ref idref="fl-3"/>
      </object_component>
      <object_component id="oc-213">
         <name>.debug_info</name>
         <load_address>0x2ffe</load_address>
         <run_address>0x2ffe</run_address>
         <size>0x2c</size>
         <input_file_ref idref="fl-3"/>
      </object_component>
      <object_component id="oc-b9">
         <name>.debug_info</name>
         <load_address>0x302a</load_address>
         <run_address>0x302a</run_address>
         <size>0x2c</size>
         <input_file_ref idref="fl-3"/>
      </object_component>
      <object_component id="oc-203">
         <name>.debug_info</name>
         <load_address>0x3056</load_address>
         <run_address>0x3056</run_address>
         <size>0x2c</size>
         <input_file_ref idref="fl-3"/>
      </object_component>
      <object_component id="oc-1ea">
         <name>.debug_info</name>
         <load_address>0x3082</load_address>
         <run_address>0x3082</run_address>
         <size>0x46d</size>
         <input_file_ref idref="fl-4"/>
      </object_component>
      <object_component id="oc-d5">
         <name>.debug_info</name>
         <load_address>0x34ef</load_address>
         <run_address>0x34ef</run_address>
         <size>0xbab</size>
         <input_file_ref idref="fl-4"/>
      </object_component>
      <object_component id="oc-1e5">
         <name>.debug_info</name>
         <load_address>0x409a</load_address>
         <run_address>0x409a</run_address>
         <size>0x8b</size>
         <input_file_ref idref="fl-4"/>
      </object_component>
      <object_component id="oc-2b5">
         <name>.debug_info</name>
         <load_address>0x4125</load_address>
         <run_address>0x4125</run_address>
         <size>0xbb</size>
         <input_file_ref idref="fl-4"/>
      </object_component>
      <object_component id="oc-ed">
         <name>.debug_info</name>
         <load_address>0x41e0</load_address>
         <run_address>0x41e0</run_address>
         <size>0x7d1</size>
         <input_file_ref idref="fl-5"/>
      </object_component>
      <object_component id="oc-e7">
         <name>.debug_info</name>
         <load_address>0x49b1</load_address>
         <run_address>0x49b1</run_address>
         <size>0xc0</size>
         <input_file_ref idref="fl-5"/>
      </object_component>
      <object_component id="oc-ea">
         <name>.debug_info</name>
         <load_address>0x4a71</load_address>
         <run_address>0x4a71</run_address>
         <size>0xbb</size>
         <input_file_ref idref="fl-5"/>
      </object_component>
      <object_component id="oc-96">
         <name>.debug_info</name>
         <load_address>0x4b2c</load_address>
         <run_address>0x4b2c</run_address>
         <size>0x9d7</size>
         <input_file_ref idref="fl-5"/>
      </object_component>
      <object_component id="oc-112">
         <name>.debug_info</name>
         <load_address>0x5503</load_address>
         <run_address>0x5503</run_address>
         <size>0x2a9</size>
         <input_file_ref idref="fl-6"/>
      </object_component>
      <object_component id="oc-10e">
         <name>.debug_info</name>
         <load_address>0x57ac</load_address>
         <run_address>0x57ac</run_address>
         <size>0x165</size>
         <input_file_ref idref="fl-7"/>
      </object_component>
      <object_component id="oc-118">
         <name>.debug_info</name>
         <load_address>0x5911</load_address>
         <run_address>0x5911</run_address>
         <size>0x188</size>
         <input_file_ref idref="fl-8"/>
      </object_component>
      <object_component id="oc-2e">
         <name>.debug_info</name>
         <load_address>0x5a99</load_address>
         <run_address>0x5a99</run_address>
         <size>0x186</size>
         <input_file_ref idref="fl-9"/>
      </object_component>
      <object_component id="oc-10">
         <name>.debug_info</name>
         <load_address>0x5c1f</load_address>
         <run_address>0x5c1f</run_address>
         <size>0x105</size>
         <input_file_ref idref="fl-9"/>
      </object_component>
      <object_component id="oc-27">
         <name>.debug_info</name>
         <load_address>0x5d24</load_address>
         <run_address>0x5d24</run_address>
         <size>0x426</size>
         <input_file_ref idref="fl-9"/>
      </object_component>
      <object_component id="oc-dc">
         <name>.debug_info</name>
         <load_address>0x614a</load_address>
         <run_address>0x614a</run_address>
         <size>0xd92</size>
         <input_file_ref idref="fl-a"/>
      </object_component>
      <object_component id="oc-87">
         <name>.debug_info</name>
         <load_address>0x6edc</load_address>
         <run_address>0x6edc</run_address>
         <size>0x1e5</size>
         <input_file_ref idref="fl-c6"/>
      </object_component>
      <object_component id="oc-48">
         <name>.debug_info</name>
         <load_address>0x70c1</load_address>
         <run_address>0x70c1</run_address>
         <size>0x1b4</size>
         <input_file_ref idref="fl-c6"/>
      </object_component>
      <object_component id="oc-82">
         <name>.debug_info</name>
         <load_address>0x7275</load_address>
         <run_address>0x7275</run_address>
         <size>0x46</size>
         <input_file_ref idref="fl-c6"/>
      </object_component>
      <object_component id="oc-45">
         <name>.debug_info</name>
         <load_address>0x72bb</load_address>
         <run_address>0x72bb</run_address>
         <size>0x16f</size>
         <input_file_ref idref="fl-c7"/>
      </object_component>
      <object_component id="oc-1c">
         <name>.debug_info</name>
         <load_address>0x742a</load_address>
         <run_address>0x742a</run_address>
         <size>0x1df</size>
         <input_file_ref idref="fl-c7"/>
      </object_component>
      <object_component id="oc-40">
         <name>.debug_info</name>
         <load_address>0x7609</load_address>
         <run_address>0x7609</run_address>
         <size>0x46</size>
         <input_file_ref idref="fl-c7"/>
      </object_component>
      <object_component id="oc-7a">
         <name>.debug_info</name>
         <load_address>0x764f</load_address>
         <run_address>0x764f</run_address>
         <size>0x2c</size>
         <input_file_ref idref="fl-c7"/>
      </object_component>
      <object_component id="oc-78">
         <name>.debug_info</name>
         <load_address>0x767b</load_address>
         <run_address>0x767b</run_address>
         <size>0x165</size>
         <input_file_ref idref="fl-c8"/>
      </object_component>
      <object_component id="oc-14">
         <name>.debug_info</name>
         <load_address>0x77e0</load_address>
         <run_address>0x77e0</run_address>
         <size>0x245</size>
         <input_file_ref idref="fl-c8"/>
      </object_component>
      <object_component id="oc-30">
         <name>.debug_info</name>
         <load_address>0x7a25</load_address>
         <run_address>0x7a25</run_address>
         <size>0x60</size>
         <input_file_ref idref="fl-c8"/>
      </object_component>
      <object_component id="oc-b2">
         <name>.debug_info</name>
         <load_address>0x7a85</load_address>
         <run_address>0x7a85</run_address>
         <size>0x46</size>
         <input_file_ref idref="fl-c8"/>
      </object_component>
      <object_component id="oc-73">
         <name>.debug_info</name>
         <load_address>0x7acb</load_address>
         <run_address>0x7acb</run_address>
         <size>0x39</size>
         <input_file_ref idref="fl-c8"/>
      </object_component>
      <object_component id="oc-21">
         <name>.debug_info</name>
         <load_address>0x7b04</load_address>
         <run_address>0x7b04</run_address>
         <size>0x100</size>
         <input_file_ref idref="fl-c9"/>
      </object_component>
      <object_component id="oc-5c">
         <name>.debug_info</name>
         <load_address>0x7c04</load_address>
         <run_address>0x7c04</run_address>
         <size>0x1a4</size>
         <input_file_ref idref="fl-c9"/>
      </object_component>
      <object_component id="oc-26d">
         <name>.debug_info</name>
         <load_address>0x7da8</load_address>
         <run_address>0x7da8</run_address>
         <size>0x274</size>
         <input_file_ref idref="fl-ca"/>
      </object_component>
      <object_component id="oc-26a">
         <name>.debug_info</name>
         <load_address>0x801c</load_address>
         <run_address>0x801c</run_address>
         <size>0x185</size>
         <input_file_ref idref="fl-ca"/>
      </object_component>
      <object_component id="oc-143">
         <name>.debug_info</name>
         <load_address>0x81a1</load_address>
         <run_address>0x81a1</run_address>
         <size>0x117</size>
         <input_file_ref idref="fl-ca"/>
      </object_component>
      <object_component id="oc-149">
         <name>.debug_info</name>
         <load_address>0x82b8</load_address>
         <run_address>0x82b8</run_address>
         <size>0x179</size>
         <input_file_ref idref="fl-ca"/>
      </object_component>
      <object_component id="oc-6e">
         <name>.debug_info</name>
         <load_address>0x8431</load_address>
         <run_address>0x8431</run_address>
         <size>0x28d</size>
         <input_file_ref idref="fl-cb"/>
      </object_component>
      <object_component id="oc-24">
         <name>.debug_info</name>
         <load_address>0x86be</load_address>
         <run_address>0x86be</run_address>
         <size>0x101</size>
         <input_file_ref idref="fl-cb"/>
      </object_component>
      <object_component id="oc-4ca">
         <name>.debug_info</name>
         <load_address>0x87bf</load_address>
         <run_address>0x87bf</run_address>
         <size>0x14c</size>
         <input_file_ref idref="fl-cb"/>
      </object_component>
      <object_component id="oc-4bb">
         <name>.debug_info</name>
         <load_address>0x890b</load_address>
         <run_address>0x890b</run_address>
         <size>0x139</size>
         <input_file_ref idref="fl-cb"/>
      </object_component>
      <object_component id="oc-4c1">
         <name>.debug_info</name>
         <load_address>0x8a44</load_address>
         <run_address>0x8a44</run_address>
         <size>0x174</size>
         <input_file_ref idref="fl-cb"/>
      </object_component>
      <object_component id="oc-4c7">
         <name>.debug_info</name>
         <load_address>0x8bb8</load_address>
         <run_address>0x8bb8</run_address>
         <size>0x172</size>
         <input_file_ref idref="fl-cb"/>
      </object_component>
      <object_component id="oc-48d">
         <name>.debug_info</name>
         <load_address>0x8d2a</load_address>
         <run_address>0x8d2a</run_address>
         <size>0x1db</size>
         <input_file_ref idref="fl-cb"/>
      </object_component>
      <object_component id="oc-487">
         <name>.debug_info</name>
         <load_address>0x8f05</load_address>
         <run_address>0x8f05</run_address>
         <size>0x1e6</size>
         <input_file_ref idref="fl-cb"/>
      </object_component>
      <object_component id="oc-a8">
         <name>.debug_info</name>
         <load_address>0x90eb</load_address>
         <run_address>0x90eb</run_address>
         <size>0x2c</size>
         <input_file_ref idref="fl-cb"/>
      </object_component>
      <object_component id="oc-ad">
         <name>.debug_info</name>
         <load_address>0x9117</load_address>
         <run_address>0x9117</run_address>
         <size>0x62</size>
         <input_file_ref idref="fl-cb"/>
      </object_component>
      <object_component id="oc-294">
         <name>.debug_info</name>
         <load_address>0x9179</load_address>
         <run_address>0x9179</run_address>
         <size>0x190</size>
         <input_file_ref idref="fl-cc"/>
      </object_component>
      <object_component id="oc-19a">
         <name>.debug_info</name>
         <load_address>0x9309</load_address>
         <run_address>0x9309</run_address>
         <size>0x113</size>
         <input_file_ref idref="fl-cc"/>
      </object_component>
      <object_component id="oc-28d">
         <name>.debug_info</name>
         <load_address>0x941c</load_address>
         <run_address>0x941c</run_address>
         <size>0x123</size>
         <input_file_ref idref="fl-cc"/>
      </object_component>
      <object_component id="oc-202">
         <name>.debug_info</name>
         <load_address>0x953f</load_address>
         <run_address>0x953f</run_address>
         <size>0x2ac</size>
         <input_file_ref idref="fl-cf"/>
      </object_component>
      <object_component id="oc-1ff">
         <name>.debug_info</name>
         <load_address>0x97eb</load_address>
         <run_address>0x97eb</run_address>
         <size>0x14c</size>
         <input_file_ref idref="fl-cf"/>
      </object_component>
      <object_component id="oc-1f8">
         <name>.debug_info</name>
         <load_address>0x9937</load_address>
         <run_address>0x9937</run_address>
         <size>0x15b</size>
         <input_file_ref idref="fl-cf"/>
      </object_component>
      <object_component id="oc-e2">
         <name>.debug_info</name>
         <load_address>0x9a92</load_address>
         <run_address>0x9a92</run_address>
         <size>0x1a1</size>
         <input_file_ref idref="fl-cf"/>
      </object_component>
      <object_component id="oc-31b">
         <name>.debug_info</name>
         <load_address>0x9c33</load_address>
         <run_address>0x9c33</run_address>
         <size>0xb2</size>
         <input_file_ref idref="fl-cf"/>
      </object_component>
      <object_component id="oc-19d">
         <name>.debug_info</name>
         <load_address>0x9ce5</load_address>
         <run_address>0x9ce5</run_address>
         <size>0xf0</size>
         <input_file_ref idref="fl-d0"/>
      </object_component>
      <object_component id="oc-cb">
         <name>.debug_info</name>
         <load_address>0x9dd5</load_address>
         <run_address>0x9dd5</run_address>
         <size>0x132</size>
         <input_file_ref idref="fl-d0"/>
      </object_component>
      <object_component id="oc-363">
         <name>.debug_info</name>
         <load_address>0x9f07</load_address>
         <run_address>0x9f07</run_address>
         <size>0x156</size>
         <input_file_ref idref="fl-d1"/>
      </object_component>
      <object_component id="oc-2bb">
         <name>.debug_info</name>
         <load_address>0xa05d</load_address>
         <run_address>0xa05d</run_address>
         <size>0x22a</size>
         <input_file_ref idref="fl-d1"/>
      </object_component>
      <object_component id="oc-3d2">
         <name>.debug_info</name>
         <load_address>0xa287</load_address>
         <run_address>0xa287</run_address>
         <size>0x2c</size>
         <input_file_ref idref="fl-d2"/>
      </object_component>
      <object_component id="oc-3b">
         <name>.debug_info</name>
         <load_address>0xa2b3</load_address>
         <run_address>0xa2b3</run_address>
         <size>0x111</size>
         <input_file_ref idref="fl-d3"/>
      </object_component>
      <object_component id="oc-8b">
         <name>.debug_info</name>
         <load_address>0xa3c4</load_address>
         <run_address>0xa3c4</run_address>
         <size>0x13f</size>
         <input_file_ref idref="fl-d4"/>
      </object_component>
      <object_component id="oc-270">
         <name>.debug_info</name>
         <load_address>0xa503</load_address>
         <run_address>0xa503</run_address>
         <size>0x419</size>
         <input_file_ref idref="fl-d5"/>
      </object_component>
      <object_component id="oc-14e">
         <name>.debug_info</name>
         <load_address>0xa91c</load_address>
         <run_address>0xa91c</run_address>
         <size>0x19b</size>
         <input_file_ref idref="fl-d5"/>
      </object_component>
      <object_component id="oc-34b">
         <name>.debug_info</name>
         <load_address>0xaab7</load_address>
         <run_address>0xaab7</run_address>
         <size>0x39</size>
         <input_file_ref idref="fl-d5"/>
      </object_component>
      <object_component id="oc-405">
         <name>.debug_info</name>
         <load_address>0xaaf0</load_address>
         <run_address>0xaaf0</run_address>
         <size>0x39</size>
         <input_file_ref idref="fl-d5"/>
      </object_component>
      <object_component id="oc-350">
         <name>.debug_info</name>
         <load_address>0xab29</load_address>
         <run_address>0xab29</run_address>
         <size>0x39</size>
         <input_file_ref idref="fl-d5"/>
      </object_component>
      <object_component id="oc-355">
         <name>.debug_info</name>
         <load_address>0xab62</load_address>
         <run_address>0xab62</run_address>
         <size>0xcd</size>
[...]
      </symbol>
      <symbol id="sm-374">
         <name>_unlock</name>
         <value>0x200179fc</value>
         <object_component_ref idref="oc-199"/>
      </symbol>
      <symbol id="sm-3a2">
         <name>printf</name>
         <value>0x200087c5</value>
         <object_component_ref idref="oc-e0"/>
      </symbol>
      <symbol id="sm-3b8">
         <name>rand</name>
         <value>0x200090b9</value>
         <object_component_ref idref="oc-c8"/>
      </symbol>
      <symbol id="sm-3c6">
         <name>strlen</name>
         <value>0x20009535</value>
         <object_component_ref idref="oc-2ba"/>
      </symbol>
      <symbol id="sm-3e7">
         <name>memcpy</name>
         <value>0x20008049</value>
         <object_component_ref idref="oc-3a"/>
      </symbol>
      <symbol id="sm-3e8">
         <name>__aeabi_memcpy</name>
         <value>0x20008049</value>
         <object_component_ref idref="oc-3a"/>
      </symbol>
      <symbol id="sm-3e9">
         <name>__aeabi_memcpy8</name>
         <value>0x20008049</value>
         <object_component_ref idref="oc-3a"/>
      </symbol>
      <symbol id="sm-3ea">
         <name>__aeabi_memcpy4</name>
         <value>0x20008049</value>
         <object_component_ref idref="oc-3a"/>
      </symbol>
      <symbol id="sm-3f9">
         <name>__aeabi_memset</name>
         <value>0x200084b7</value>
         <object_component_ref idref="oc-88"/>
      </symbol>
      <symbol id="sm-3fa">
         <name>memset</name>
         <value>0x200084bd</value>
         <object_component_ref idref="oc-88"/>
      </symbol>
      <symbol id="sm-3fb">
         <name>__aeabi_memset8</name>
         <value>0x200084b7</value>
         <object_component_ref idref="oc-88"/>
      </symbol>
      <symbol id="sm-3fc">
         <name>__aeabi_memset4</name>
         <value>0x200084b7</value>
         <object_component_ref idref="oc-88"/>
      </symbol>
      <symbol id="sm-3fd">
         <name>__aeabi_memclr8</name>
         <value>0x200084b5</value>
         <object_component_ref idref="oc-88"/>
      </symbol>
      <symbol id="sm-3fe">
         <name>__aeabi_memclr4</name>
         <value>0x200084b5</value>
         <object_component_ref idref="oc-88"/>
      </symbol>
      <symbol id="sm-3ff">
         <name>__aeabi_memclr</name>
         <value>0x200084b5</value>
         <object_component_ref idref="oc-88"/>
      </symbol>
      <symbol id="sm-427">
         <name>__TI_auto_init_nobinit_nopinit</name>
         <value>0x20008dc1</value>
         <object_component_ref idref="oc-14d"/>
      </symbol>
      <symbol id="sm-431">
         <name>_system_pre_init</name>
         <value>0x200095f7</value>
         <object_component_ref idref="oc-8e"/>
      </symbol>
      <symbol id="sm-597">
         <name>__TI_printfi</name>
         <value>0x20004e81</value>
         <object_component_ref idref="oc-1ec"/>
      </symbol>
      <symbol id="sm-5ad">
         <name>atoi</name>
         <value>0x20008c5d</value>
         <object_component_ref idref="oc-2c0"/>
      </symbol>
      <symbol id="sm-5b8">
         <name>_ctypes_</name>
         <value>0x20009ff6</value>
         <object_component_ref idref="oc-364"/>
      </symbol>
      <symbol id="sm-5cd">
         <name>__TI_tmpnams</name>
         <value>0x20017b2c</value>
      </symbol>
      <symbol id="sm-5ce">
         <name>__aeabi_stdout</name>
         <value>0x200179d8</value>
         <object_component_ref idref="oc-4d4"/>
      </symbol>
      <symbol id="sm-5cf">
         <name>__aeabi_stderr</name>
         <value>0x200179dc</value>
         <object_component_ref idref="oc-4d4"/>
      </symbol>
      <symbol id="sm-5d0">
         <name>__aeabi_stdin</name>
         <value>0x200179d4</value>
         <object_component_ref idref="oc-4d4"/>
      </symbol>
      <symbol id="sm-5d1">
         <name>_ftable</name>
         <value>0x20017800</value>
         <object_component_ref idref="oc-1f2"/>
      </symbol>
      <symbol id="sm-5d2">
         <name>__TI_ft_end</name>
         <value>0x200179d0</value>
         <object_component_ref idref="oc-4d4"/>
      </symbol>
      <symbol id="sm-5e7">
         <name>putc</name>
         <value>0x20008211</value>
         <object_component_ref idref="oc-312"/>
      </symbol>
      <symbol id="sm-5e8">
         <name>fputc</name>
         <value>0x20008211</value>
         <object_component_ref idref="oc-312"/>
      </symbol>
      <symbol id="sm-606">
         <name>fputs</name>
         <value>0x200078f9</value>
         <object_component_ref idref="oc-30b"/>
      </symbol>
      <symbol id="sm-615">
         <name>ltoa</name>
         <value>0x20008b6b</value>
         <object_component_ref idref="oc-384"/>
      </symbol>
      <symbol id="sm-625">
         <name>memccpy</name>
         <value>0x200093f1</value>
         <object_component_ref idref="oc-2e9"/>
      </symbol>
      <symbol id="sm-635">
         <name>memchr</name>
         <value>0x20009379</value>
         <object_component_ref idref="oc-3e9"/>
      </symbol>
      <symbol id="sm-645">
         <name>strchr</name>
         <value>0x200094e1</value>
         <object_component_ref idref="oc-3bb"/>
      </symbol>
      <symbol id="sm-66b">
         <name>_stream</name>
         <value>0x20017968</value>
         <object_component_ref idref="oc-45f"/>
      </symbol>
      <symbol id="sm-66c">
         <name>_device</name>
         <value>0x200178f0</value>
         <object_component_ref idref="oc-4a2"/>
      </symbol>
      <symbol id="sm-66d">
         <name>write</name>
         <value>0x200092cd</value>
         <object_component_ref idref="oc-3f5"/>
      </symbol>
      <symbol id="sm-68d">
         <name>frexpl</name>
         <value>0x200089b1</value>
         <object_component_ref idref="oc-3af"/>
      </symbol>
      <symbol id="sm-68e">
         <name>frexp</name>
         <value>0x200089b1</value>
         <object_component_ref idref="oc-3af"/>
      </symbol>
      <symbol id="sm-6ac">
         <name>scalbn</name>
         <value>0x20007cbd</value>
         <object_component_ref idref="oc-3b5"/>
      </symbol>
      <symbol id="sm-6ad">
         <name>scalbnl</name>
         <value>0x20007cbd</value>
         <object_component_ref idref="oc-3b5"/>
      </symbol>
      <symbol id="sm-6ae">
         <name>ldexpl</name>
         <value>0x20007cbd</value>
         <object_component_ref idref="oc-3b5"/>
      </symbol>
      <symbol id="sm-6af">
         <name>ldexp</name>
         <value>0x20007cbd</value>
         <object_component_ref idref="oc-3b5"/>
      </symbol>
      <symbol id="sm-6b9">
         <name>copysign</name>
         <value>0x200095e1</value>
         <object_component_ref idref="oc-431"/>
      </symbol>
      <symbol id="sm-6ba">
         <name>copysignl</name>
         <value>0x200095e1</value>
         <object_component_ref idref="oc-431"/>
      </symbol>
      <symbol id="sm-6d3">
         <name>wcslen</name>
         <value>0x20009591</value>
         <object_component_ref idref="oc-2ef"/>
      </symbol>
      <symbol id="sm-6ea">
         <name>__aeabi_dsub</name>
         <value>0x20007235</value>
         <object_component_ref idref="oc-38f"/>
      </symbol>
      <symbol id="sm-6eb">
         <name>__aeabi_dadd</name>
         <value>0x2000723f</value>
         <object_component_ref idref="oc-38f"/>
      </symbol>
      <symbol id="sm-70d">
         <name>__aeabi_cdcmpeq</name>
         <value>0x20008325</value>
         <object_component_ref idref="oc-2cc"/>
      </symbol>
      <symbol id="sm-70e">
         <name>__aeabi_cdcmple</name>
         <value>0x20008325</value>
         <object_component_ref idref="oc-2cc"/>
      </symbol>
      <symbol id="sm-70f">
         <name>__aeabi_cdrcmple</name>
         <value>0x200083ab</value>
         <object_component_ref idref="oc-37a"/>
      </symbol>
      <symbol id="sm-723">
         <name>__aeabi_ddiv</name>
         <value>0x200076a1</value>
         <object_component_ref idref="oc-375"/>
      </symbol>
      <symbol id="sm-72e">
         <name>__aeabi_dmul</name>
         <value>0x20007a0d</value>
         <object_component_ref idref="oc-370"/>
      </symbol>
      <symbol id="sm-738">
         <name>__aeabi_d2iz</name>
         <value>0x20008cf1</value>
         <object_component_ref idref="oc-37f"/>
      </symbol>
      <symbol id="sm-742">
         <name>__aeabi_i2d</name>
         <value>0x2000914d</value>
         <object_component_ref idref="oc-38a"/>
      </symbol>
      <symbol id="sm-74f">
         <name>__aeabi_uldivmod</name>
         <value>0x200080e5</value>
         <object_component_ref idref="oc-369"/>
      </symbol>
      <symbol id="sm-765">
         <name>__aeabi_errno_addr</name>
         <value>0x200095d9</value>
         <object_component_ref idref="oc-2f5"/>
      </symbol>
      <symbol id="sm-766">
         <name>errno</name>
         <value>0x20017a04</value>
         <object_component_ref idref="oc-3cb"/>
      </symbol>
      <symbol id="sm-77e">
         <name>__TI_wrt_ok</name>
         <value>0x20008891</value>
         <object_component_ref idref="oc-3e3"/>
      </symbol>
      <symbol id="sm-78e">
         <name>__TI_doflush</name>
         <value>0x20008c11</value>
         <object_component_ref idref="oc-3ef"/>
      </symbol>
      <symbol id="sm-7a0">
         <name>fseek</name>
         <value>0x2000882d</value>
         <object_component_ref idref="oc-44d"/>
      </symbol>
      <symbol id="sm-7b0">
         <name>lseek</name>
         <value>0x2000927d</value>
         <object_component_ref idref="oc-47b"/>
      </symbol>
      <symbol id="sm-7cc">
         <name>setvbuf</name>
         <value>0x20007b09</value>
         <object_component_ref idref="oc-453"/>
      </symbol>
      <symbol id="sm-7dd">
         <name>HOSTclose</name>
         <value>0x20008d39</value>
         <object_component_ref idref="oc-4e0"/>
      </symbol>
      <symbol id="sm-7ee">
         <name>HOSTlseek</name>
         <value>0x2000868d</value>
         <object_component_ref idref="oc-4f2"/>
      </symbol>
      <symbol id="sm-800">
         <name>parmbuf</name>
         <value>0x20017bcc</value>
      </symbol>
      <symbol id="sm-801">
         <name>HOSTopen</name>
         <value>0x200088f5</value>
         <object_component_ref idref="oc-4da"/>
      </symbol>
      <symbol id="sm-812">
         <name>HOSTread</name>
         <value>0x20008a0d</value>
         <object_component_ref idref="oc-4e6"/>
      </symbol>
      <symbol id="sm-823">
         <name>HOSTrename</name>
         <value>0x200086f5</value>
         <object_component_ref idref="oc-4fe"/>
      </symbol>
      <symbol id="sm-834">
         <name>HOSTunlink</name>
         <value>0x20008d7d</value>
         <object_component_ref idref="oc-4f8"/>
      </symbol>
      <symbol id="sm-845">
         <name>HOSTwrite</name>
         <value>0x20008a65</value>
         <object_component_ref idref="oc-4ec"/>
      </symbol>
      <symbol id="sm-869">
         <name>__TI_readmsg</name>
         <value>0x20009051</value>
         <object_component_ref idref="oc-524"/>
      </symbol>
      <symbol id="sm-86a">
         <name>C$$IO$$</name>
         <value>0x20008f6f</value>
         <object_component_ref idref="oc-51e"/>
      </symbol>
      <symbol id="sm-86b">
         <name>__CIOBUF_</name>
         <value>0x20017a0c</value>
         <object_component_ref idref="oc-54c"/>
      </symbol>
      <symbol id="sm-86c">
         <name>__TI_writemsg</name>
         <value>0x20008f41</value>
         <object_component_ref idref="oc-51e"/>
      </symbol>
      <symbol id="sm-876">
         <name>__aeabi_idiv0</name>
         <value>0x200073eb</value>
         <object_component_ref idref="oc-418"/>
      </symbol>
      <symbol id="sm-877">
         <name>__aeabi_ldiv0</name>
         <value>0x200073eb</value>
         <object_component_ref idref="oc-418"/>
      </symbol>
      <symbol id="sm-887">
         <name>__TI_cleanup</name>
         <value>0x2000901d</value>
         <object_component_ref idref="oc-48f"/>
      </symbol>
      <symbol id="sm-896">
         <name>strcpy</name>
         <value>0x20009521</value>
         <object_component_ref idref="oc-538"/>
      </symbol>
      <symbol id="sm-8ab">
         <name>__TI_closefile</name>
         <value>0x200085a9</value>
         <object_component_ref idref="oc-4ce"/>
      </symbol>
      <symbol id="sm-8ce">
         <name>finddevice</name>
         <value>0x2000911d</value>
         <object_component_ref idref="oc-56a"/>
      </symbol>
      <symbol id="sm-8cf">
         <name>getdevice</name>
         <value>0x20008e05</value>
         <object_component_ref idref="oc-542"/>
      </symbol>
      <symbol id="sm-8df">
         <name>strcmp</name>
         <value>0x20009471</value>
         <object_component_ref idref="oc-581"/>
      </symbol>
      <symbol id="sm-8ef">
         <name>strncpy</name>
         <value>0x20008fe7</value>
         <object_component_ref idref="oc-564"/>
      </symbol>
      <symbol id="sm-8ff">
         <name>unlink</name>
         <value>0x20009201</value>
         <object_component_ref idref="oc-513"/>
      </symbol>
      <symbol id="sm-913">
         <name>close</name>
         <value>0x20008955</value>
         <object_component_ref idref="oc-50d"/>
      </symbol>
      <symbol id="sm-927">
         <name>GPIODirModeSet</name>
         <value>0x20008fb1</value>
         <object_component_ref idref="oc-24a"/>
      </symbol>
      <symbol id="sm-928">
         <name>GPIOPinWrite</name>
         <value>0x20009339</value>
         <object_component_ref idref="oc-17f"/>
      </symbol>
      <symbol id="sm-98c">
         <name>I2CMasterDataPut</name>
         <value>0x20009489</value>
         <object_component_ref idref="oc-1cc"/>
      </symbol>
      <symbol id="sm-98d">
         <name>I2CMasterInitExpClk</name>
         <value>0x20008431</value>
         <object_component_ref idref="oc-1d8"/>
      </symbol>
      <symbol id="sm-98e">
         <name>I2CMasterIntClearEx</name>
         <value>0x2000955b</value>
         <object_component_ref idref="oc-1ae"/>
      </symbol>
      <symbol id="sm-98f">
         <name>I2CMasterSlaveAddrSet</name>
         <value>0x200092f5</value>
         <object_component_ref idref="oc-1c6"/>
      </symbol>
      <symbol id="sm-990">
         <name>I2CMasterDataGet</name>
         <value>0x200095a3</value>
         <object_component_ref idref="oc-1d2"/>
      </symbol>
      <symbol id="sm-991">
         <name>I2CMasterErr</name>
         <value>0x2000917b</value>
         <object_component_ref idref="oc-1c0"/>
      </symbol>
      <symbol id="sm-992">
         <name>I2CMasterTimeoutSet</name>
         <value>0x2000956d</value>
         <object_component_ref idref="oc-1b4"/>
      </symbol>
      <symbol id="sm-993">
         <name>I2CMasterControl</name>
         <value>0x20009549</value>
         <object_component_ref idref="oc-1ba"/>
      </symbol>
      <symbol id="sm-994">
         <name>I2CMasterEnable</name>
         <value>0x2000949f</value>
         <object_component_ref idref="oc-2ab"/>
      </symbol>
      <symbol id="sm-995">
         <name>I2CMasterIntStatusEx</name>
         <value>0x20009399</value>
         <object_component_ref idref="oc-1a8"/>
      </symbol>
      <symbol id="sm-9cc">
         <name>IntVTableBaseSet</name>
         <value>0x2000950d</value>
         <object_component_ref idref="oc-f2"/>
      </symbol>
      <symbol id="sm-9cd">
         <name>IntEnable</name>
         <value>0x20007f01</value>
         <object_component_ref idref="oc-fe"/>
      </symbol>
      <symbol id="sm-9ce">
         <name>IntMasterEnable</name>
         <value>0x200095cd</value>
         <object_component_ref idref="oc-f8"/>
      </symbol>
      <symbol id="sm-a15">
         <name>PinTypeI2C</name>
         <value>0x200093d5</value>
         <object_component_ref idref="oc-257"/>
      </symbol>
      <symbol id="sm-a16">
         <name>PinTypeUART</name>
         <value>0x20009427</value>
         <object_component_ref idref="oc-251"/>
      </symbol>
      <symbol id="sm-a17">
         <name>PinTypeGPIO</name>
         <value>0x200090ed</value>
         <object_component_ref idref="oc-244"/>
      </symbol>
      <symbol id="sm-a18">
         <name>PinConfigSet</name>
         <value>0x2000829d</value>
         <object_component_ref idref="oc-32d"/>
      </symbol>
      <symbol id="sm-a19">
         <name>PinTypeSPI</name>
         <value>0x2000940d</value>
         <object_component_ref idref="oc-237"/>
      </symbol>
      <symbol id="sm-a1a">
         <name>PinModeSet</name>
         <value>0x20008e49</value>
         <object_component_ref idref="oc-23e"/>
      </symbol>
      <symbol id="sm-aa0">
         <name>PRCMPeripheralReset</name>
         <value>0x20008abd</value>
         <object_component_ref idref="oc-122"/>
      </symbol>
      <symbol id="sm-aa1">
         <name>PRCMPeripheralClkEnable</name>
         <value>0x20008ec9</value>
         <object_component_ref idref="oc-11c"/>
      </symbol>
      <symbol id="sm-aa2">
         <name>PRCMPeripheralClockGet</name>
         <value>0x2000817d</value>
         <object_component_ref idref="oc-12e"/>
      </symbol>
      <symbol id="sm-aa3">
         <name>PRCMCC3200MCUInit</name>
         <value>0x200073ed</value>
         <object_component_ref idref="oc-104"/>
      </symbol>
      <symbol id="sm-aa4">
         <name>PRCMHIBRegWrite</name>
         <value>0x200094cb</value>
         <object_component_ref idref="oc-230"/>
      </symbol>
      <symbol id="sm-aa5">
         <name>PRCMSysResetCauseGet</name>
         <value>0x200091a9</value>
         <object_component_ref idref="oc-224"/>
      </symbol>
      <symbol id="sm-aa6">
         <name>PRCMPeripheralClkDisable</name>
         <value>0x2000922d</value>
         <object_component_ref idref="oc-1de"/>
      </symbol>
      <symbol id="sm-aa7">
         <name>PRCMHIBRegRead</name>
         <value>0x200094b5</value>
         <object_component_ref idref="oc-22a"/>
      </symbol>
      <symbol id="sm-ae4">
         <name>SPICSEnable</name>
         <value>0x20009441</value>
         <object_component_ref idref="oc-185"/>
      </symbol>
      <symbol id="sm-ae5">
         <name>SPIDataPut</name>
         <value>0x200093b7</value>
         <object_component_ref idref="oc-18b"/>
      </symbol>
      <symbol id="sm-ae6">
         <name>SPIEnable</name>
         <value>0x20009459</value>
         <object_component_ref idref="oc-13a"/>
      </symbol>
      <symbol id="sm-ae7">
         <name>SPIDataGet</name>
         <value>0x20009359</value>
         <object_component_ref idref="oc-191"/>
      </symbol>
      <symbol id="sm-ae8">
         <name>SPIConfigSetExpClk</name>
         <value>0x20007fa9</value>
         <object_component_ref idref="oc-134"/>
      </symbol>
      <symbol id="sm-ae9">
         <name>SPIReset</name>
         <value>0x20009317</value>
         <object_component_ref idref="oc-128"/>
      </symbol>
      <symbol id="sm-aee">
         <name>UtilsDelay</name>
         <value>0x200095e9</value>
         <object_component_ref idref="oc-32a"/>
      </symbol>
      <symbol id="sm-af8">
         <name>CPUcpsie</name>
         <value>0x200094f7</value>
         <object_component_ref idref="oc-219"/>
      </symbol>
      <symbol id="sm-afa">
         <name>__TI_static_base__</name>
         <value>0x2000a320</value>
      </symbol>
      <symbol id="sm-afd">
         <name>__mpu_init</name>
         <value>0x0</value>
      </symbol>
      <symbol id="sm-afe">
         <name>_system_post_cinit</name>
         <value>0x0</value>
      </symbol>
      <symbol id="sm-aff">
         <name>remove</name>
         <value>0x20009201</value>
      </symbol>
   </symbol_table>
   <title>Link successful</title>
</link_info>
