<?xml version="1.0" encoding="ISO-8859-1" ?>
<link_info>
   <banner>TI ARM Linker PC v18.1.1.LTS</banner>
   <copyright>Copyright (c) 1996-2017 Texas Instruments Incorporated</copyright>
   <link_time>0x5b1029a7</link_time>
   <link_errors>0x0</link_errors>
   <output_file>Lab5.out</output_file>
   <entry_point>
      <name>_c_int00_noargs</name>
      <address>0x2000e82d</address>
   </entry_point>
   <input_file_list>
      <input_file id="fl-2">
         <path>.\</path>
         <kind>object</kind>
         <file>Adafruit_GFX.obj</file>
         <name>Adafruit_GFX.obj</name>
      </input_file>
      <input_file id="fl-3">
         <path>.\</path>
         <kind>object</kind>
         <file>Adafruit_OLED.obj</file>
         <name>Adafruit_OLED.obj</name>
      </input_file>
      <input_file id="fl-4">
         <path>.\</path>
         <kind>object</kind>
         <file>gpio_if.obj</file>
         <name>gpio_if.obj</name>
      </input_file>
      <input_file id="fl-5">
         <path>.\</path>
         <kind>object</kind>
         <file>main.obj</file>
         <name>main.obj</name>
      </input_file>
      <input_file id="fl-6">
         <path>.\</path>
         <kind>object</kind>
         <file>network_common.obj</file>
         <name>network_common.obj</name>
      </input_file>
      <input_file id="fl-7">
         <path>.\</path>
         <kind>object</kind>
         <file>pin_mux_config.obj</file>
         <name>pin_mux_config.obj</name>
      </input_file>
      <input_file id="fl-8">
         <path>.\</path>
         <kind>object</kind>
         <file>startup_ccs.obj</file>
         <name>startup_ccs.obj</name>
      </input_file>
      <input_file id="fl-9">
         <path>.\</path>
         <kind>object</kind>
         <file>timer_if.obj</file>
         <name>timer_if.obj</name>
      </input_file>
      <input_file id="fl-a">
         <path>.\</path>
         <kind>object</kind>
         <file>uart_if.obj</file>
         <name>uart_if.obj</name>
      </input_file>
      <input_file id="fl-10">
         <kind>object</kind>
         <file>&lt;internal&gt;</file>
         <name>&lt;internal&gt;</name>
      </input_file>
      <input_file id="fl-c6">
         <path>C:\ti\ccsv8\tools\compiler\ti-cgt-arm_18.1.1.LTS\lib\</path>
         <kind>archive</kind>
         <file>rtsv7M4_T_le_eabi.lib</file>
         <name>memcpy_t2.asm.obj</name>
      </input_file>
      <input_file id="fl-c7">
         <path>C:\ti\ccsv8\tools\compiler\ti-cgt-arm_18.1.1.LTS\lib\</path>
         <kind>archive</kind>
         <file>rtsv7M4_T_le_eabi.lib</file>
         <name>memset_t2.asm.obj</name>
      </input_file>
      <input_file id="fl-c8">
         <path>C:\ti\ccsv8\tools\compiler\ti-cgt-arm_18.1.1.LTS\lib\</path>
         <kind>archive</kind>
         <file>rtsv7M4_T_le_eabi.lib</file>
         <name>copy_zero_init.c.obj</name>
      </input_file>
      <input_file id="fl-c9">
         <path>C:\ti\ccsv8\tools\compiler\ti-cgt-arm_18.1.1.LTS\lib\</path>
         <kind>archive</kind>
         <file>rtsv7M4_T_le_eabi.lib</file>
         <name>copy_decompress_none.c.obj</name>
      </input_file>
      <input_file id="fl-ca">
         <path>C:\ti\ccsv8\tools\compiler\ti-cgt-arm_18.1.1.LTS\lib\</path>
         <kind>archive</kind>
         <file>rtsv7M4_T_le_eabi.lib</file>
         <name>copy_decompress_lzss.c.obj</name>
      </input_file>
      <input_file id="fl-cb">
         <path>C:\ti\ccsv8\tools\compiler\ti-cgt-arm_18.1.1.LTS\lib\</path>
         <kind>archive</kind>
         <file>rtsv7M4_T_le_eabi.lib</file>
         <name>boot_cortex_m.c.obj</name>
      </input_file>
      <input_file id="fl-cc">
         <path>C:\ti\ccsv8\tools\compiler\ti-cgt-arm_18.1.1.LTS\lib\</path>
         <kind>archive</kind>
         <file>rtsv7M4_T_le_eabi.lib</file>
         <name>exit.c.obj</name>
      </input_file>
      <input_file id="fl-cd">
         <path>C:\ti\ccsv8\tools\compiler\ti-cgt-arm_18.1.1.LTS\lib\</path>
         <kind>archive</kind>
         <file>rtsv7M4_T_le_eabi.lib</file>
         <name>memory.c.obj</name>
      </input_file>
      <input_file id="fl-ce">
         <path>C:\ti\ccsv8\tools\compiler\ti-cgt-arm_18.1.1.LTS\lib\</path>
         <kind>archive</kind>
         <file>rtsv7M4_T_le_eabi.lib</file>
         <name>_lock.c.obj</name>
      </input_file>
      <input_file id="fl-cf">
         <path>C:\ti\ccsv8\tools\compiler\ti-cgt-arm_18.1.1.LTS\lib\</path>
         <kind>archive</kind>
         <file>rtsv7M4_T_le_eabi.lib</file>
         <name>args_main.c.obj</name>
      </input_file>
      <input_file id="fl-d0">
         <path>C:\ti\ccsv8\tools\compiler\ti-cgt-arm_18.1.1.LTS\lib\</path>
         <kind>archive</kind>
         <file>rtsv7M4_T_le_eabi.lib</file>
         <name>assert.c.obj</name>
      </input_file>
      <input_file id="fl-d1">
         <path>C:\ti\ccsv8\tools\compiler\ti-cgt-arm_18.1.1.LTS\lib\</path>
         <kind>archive</kind>
         <file>rtsv7M4_T_le_eabi.lib</file>
         <name>defs.c.obj</name>
      </input_file>
      <input_file id="fl-d2">
         <path>C:\ti\ccsv8\tools\compiler\ti-cgt-arm_18.1.1.LTS\lib\</path>
         <kind>archive</kind>
         <file>rtsv7M4_T_le_eabi.lib</file>
         <name>fflush.c.obj</name>
      </input_file>
      <input_file id="fl-d3">
         <path>C:\ti\ccsv8\tools\compiler\ti-cgt-arm_18.1.1.LTS\lib\</path>
         <kind>archive</kind>
         <file>rtsv7M4_T_le_eabi.lib</file>
         <name>fputs.c.obj</name>
      </input_file>
      <input_file id="fl-d4">
         <path>C:\ti\ccsv8\tools\compiler\ti-cgt-arm_18.1.1.LTS\lib\</path>
         <kind>archive</kind>
         <file>rtsv7M4_T_le_eabi.lib</file>
         <name>memchr.c.obj</name>
      </input_file>
      <input_file id="fl-d5">
         <path>C:\ti\ccsv8\tools\compiler\ti-cgt-arm_18.1.1.LTS\lib\</path>
         <kind>archive</kind>
         <file>rtsv7M4_T_le_eabi.lib</file>
         <name>memmov.c.obj</name>
      </input_file>
      <input_file id="fl-d6">
         <path>C:\ti\ccsv8\tools\compiler\ti-cgt-arm_18.1.1.LTS\lib\</path>
         <kind>archive</kind>
         <file>rtsv7M4_T_le_eabi.lib</file>
         <name>printf.c.obj</name>
      </input_file>
      <input_file id="fl-d7">
         <path>C:\ti\ccsv8\tools\compiler\ti-cgt-arm_18.1.1.LTS\lib\</path>
         <kind>archive</kind>
         <file>rtsv7M4_T_le_eabi.lib</file>
         <name>sprintf.c.obj</name>
      </input_file>
      <input_file id="fl-d8">
         <path>C:\ti\ccsv8\tools\compiler\ti-cgt-arm_18.1.1.LTS\lib\</path>
         <kind>archive</kind>
         <file>rtsv7M4_T_le_eabi.lib</file>
         <name>strcat.c.obj</name>
      </input_file>
      <input_file id="fl-d9">
         <path>C:\ti\ccsv8\tools\compiler\ti-cgt-arm_18.1.1.LTS\lib\</path>
         <kind>archive</kind>
         <file>rtsv7M4_T_le_eabi.lib</file>
         <name>strcpy.c.obj</name>
      </input_file>
      <input_file id="fl-da">
         <path>C:\ti\ccsv8\tools\compiler\ti-cgt-arm_18.1.1.LTS\lib\</path>
         <kind>archive</kind>
         <file>rtsv7M4_T_le_eabi.lib</file>
         <name>strlen.c.obj</name>
      </input_file>
      <input_file id="fl-db">
         <path>C:\ti\ccsv8\tools\compiler\ti-cgt-arm_18.1.1.LTS\lib\</path>
         <kind>archive</kind>
         <file>rtsv7M4_T_le_eabi.lib</file>
         <name>vsnprintf.c.obj</name>
      </input_file>
      <input_file id="fl-dc">
         <path>C:\ti\ccsv8\tools\compiler\ti-cgt-arm_18.1.1.LTS\lib\</path>
         <kind>archive</kind>
         <file>rtsv7M4_T_le_eabi.lib</file>
         <name>write.c.obj</name>
      </input_file>
      <input_file id="fl-dd">
         <path>C:\ti\ccsv8\tools\compiler\ti-cgt-arm_18.1.1.LTS\lib\</path>
         <kind>archive</kind>
         <file>rtsv7M4_T_le_eabi.lib</file>
         <name>autoinit.c.obj</name>
      </input_file>
      <input_file id="fl-de">
         <path>C:\ti\ccsv8\tools\compiler\ti-cgt-arm_18.1.1.LTS\lib\</path>
         <kind>archive</kind>
         <file>rtsv7M4_T_le_eabi.lib</file>
         <name>pre_init.c.obj</name>
      </input_file>
      <input_file id="fl-df">
         <path>C:\ti\ccsv8\tools\compiler\ti-cgt-arm_18.1.1.LTS\lib\</path>
         <kind>archive</kind>
         <file>rtsv7M4_T_le_eabi.lib</file>
         <name>cpy_tbl.c.obj</name>
      </input_file>
      <input_file id="fl-e0">
         <path>C:\ti\ccsv8\tools\compiler\ti-cgt-arm_18.1.1.LTS\lib\</path>
         <kind>archive</kind>
         <file>rtsv7M4_T_le_eabi.lib</file>
         <name>_io_perm.c.obj</name>
      </input_file>
      <input_file id="fl-e1">
         <path>C:\ti\ccsv8\tools\compiler\ti-cgt-arm_18.1.1.LTS\lib\</path>
         <kind>archive</kind>
         <file>rtsv7M4_T_le_eabi.lib</file>
         <name>_printfi.c.obj</name>
      </input_file>
      <input_file id="fl-e2">
         <path>C:\ti\ccsv8\tools\compiler\ti-cgt-arm_18.1.1.LTS\lib\</path>
         <kind>archive</kind>
         <file>rtsv7M4_T_le_eabi.lib</file>
         <name>atoi.c.obj</name>
      </input_file>
      <input_file id="fl-e3">
         <path>C:\ti\ccsv8\tools\compiler\ti-cgt-arm_18.1.1.LTS\lib\</path>
         <kind>archive</kind>
         <file>rtsv7M4_T_le_eabi.lib</file>
         <name>ctype.c.obj</name>
      </input_file>
      <input_file id="fl-e4">
         <path>C:\ti\ccsv8\tools\compiler\ti-cgt-arm_18.1.1.LTS\lib\</path>
         <kind>archive</kind>
         <file>rtsv7M4_T_le_eabi.lib</file>
         <name>fputc.c.obj</name>
      </input_file>
      <input_file id="fl-e5">
         <path>C:\ti\ccsv8\tools\compiler\ti-cgt-arm_18.1.1.LTS\lib\</path>
         <kind>archive</kind>
         <file>rtsv7M4_T_le_eabi.lib</file>
         <name>fseek.c.obj</name>
      </input_file>
      <input_file id="fl-e6">
         <path>C:\ti\ccsv8\tools\compiler\ti-cgt-arm_18.1.1.LTS\lib\</path>
         <kind>archive</kind>
         <file>rtsv7M4_T_le_eabi.lib</file>
         <name>lseek.c.obj</name>
      </input_file>
      <input_file id="fl-e7">
         <path>C:\ti\ccsv8\tools\compiler\ti-cgt-arm_18.1.1.LTS\lib\</path>
         <kind>archive</kind>
         <file>rtsv7M4_T_le_eabi.lib</file>
         <name>ltoa.c.obj</name>
      </input_file>
      <input_file id="fl-e8">
         <path>C:\ti\ccsv8\tools\compiler\ti-cgt-arm_18.1.1.LTS\lib\</path>
         <kind>archive</kind>
         <file>rtsv7M4_T_le_eabi.lib</file>
         <name>memccpy.c.obj</name>
      </input_file>
      <input_file id="fl-e9">
         <path>C:\ti\ccsv8\tools\compiler\ti-cgt-arm_18.1.1.LTS\lib\</path>
         <kind>archive</kind>
         <file>rtsv7M4_T_le_eabi.lib</file>
         <name>setvbuf.c.obj</name>
      </input_file>
      <input_file id="fl-ea">
         <path>C:\ti\ccsv8\tools\compiler\ti-cgt-arm_18.1.1.LTS\lib\</path>
         <kind>archive</kind>
         <file>rtsv7M4_T_le_eabi.lib</file>
         <name>strchr.c.obj</name>
      </input_file>
      <input_file id="fl-eb">
         <path>C:\ti\ccsv8\tools\compiler\ti-cgt-arm_18.1.1.LTS\lib\</path>
         <kind>archive</kind>
         <file>rtsv7M4_T_le_eabi.lib</file>
         <name>hostclose.c.obj</name>
      </input_file>
      <input_file id="fl-ec">
         <path>C:\ti\ccsv8\tools\compiler\ti-cgt-arm_18.1.1.LTS\lib\</path>
         <kind>archive</kind>
         <file>rtsv7M4_T_le_eabi.lib</file>
         <name>hostlseek.c.obj</name>
      </input_file>
      <input_file id="fl-ed">
         <path>C:\ti\ccsv8\tools\compiler\ti-cgt-arm_18.1.1.LTS\lib\</path>
         <kind>archive</kind>
         <file>rtsv7M4_T_le_eabi.lib</file>
         <name>hostopen.c.obj</name>
      </input_file>
      <input_file id="fl-ee">
         <path>C:\ti\ccsv8\tools\compiler\ti-cgt-arm_18.1.1.LTS\lib\</path>
         <kind>archive</kind>
         <file>rtsv7M4_T_le_eabi.lib</file>
         <name>hostread.c.obj</name>
      </input_file>
      <input_file id="fl-ef">
         <path>C:\ti\ccsv8\tools\compiler\ti-cgt-arm_18.1.1.LTS\lib\</path>
         <kind>archive</kind>
         <file>rtsv7M4_T_le_eabi.lib</file>
         <name>hostrename.c.obj</name>
      </input_file>
      <input_file id="fl-f0">
         <path>C:\ti\ccsv8\tools\compiler\ti-cgt-arm_18.1.1.LTS\lib\</path>
         <kind>archive</kind>
         <file>rtsv7M4_T_le_eabi.lib</file>
         <name>hostunlink.c.obj</name>
      </input_file>
      <input_file id="fl-f1">
         <path>C:\ti\ccsv8\tools\compiler\ti-cgt-arm_18.1.1.LTS\lib\</path>
         <kind>archive</kind>
         <file>rtsv7M4_T_le_eabi.lib</file>
         <name>hostwrite.c.obj</name>
      </input_file>
      <input_file id="fl-f2">
         <path>C:\ti\ccsv8\tools\compiler\ti-cgt-arm_18.1.1.LTS\lib\</path>
         <kind>archive</kind>
         <file>rtsv7M4_T_le_eabi.lib</file>
         <name>trgmsg.c.obj</name>
      </input_file>
      <input_file id="fl-f3">
         <path>C:\ti\ccsv8\tools\compiler\ti-cgt-arm_18.1.1.LTS\lib\</path>
         <kind>archive</kind>
         <file>rtsv7M4_T_le_eabi.lib</file>
         <name>s_frexp.c.obj</name>
      </input_file>
      <input_file id="fl-f4">
         <path>C:\ti\ccsv8\tools\compiler\ti-cgt-arm_18.1.1.LTS\lib\</path>
         <kind>archive</kind>
         <file>rtsv7M4_T_le_eabi.lib</file>
         <name>s_scalbn.c.obj</name>
      </input_file>
      <input_file id="fl-f5">
         <path>C:\ti\ccsv8\tools\compiler\ti-cgt-arm_18.1.1.LTS\lib\</path>
         <kind>archive</kind>
         <file>rtsv7M4_T_le_eabi.lib</file>
         <name>s_copysign.c.obj</name>
      </input_file>
      <input_file id="fl-f6">
         <path>C:\ti\ccsv8\tools\compiler\ti-cgt-arm_18.1.1.LTS\lib\</path>
         <kind>archive</kind>
         <file>rtsv7M4_T_le_eabi.lib</file>
         <name>wcslen.c.obj</name>
      </input_file>
      <input_file id="fl-f7">
         <path>C:\ti\ccsv8\tools\compiler\ti-cgt-arm_18.1.1.LTS\lib\</path>
         <kind>archive</kind>
         <file>rtsv7M4_T_le_eabi.lib</file>
         <name>fd_add_t2.asm.obj</name>
      </input_file>
      <input_file id="fl-f8">
         <path>C:\ti\ccsv8\tools\compiler\ti-cgt-arm_18.1.1.LTS\lib\</path>
         <kind>archive</kind>
         <file>rtsv7M4_T_le_eabi.lib</file>
         <name>fd_cmp_t2.asm.obj</name>
      </input_file>
      <input_file id="fl-f9">
         <path>C:\ti\ccsv8\tools\compiler\ti-cgt-arm_18.1.1.LTS\lib\</path>
         <kind>archive</kind>
         <file>rtsv7M4_T_le_eabi.lib</file>
         <name>fd_div_t2.asm.obj</name>
      </input_file>
      <input_file id="fl-fa">
         <path>C:\ti\ccsv8\tools\compiler\ti-cgt-arm_18.1.1.LTS\lib\</path>
         <kind>archive</kind>
         <file>rtsv7M4_T_le_eabi.lib</file>
         <name>fd_mul_t2.asm.obj</name>
      </input_file>
      <input_file id="fl-fb">
         <path>C:\ti\ccsv8\tools\compiler\ti-cgt-arm_18.1.1.LTS\lib\</path>
         <kind>archive</kind>
         <file>rtsv7M4_T_le_eabi.lib</file>
         <name>fd_toi_t2.asm.obj</name>
      </input_file>
      <input_file id="fl-fc">
         <path>C:\ti\ccsv8\tools\compiler\ti-cgt-arm_18.1.1.LTS\lib\</path>
         <kind>archive</kind>
         <file>rtsv7M4_T_le_eabi.lib</file>
         <name>i_tofd_t2.asm.obj</name>
      </input_file>
      <input_file id="fl-fd">
         <path>C:\ti\ccsv8\tools\compiler\ti-cgt-arm_18.1.1.LTS\lib\</path>
         <kind>archive</kind>
         <file>rtsv7M4_T_le_eabi.lib</file>
         <name>ull_div_t2.asm.obj</name>
      </input_file>
      <input_file id="fl-fe">
         <path>C:\ti\ccsv8\tools\compiler\ti-cgt-arm_18.1.1.LTS\lib\</path>
         <kind>archive</kind>
         <file>rtsv7M4_T_le_eabi.lib</file>
         <name>errno.c.obj</name>
      </input_file>
      <input_file id="fl-ff">
         <path>C:\ti\ccsv8\tools\compiler\ti-cgt-arm_18.1.1.LTS\lib\</path>
         <kind>archive</kind>
         <file>rtsv7M4_T_le_eabi.lib</file>
         <name>fopen.c.obj</name>
      </input_file>
      <input_file id="fl-100">
         <path>C:\ti\ccsv8\tools\compiler\ti-cgt-arm_18.1.1.LTS\lib\</path>
         <kind>archive</kind>
         <file>rtsv7M4_T_le_eabi.lib</file>
         <name>open.c.obj</name>
      </input_file>
      <input_file id="fl-101">
         <path>C:\ti\ccsv8\tools\compiler\ti-cgt-arm_18.1.1.LTS\lib\</path>
         <kind>archive</kind>
         <file>rtsv7M4_T_le_eabi.lib</file>
         <name>div0.asm.obj</name>
      </input_file>
      <input_file id="fl-102">
         <path>C:\ti\ccsv8\tools\compiler\ti-cgt-arm_18.1.1.LTS\lib\</path>
         <kind>archive</kind>
         <file>rtsv7M4_T_le_eabi.lib</file>
         <name>fclose.c.obj</name>
      </input_file>
      <input_file id="fl-103">
         <path>C:\ti\ccsv8\tools\compiler\ti-cgt-arm_18.1.1.LTS\lib\</path>
         <kind>archive</kind>
         <file>rtsv7M4_T_le_eabi.lib</file>
         <name>getdevice.c.obj</name>
      </input_file>
      <input_file id="fl-104">
         <path>C:\ti\ccsv8\tools\compiler\ti-cgt-arm_18.1.1.LTS\lib\</path>
         <kind>archive</kind>
         <file>rtsv7M4_T_le_eabi.lib</file>
         <name>remove.c.obj</name>
      </input_file>
      <input_file id="fl-105">
         <path>C:\ti\ccsv8\tools\compiler\ti-cgt-arm_18.1.1.LTS\lib\</path>
         <kind>archive</kind>
         <file>rtsv7M4_T_le_eabi.lib</file>
         <name>strcmp.c.obj</name>
      </input_file>
      <input_file id="fl-106">
         <path>C:\ti\ccsv8\tools\compiler\ti-cgt-arm_18.1.1.LTS\lib\</path>
         <kind>archive</kind>
         <file>rtsv7M4_T_le_eabi.lib</file>
         <name>strncpy.c.obj</name>
      </input_file>
      <input_file id="fl-107">
         <path>C:\ti\ccsv8\tools\compiler\ti-cgt-arm_18.1.1.LTS\lib\</path>
         <kind>archive</kind>
         <file>rtsv7M4_T_le_eabi.lib</file>
         <name>unlink.c.obj</name>
      </input_file>
      <input_file id="fl-108">
         <path>C:\ti\ccsv8\tools\compiler\ti-cgt-arm_18.1.1.LTS\lib\</path>
         <kind>archive</kind>
         <file>rtsv7M4_T_le_eabi.lib</file>
         <name>close.c.obj</name>
      </input_file>
      <input_file id="fl-109">
         <path>C:\ti\CC3200SDK_1.3.0\cc3200-sdk\driverlib\ccs\Release\</path>
         <kind>archive</kind>
         <file>driverlib.a</file>
         <name>gpio.obj</name>
      </input_file>
      <input_file id="fl-10a">
         <path>C:\ti\CC3200SDK_1.3.0\cc3200-sdk\driverlib\ccs\Release\</path>
         <kind>archive</kind>
         <file>driverlib.a</file>
         <name>interrupt.obj</name>
      </input_file>
      <input_file id="fl-10b">
         <path>C:\ti\CC3200SDK_1.3.0\cc3200-sdk\driverlib\ccs\Release\</path>
         <kind>archive</kind>
         <file>driverlib.a</file>
         <name>pin.obj</name>
      </input_file>
      <input_file id="fl-10c">
         <path>C:\ti\CC3200SDK_1.3.0\cc3200-sdk\driverlib\ccs\Release\</path>
         <kind>archive</kind>
         <file>driverlib.a</file>
         <name>prcm.obj</name>
      </input_file>
      <input_file id="fl-10d">
         <path>C:\ti\CC3200SDK_1.3.0\cc3200-sdk\driverlib\ccs\Release\</path>
         <kind>archive</kind>
         <file>driverlib.a</file>
         <name>spi.obj</name>
      </input_file>
      <input_file id="fl-10e">
         <path>C:\ti\CC3200SDK_1.3.0\cc3200-sdk\driverlib\ccs\Release\</path>
         <kind>archive</kind>
         <file>driverlib.a</file>
         <name>timer.obj</name>
      </input_file>
      <input_file id="fl-10f">
         <path>C:\ti\CC3200SDK_1.3.0\cc3200-sdk\driverlib\ccs\Release\</path>
         <kind>archive</kind>
         <file>driverlib.a</file>
         <name>uart.obj</name>
      </input_file>
      <input_file id="fl-110">
         <path>C:\ti\CC3200SDK_1.3.0\cc3200-sdk\driverlib\ccs\Release\</path>
         <kind>archive</kind>
         <file>driverlib.a</file>
         <name>utils.obj</name>
      </input_file>
      <input_file id="fl-111">
         <path>C:\ti\CC3200SDK_1.3.0\cc3200-sdk\driverlib\ccs\Release\</path>
         <kind>archive</kind>
         <file>driverlib.a</file>
         <name>cpu.obj</name>
      </input_file>
      <input_file id="fl-112">
         <path>C:\ti\CC3200SDK_1.3.0\cc3200-sdk\driverlib\ccs\Release\</path>
         <kind>archive</kind>
         <file>driverlib.a</file>
         <name>flash.obj</name>
      </input_file>
      <input_file id="fl-113">
         <path>C:\ti\CC3200SDK_1.3.0\cc3200-sdk\simplelink\ccs\NON_OS\</path>
         <kind>archive</kind>
         <file>simplelink.a</file>
         <name>device.obj</name>
      </input_file>
      <input_file id="fl-114">
         <path>C:\ti\CC3200SDK_1.3.0\cc3200-sdk\simplelink\ccs\NON_OS\</path>
         <kind>archive</kind>
         <file>simplelink.a</file>
         <name>driver.obj</name>
      </input_file>
      <input_file id="fl-115">
         <path>C:\ti\CC3200SDK_1.3.0\cc3200-sdk\simplelink\ccs\NON_OS\</path>
         <kind>archive</kind>
         <file>simplelink.a</file>
         <name>netapp.obj</name>
      </input_file>
      <input_file id="fl-116">
         <path>C:\ti\CC3200SDK_1.3.0\cc3200-sdk\simplelink\ccs\NON_OS\</path>
         <kind>archive</kind>
         <file>simplelink.a</file>
         <name>netcfg.obj</name>
      </input_file>
      <input_file id="fl-117">
         <path>C:\ti\CC3200SDK_1.3.0\cc3200-sdk\simplelink\ccs\NON_OS\</path>
         <kind>archive</kind>
         <file>simplelink.a</file>
         <name>nonos.obj</name>
      </input_file>
      <input_file id="fl-118">
         <path>C:\ti\CC3200SDK_1.3.0\cc3200-sdk\simplelink\ccs\NON_OS\</path>
         <kind>archive</kind>
         <file>simplelink.a</file>
         <name>socket.obj</name>
      </input_file>
      <input_file id="fl-119">
         <path>C:\ti\CC3200SDK_1.3.0\cc3200-sdk\simplelink\ccs\NON_OS\</path>
         <kind>archive</kind>
         <file>simplelink.a</file>
         <name>wlan.obj</name>
      </input_file>
      <input_file id="fl-11a">
         <path>C:\ti\CC3200SDK_1.3.0\cc3200-sdk\simplelink\ccs\NON_OS\</path>
         <kind>archive</kind>
         <file>simplelink.a</file>
         <name>cc_pal.obj</name>
      </input_file>
      <input_file id="fl-11b">
         <path>C:\ti\CC3200SDK_1.3.0\cc3200-sdk\driverlib\ccs\Release\</path>
         <kind>archive</kind>
         <file>driverlib.a</file>
         <name>udma.obj</name>
      </input_file>
   </input_file_list>
   <object_component_list>
      <object_component id="oc-f">
         <name>.intvecs</name>
         <load_address>0x20004000</load_address>
         <run_address>0x20004000</run_address>
         <size>0x400</size>
         <input_file_ref idref="fl-8"/>
      </object_component>
      <object_component id="oc-94">
         <name>.text</name>
         <load_address>0x20004400</load_address>
         <run_address>0x20004400</run_address>
         <size>0x1a34</size>
         <input_file_ref idref="fl-5"/>
      </object_component>
      <object_component id="oc-ec">
         <name>.text</name>
         <load_address>0x20005e34</load_address>
         <run_address>0x20005e34</run_address>
         <size>0xa80</size>
         <input_file_ref idref="fl-2"/>
      </object_component>
      <object_component id="oc-309">
         <name>.text:__TI_printfi</name>
         <load_address>0x200068b4</load_address>
         <run_address>0x200068b4</run_address>
         <size>0xa4a</size>
         <input_file_ref idref="fl-e1"/>
      </object_component>
      <object_component id="oc-795">
         <name>.text:IntDefaultHandler</name>
         <load_address>0x200072fe</load_address>
         <run_address>0x200072fe</run_address>
         <size>0x2</size>
         <input_file_ref idref="fl-10a"/>
      </object_component>
      <object_component id="oc-88c">
         <name>.text:_SlDrvMsgRead</name>
         <load_address>0x20007300</load_address>
         <run_address>0x20007300</run_address>
         <size>0x590</size>
         <input_file_ref idref="fl-114"/>
      </object_component>
      <object_component id="oc-e6">
         <name>.text</name>
         <load_address>0x20007890</load_address>
         <run_address>0x20007890</run_address>
         <size>0x4ba</size>
         <input_file_ref idref="fl-3"/>
      </object_component>
      <object_component id="oc-5de">
         <name>.text:_nop</name>
         <load_address>0x20007d4a</load_address>
         <run_address>0x20007d4a</run_address>
         <size>0x2</size>
         <input_file_ref idref="fl-ce"/>
      </object_component>
      <object_component id="oc-1c0">
         <name>.text</name>
         <load_address>0x20007d4c</load_address>
         <run_address>0x20007d4c</run_address>
         <size>0x398</size>
         <input_file_ref idref="fl-4"/>
      </object_component>
      <object_component id="oc-149">
         <name>.text</name>
         <load_address>0x200080e4</load_address>
         <run_address>0x200080e4</run_address>
         <size>0x280</size>
         <input_file_ref idref="fl-a"/>
      </object_component>
      <object_component id="oc-1ba">
         <name>.text:sl_WlanConnect</name>
         <load_address>0x20008364</load_address>
         <run_address>0x20008364</run_address>
         <size>0x27c</size>
         <input_file_ref idref="fl-119"/>
      </object_component>
      <object_component id="oc-5ba">
         <name>.text:_pconv_a</name>
         <load_address>0x200085e0</load_address>
         <run_address>0x200085e0</run_address>
         <size>0x268</size>
         <input_file_ref idref="fl-e1"/>
      </object_component>
      <object_component id="oc-93d">
         <name>.text:_SlDrvRxHdrRead</name>
         <load_address>0x20008848</load_address>
         <run_address>0x20008848</run_address>
         <size>0x24c</size>
         <input_file_ref idref="fl-114"/>
      </object_component>
      <object_component id="oc-3c0">
         <name>.text:_SlDrvReleasePoolObj</name>
         <load_address>0x20008a94</load_address>
         <run_address>0x20008a94</run_address>
         <size>0x1d0</size>
         <input_file_ref idref="fl-114"/>
      </object_component>
      <object_component id="oc-5a8">
         <name>.text:_pconv_g</name>
         <load_address>0x20008c64</load_address>
         <run_address>0x20008c64</run_address>
         <size>0x1cc</size>
         <input_file_ref idref="fl-e1"/>
      </object_component>
      <object_component id="oc-7e5">
         <name>.text</name>
         <load_address>0x20008e30</load_address>
         <run_address>0x20008e30</run_address>
         <size>0x1b6</size>
         <input_file_ref idref="fl-f7"/>
      </object_component>
      <object_component id="oc-8f5">
         <name>.text</name>
         <load_address>0x20008fe6</load_address>
         <run_address>0x20008fe6</run_address>
         <size>0x2</size>
         <input_file_ref idref="fl-101"/>
      </object_component>
      <object_component id="oc-396">
         <name>.text:_SlDrvDriverCBInit</name>
         <load_address>0x20008fe8</load_address>
         <run_address>0x20008fe8</run_address>
         <size>0x1b4</size>
         <input_file_ref idref="fl-114"/>
      </object_component>
      <object_component id="oc-6ec">
         <name>.text:_SlDrvMsgWrite</name>
         <load_address>0x2000919c</load_address>
         <run_address>0x2000919c</run_address>
         <size>0x19c</size>
         <input_file_ref idref="fl-114"/>
      </object_component>
      <object_component id="oc-10a">
         <name>.text</name>
         <load_address>0x20009338</load_address>
         <run_address>0x20009338</run_address>
         <size>0x198</size>
         <input_file_ref idref="fl-9"/>
      </object_component>
      <object_component id="oc-497">
         <name>.text:_SlDrvWaitForPoolObj</name>
         <load_address>0x200094d0</load_address>
         <run_address>0x200094d0</run_address>
         <size>0x190</size>
         <input_file_ref idref="fl-114"/>
      </object_component>
      <object_component id="oc-1f1">
         <name>.text:sl_Connect</name>
         <load_address>0x20009660</load_address>
         <run_address>0x20009660</run_address>
         <size>0x18c</size>
         <input_file_ref idref="fl-118"/>
      </object_component>
      <object_component id="oc-1f8">
         <name>.text</name>
         <load_address>0x200097ec</load_address>
         <run_address>0x200097ec</run_address>
         <size>0x17c</size>
         <input_file_ref idref="fl-7"/>
      </object_component>
      <object_component id="oc-1b4">
         <name>.text:PRCMCC3200MCUInit</name>
         <load_address>0x20009968</load_address>
         <run_address>0x20009968</run_address>
         <size>0x178</size>
         <input_file_ref idref="fl-10c"/>
      </object_component>
      <object_component id="oc-94f">
         <name>.text:_SlFindAndSetActiveObj</name>
         <load_address>0x20009ae0</load_address>
         <run_address>0x20009ae0</run_address>
         <size>0x170</size>
         <input_file_ref idref="fl-114"/>
      </object_component>
      <object_component id="oc-509">
         <name>.text:_SlDrvDataWriteOp</name>
         <load_address>0x20009c50</load_address>
         <run_address>0x20009c50</run_address>
         <size>0x150</size>
         <input_file_ref idref="fl-114"/>
      </object_component>
      <object_component id="oc-39c">
         <name>.text:spi_Open</name>
         <load_address>0x20009da0</load_address>
         <run_address>0x20009da0</run_address>
         <size>0x148</size>
         <input_file_ref idref="fl-11a"/>
      </object_component>
      <object_component id="oc-6f2">
         <name>.text:_SlDrvMsgReadCmdCtx</name>
         <load_address>0x20009ee8</load_address>
         <run_address>0x20009ee8</run_address>
         <size>0x144</size>
         <input_file_ref idref="fl-114"/>
      </object_component>
      <object_component id="oc-1d3">
         <name>.text:sl_NetAppDnsGetHostByName</name>
         <load_address>0x2000a02c</load_address>
         <run_address>0x2000a02c</run_address>
         <size>0x144</size>
         <input_file_ref idref="fl-115"/>
      </object_component>
      <object_component id="oc-5b4">
         <name>.text:_pconv_e</name>
         <load_address>0x2000a170</load_address>
         <run_address>0x2000a170</run_address>
         <size>0x13c</size>
         <input_file_ref idref="fl-e1"/>
      </object_component>
      <object_component id="oc-7cb">
         <name>.text</name>
         <load_address>0x2000a2ac</load_address>
         <run_address>0x2000a2ac</run_address>
         <size>0x136</size>
         <input_file_ref idref="fl-f9"/>
      </object_component>
      <object_component id="oc-20e">
         <name>.text:sl_Send</name>
         <load_address>0x2000a3e4</load_address>
         <run_address>0x2000a3e4</run_address>
         <size>0x134</size>
         <input_file_ref idref="fl-118"/>
      </object_component>
      <object_component id="oc-405">
         <name>.text:_SlDrvDriverCBDeinit</name>
         <load_address>0x2000a518</load_address>
         <run_address>0x2000a518</run_address>
         <size>0x130</size>
         <input_file_ref idref="fl-114"/>
      </object_component>
      <object_component id="oc-7f7">
         <name>.text:fcvt</name>
         <load_address>0x2000a648</load_address>
         <run_address>0x2000a648</run_address>
         <size>0x120</size>
         <input_file_ref idref="fl-e1"/>
      </object_component>
      <object_component id="oc-2f4">
         <name>.text:fputs</name>
         <load_address>0x2000a768</load_address>
         <run_address>0x2000a768</run_address>
         <size>0x114</size>
         <input_file_ref idref="fl-d3"/>
      </object_component>
      <object_component id="oc-365">
         <name>.text:realloc</name>
         <load_address>0x2000a87c</load_address>
         <run_address>0x2000a87c</run_address>
         <size>0x114</size>
         <input_file_ref idref="fl-cd"/>
      </object_component>
      <object_component id="oc-9d2">
         <name>.text:_SlDrvNetAppEventHandler</name>
         <load_address>0x2000a990</load_address>
         <run_address>0x2000a990</run_address>
         <size>0x104</size>
         <input_file_ref idref="fl-115"/>
      </object_component>
      <object_component id="oc-7c6">
         <name>.text</name>
         <load_address>0x2000aa94</load_address>
         <run_address>0x2000aa94</run_address>
         <size>0xfc</size>
         <input_file_ref idref="fl-fa"/>
      </object_component>
      <object_component id="oc-165">
         <name>.text:sl_Stop</name>
         <load_address>0x2000ab90</load_address>
         <run_address>0x2000ab90</run_address>
         <size>0xf0</size>
         <input_file_ref idref="fl-113"/>
      </object_component>
      <object_component id="oc-949">
         <name>.text:spi_Read</name>
         <load_address>0x2000ac80</load_address>
         <run_address>0x2000ac80</run_address>
         <size>0xf0</size>
         <input_file_ref idref="fl-11a"/>
      </object_component>
      <object_component id="oc-a7f">
         <name>.text:uDMAChannelTransferSet</name>
         <load_address>0x2000ad70</load_address>
         <run_address>0x2000ad70</run_address>
         <size>0xf0</size>
         <input_file_ref idref="fl-11b"/>
      </object_component>
      <object_component id="oc-153">
         <name>.text:sl_Start</name>
         <load_address>0x2000ae60</load_address>
         <run_address>0x2000ae60</run_address>
         <size>0xec</size>
         <input_file_ref idref="fl-113"/>
      </object_component>
      <object_component id="oc-892">
         <name>.text:_SlAsyncEventGenericHandler</name>
         <load_address>0x2000af4c</load_address>
         <run_address>0x2000af4c</run_address>
         <size>0xe8</size>
         <input_file_ref idref="fl-114"/>
      </object_component>
      <object_component id="oc-6d3">
         <name>.text:_SlDrvMsgReadSpawnCtx</name>
         <load_address>0x2000b034</load_address>
         <run_address>0x2000b034</run_address>
         <size>0xe8</size>
         <input_file_ref idref="fl-114"/>
      </object_component>
      <object_component id="oc-440">
         <name>.text:sl_NetAppMDNSRegisterUnregisterService</name>
         <load_address>0x2000b11c</load_address>
         <run_address>0x2000b11c</run_address>
         <size>0xe4</size>
         <input_file_ref idref="fl-115"/>
      </object_component>
      <object_component id="oc-943">
         <name>.text:_SlDrvClassifyRxMsg</name>
         <load_address>0x2000b200</load_address>
         <run_address>0x2000b200</run_address>
         <size>0xdc</size>
         <input_file_ref idref="fl-114"/>
      </object_component>
      <object_component id="oc-7a2">
         <name>.text:setvbuf</name>
         <load_address>0x2000b2dc</load_address>
         <run_address>0x2000b2dc</run_address>
         <size>0xdc</size>
         <input_file_ref idref="fl-e9"/>
      </object_component>
      <object_component id="oc-36b">
         <name>.text:free</name>
         <load_address>0x2000b3b8</load_address>
         <run_address>0x2000b3b8</run_address>
         <size>0xd8</size>
         <input_file_ref idref="fl-cd"/>
      </object_component>
      <object_component id="oc-80b">
         <name>.text:scalbn</name>
         <load_address>0x2000b490</load_address>
         <run_address>0x2000b490</run_address>
         <size>0xd0</size>
         <input_file_ref idref="fl-f4"/>
      </object_component>
      <object_component id="oc-a3d">
         <name>.text:_sl_HandleAsync_DnsGetHostByService</name>
         <load_address>0x2000b560</load_address>
         <run_address>0x2000b560</run_address>
         <size>0xcc</size>
         <input_file_ref idref="fl-115"/>
      </object_component>
      <object_component id="oc-16b">
         <name>.text:sl_DevGet</name>
         <load_address>0x2000b62c</load_address>
         <run_address>0x2000b62c</run_address>
         <size>0xcc</size>
         <input_file_ref idref="fl-113"/>
      </object_component>
      <object_component id="oc-6b3">
         <name>.text:_SlRemoveFromList</name>
         <load_address>0x2000b6f8</load_address>
         <run_address>0x2000b6f8</run_address>
         <size>0xc4</size>
         <input_file_ref idref="fl-114"/>
      </object_component>
      <object_component id="oc-3e9">
         <name>.text:_SlDrvCmdOp</name>
         <load_address>0x2000b7bc</load_address>
         <run_address>0x2000b7bc</run_address>
         <size>0xc0</size>
         <input_file_ref idref="fl-114"/>
      </object_component>
      <object_component id="oc-59d">
         <name>.text:_ltostr</name>
         <load_address>0x2000b87c</load_address>
         <run_address>0x2000b87c</run_address>
         <size>0xb1</size>
         <input_file_ref idref="fl-e1"/>
      </object_component>
      <object_component id="oc-648">
         <name>.text:_SlNonOsSemGet</name>
         <load_address>0x2000b930</load_address>
         <run_address>0x2000b930</run_address>
         <size>0xb0</size>
         <input_file_ref idref="fl-117"/>
      </object_component>
      <object_component id="oc-55e">
         <name>.text:IntDisable</name>
         <load_address>0x2000b9e0</load_address>
         <run_address>0x2000b9e0</run_address>
         <size>0xa8</size>
         <input_file_ref idref="fl-10a"/>
      </object_component>
      <object_component id="oc-1ae">
         <name>.text:IntEnable</name>
         <load_address>0x2000ba88</load_address>
         <run_address>0x2000ba88</run_address>
         <size>0xa8</size>
         <input_file_ref idref="fl-10a"/>
      </object_component>
      <object_component id="oc-6ac">
         <name>.text:_SlDriverHandleError</name>
         <load_address>0x2000bb30</load_address>
         <run_address>0x2000bb30</run_address>
         <size>0xa4</size>
         <input_file_ref idref="fl-114"/>
      </object_component>
      <object_component id="oc-da">
         <name>.text:SPIConfigSetExpClk</name>
         <load_address>0x2000bbd4</load_address>
         <run_address>0x2000bbd4</run_address>
         <size>0xa0</size>
         <input_file_ref idref="fl-10d"/>
      </object_component>
      <object_component id="oc-3a">
         <name>.text</name>
         <load_address>0x2000bc74</load_address>
         <run_address>0x2000bc74</run_address>
         <size>0x9c</size>
         <input_file_ref idref="fl-c6"/>
      </object_component>
      <object_component id="oc-a2f">
         <name>.text:_SlDrvDeviceEventHandler</name>
         <load_address>0x2000bd10</load_address>
         <run_address>0x2000bd10</run_address>
         <size>0x9a</size>
         <input_file_ref idref="fl-113"/>
      </object_component>
      <object_component id="oc-1c7">
         <name>.text:sl_DevSet</name>
         <load_address>0x2000bdac</load_address>
         <run_address>0x2000bdac</run_address>
         <size>0x98</size>
         <input_file_ref idref="fl-113"/>
      </object_component>
      <object_component id="oc-183">
         <name>.text:sl_NetCfgSet</name>
         <load_address>0x2000be44</load_address>
         <run_address>0x2000be44</run_address>
         <size>0x98</size>
         <input_file_ref idref="fl-116"/>
      </object_component>
      <object_component id="oc-1eb">
         <name>.text:sl_SetSockOpt</name>
         <load_address>0x2000bedc</load_address>
         <run_address>0x2000bedc</run_address>
         <size>0x98</size>
         <input_file_ref idref="fl-118"/>
      </object_component>
      <object_component id="oc-189">
         <name>.text:sl_WlanSet</name>
         <load_address>0x2000bf74</load_address>
         <run_address>0x2000bf74</run_address>
         <size>0x98</size>
         <input_file_ref idref="fl-119"/>
      </object_component>
      <object_component id="oc-89b">
         <name>.text:spi_Write</name>
         <load_address>0x2000c00c</load_address>
         <run_address>0x2000c00c</run_address>
         <size>0x98</size>
         <input_file_ref idref="fl-11a"/>
      </object_component>
      <object_component id="oc-7bf">
         <name>.text</name>
         <load_address>0x2000c0a4</load_address>
         <run_address>0x2000c0a4</run_address>
         <size>0x96</size>
         <input_file_ref idref="fl-fd"/>
      </object_component>
      <object_component id="oc-d4">
         <name>.text:PRCMPeripheralClockGet</name>
         <load_address>0x2000c13c</load_address>
         <run_address>0x2000c13c</run_address>
         <size>0x94</size>
         <input_file_ref idref="fl-10c"/>
      </object_component>
      <object_component id="oc-a37">
         <name>.text:_sl_HandleAsync_DnsGetHostByName</name>
         <load_address>0x2000c1d0</load_address>
         <run_address>0x2000c1d0</run_address>
         <size>0x90</size>
         <input_file_ref idref="fl-115"/>
      </object_component>
      <object_component id="oc-9d8">
         <name>.text:_sl_HandleAsync_PingResponse</name>
         <load_address>0x2000c260</load_address>
         <run_address>0x2000c260</run_address>
         <size>0x90</size>
         <input_file_ref idref="fl-115"/>
      </object_component>
      <object_component id="oc-171">
         <name>.text:sl_WlanPolicySet</name>
         <load_address>0x2000c2f0</load_address>
         <run_address>0x2000c2f0</run_address>
         <size>0x90</size>
         <input_file_ref idref="fl-119"/>
      </object_component>
      <object_component id="oc-9df">
         <name>.text:SetupDMAReceive</name>
         <load_address>0x2000c380</load_address>
         <run_address>0x2000c380</run_address>
         <size>0x8c</size>
         <input_file_ref idref="fl-11a"/>
      </object_component>
      <object_component id="oc-95a">
         <name>.text:SetupDMASend</name>
         <load_address>0x2000c40c</load_address>
         <run_address>0x2000c40c</run_address>
         <size>0x8c</size>
         <input_file_ref idref="fl-11a"/>
      </object_component>
      <object_component id="oc-84d">
         <name>.text:_SlDrvIsTimeoutExpired</name>
         <load_address>0x2000c498</load_address>
         <run_address>0x2000c498</run_address>
         <size>0x8c</size>
         <input_file_ref idref="fl-114"/>
      </object_component>
      <object_component id="oc-aac">
         <name>.text:_sl_HandleAsync_InitComplete</name>
         <load_address>0x2000c524</load_address>
         <run_address>0x2000c524</run_address>
         <size>0x8c</size>
         <input_file_ref idref="fl-113"/>
      </object_component>
      <object_component id="oc-5e9">
         <name>.text:fputc</name>
         <load_address>0x2000c5b0</load_address>
         <run_address>0x2000c5b0</run_address>
         <size>0x8c</size>
         <input_file_ref idref="fl-e4"/>
      </object_component>
      <object_component id="oc-1e5">
         <name>.text:sl_Socket</name>
         <load_address>0x2000c63c</load_address>
         <run_address>0x2000c63c</run_address>
         <size>0x8c</size>
         <input_file_ref idref="fl-118"/>
      </object_component>
      <object_component id="oc-750">
         <name>.text:PinConfigSet</name>
         <load_address>0x2000c6c8</load_address>
         <run_address>0x2000c6c8</run_address>
         <size>0x88</size>
         <input_file_ref idref="fl-10b"/>
      </object_component>
      <object_component id="oc-5a3">
         <name>.text:__aeabi_cdcmple</name>
         <load_address>0x2000c750</load_address>
         <run_address>0x2000c750</run_address>
         <size>0x86</size>
         <input_file_ref idref="fl-f8"/>
      </object_component>
      <object_component id="oc-7d0">
         <name>.text:__aeabi_cdrcmple</name>
         <load_address>0x2000c7d6</load_address>
         <run_address>0x2000c7d6</run_address>
         <size>0x86</size>
         <input_file_ref idref="fl-f8"/>
      </object_component>
      <object_component id="oc-198">
         <name>.text:sl_WlanRxFilterSet</name>
         <load_address>0x2000c85c</load_address>
         <run_address>0x2000c85c</run_address>
         <size>0x84</size>
         <input_file_ref idref="fl-119"/>
      </object_component>
      <object_component id="oc-f8">
         <name>.text:GPIOIntTypeSet</name>
         <load_address>0x2000c8e0</load_address>
         <run_address>0x2000c8e0</run_address>
         <size>0x82</size>
         <input_file_ref idref="fl-109"/>
      </object_component>
      <object_component id="oc-a5f">
         <name>.text:_sl_HandleAsync_Connect</name>
         <load_address>0x2000c964</load_address>
         <run_address>0x2000c964</run_address>
         <size>0x80</size>
         <input_file_ref idref="fl-118"/>
      </object_component>
      <object_component id="oc-9e5">
         <name>.text:spi_Read_CPU</name>
         <load_address>0x2000c9e4</load_address>
         <run_address>0x2000c9e4</run_address>
         <size>0x80</size>
         <input_file_ref idref="fl-11a"/>
      </object_component>
      <object_component id="oc-966">
         <name>.text:spi_Write_CPU</name>
         <load_address>0x2000ca64</load_address>
         <run_address>0x2000ca64</run_address>
         <size>0x80</size>
         <input_file_ref idref="fl-11a"/>
      </object_component>
      <object_component id="oc-2fa">
         <name>.text:fflush</name>
         <load_address>0x2000cae4</load_address>
         <run_address>0x2000cae4</run_address>
         <size>0x7c</size>
         <input_file_ref idref="fl-d2"/>
      </object_component>
      <object_component id="oc-88">
         <name>.text</name>
         <load_address>0x2000cb60</load_address>
         <run_address>0x2000cb60</run_address>
         <size>0x7a</size>
         <input_file_ref idref="fl-c7"/>
      </object_component>
      <object_component id="oc-35f">
         <name>.text:malloc</name>
         <load_address>0x2000cbdc</load_address>
         <run_address>0x2000cbdc</run_address>
         <size>0x78</size>
         <input_file_ref idref="fl-cd"/>
      </object_component>
      <object_component id="oc-3ff">
         <name>.text:spi_Close</name>
         <load_address>0x2000cc54</load_address>
         <run_address>0x2000cc54</run_address>
         <size>0x78</size>
         <input_file_ref idref="fl-11a"/>
      </object_component>
      <object_component id="oc-33b">
         <name>.text:UARTConfigSetExpClk</name>
         <load_address>0x2000cccc</load_address>
         <run_address>0x2000cccc</run_address>
         <size>0x76</size>
         <input_file_ref idref="fl-10f"/>
      </object_component>
      <object_component id="oc-159">
         <name>.text:_SlNonOsMainLoopTask</name>
         <load_address>0x2000cd44</load_address>
         <run_address>0x2000cd44</run_address>
         <size>0x74</size>
         <input_file_ref idref="fl-117"/>
      </object_component>
      <object_component id="oc-979">
         <name>.text:__TI_closefile</name>
         <load_address>0x2000cdb8</load_address>
         <run_address>0x2000cdb8</run_address>
         <size>0x74</size>
         <input_file_ref idref="fl-102"/>
      </object_component>
      <object_component id="oc-2bc">
         <name>.text:TimerIntRegister</name>
         <load_address>0x2000ce2c</load_address>
         <run_address>0x2000ce2c</run_address>
         <size>0x70</size>
         <input_file_ref idref="fl-10e"/>
      </object_component>
      <object_component id="oc-7f0">
         <name>.text:_mcpy</name>
         <load_address>0x2000ce9c</load_address>
         <run_address>0x2000ce9c</run_address>
         <size>0x6e</size>
         <input_file_ref idref="fl-e1"/>
      </object_component>
      <object_component id="oc-ab6">
         <name>.text:_SlDrvCmdSend</name>
         <load_address>0x2000cf0c</load_address>
         <run_address>0x2000cf0c</run_address>
         <size>0x6c</size>
         <input_file_ref idref="fl-114"/>
      </object_component>
      <object_component id="oc-a49">
         <name>.text:_sl_NetAppSendTokenValue</name>
         <load_address>0x2000cf78</load_address>
         <run_address>0x2000cf78</run_address>
         <size>0x6c</size>
         <input_file_ref idref="fl-115"/>
      </object_component>
      <object_component id="oc-99a">
         <name>.text:HOSTlseek</name>
         <load_address>0x2000cfe4</load_address>
         <run_address>0x2000cfe4</run_address>
         <size>0x68</size>
         <input_file_ref idref="fl-ec"/>
      </object_component>
      <object_component id="oc-9a6">
         <name>.text:HOSTrename</name>
         <load_address>0x2000d04c</load_address>
         <run_address>0x2000d04c</run_address>
         <size>0x68</size>
         <input_file_ref idref="fl-ef"/>
      </object_component>
      <object_component id="oc-2ec">
         <name>.text:TimerIntUnregister</name>
         <load_address>0x2000d0b4</load_address>
         <run_address>0x2000d0b4</run_address>
         <size>0x68</size>
         <input_file_ref idref="fl-10e"/>
      </object_component>
      <object_component id="oc-12">
         <name>.text:decompress:lzss:__TI_decompress_lzss</name>
         <load_address>0x2000d11c</load_address>
         <run_address>0x2000d11c</run_address>
         <size>0x68</size>
         <input_file_ref idref="fl-ca"/>
      </object_component>
      <object_component id="oc-125">
         <name>.text:printf</name>
         <load_address>0x2000d184</load_address>
         <run_address>0x2000d184</run_address>
         <size>0x68</size>
         <input_file_ref idref="fl-d6"/>
      </object_component>
      <object_component id="oc-6cd">
         <name>.text:_SlNonOsSpawn</name>
         <load_address>0x2000d1ec</load_address>
         <run_address>0x2000d1ec</run_address>
         <size>0x64</size>
         <input_file_ref idref="fl-117"/>
      </object_component>
      <object_component id="oc-a59">
         <name>.text:_sl_HandleAsync_Accept</name>
         <load_address>0x2000d250</load_address>
         <run_address>0x2000d250</run_address>
         <size>0x64</size>
         <input_file_ref idref="fl-118"/>
      </object_component>
      <object_component id="oc-79c">
         <name>.text:fseek</name>
         <load_address>0x2000d2b4</load_address>
         <run_address>0x2000d2b4</run_address>
         <size>0x64</size>
         <input_file_ref idref="fl-e5"/>
      </object_component>
      <object_component id="oc-18f">
         <name>.text:sl_NetAppMDNSUnRegisterService</name>
         <load_address>0x2000d318</load_address>
         <run_address>0x2000d318</run_address>
         <size>0x64</size>
         <input_file_ref idref="fl-115"/>
      </object_component>
      <object_component id="oc-862">
         <name>.text:uDMAChannelAttributeDisable</name>
         <load_address>0x2000d37c</load_address>
         <run_address>0x2000d37c</run_address>
         <size>0x64</size>
         <input_file_ref idref="fl-11b"/>
      </object_component>
      <object_component id="oc-a79">
         <name>.text:uDMAChannelAttributeEnable</name>
         <load_address>0x2000d3e0</load_address>
         <run_address>0x2000d3e0</run_address>
         <size>0x64</size>
         <input_file_ref idref="fl-11b"/>
      </object_component>
      <object_component id="oc-56d">
         <name>.text:__TI_wrt_ok</name>
         <load_address>0x2000d444</load_address>
         <run_address>0x2000d444</run_address>
         <size>0x62</size>
         <input_file_ref idref="fl-e0"/>
      </object_component>
      <object_component id="oc-982">
         <name>.text:HOSTopen</name>
         <load_address>0x2000d4a8</load_address>
         <run_address>0x2000d4a8</run_address>
         <size>0x60</size>
         <input_file_ref idref="fl-ed"/>
      </object_component>
      <object_component id="oc-214">
         <name>.text:sl_Close</name>
         <load_address>0x2000d508</load_address>
         <run_address>0x2000d508</run_address>
         <size>0x60</size>
         <input_file_ref idref="fl-118"/>
      </object_component>
      <object_component id="oc-177">
         <name>.text:sl_WlanProfileDel</name>
         <load_address>0x2000d568</load_address>
         <run_address>0x2000d568</run_address>
         <size>0x60</size>
         <input_file_ref idref="fl-119"/>
      </object_component>
      <object_component id="oc-15f">
         <name>.text:sl_WlanSetMode</name>
         <load_address>0x2000d5c8</load_address>
         <run_address>0x2000d5c8</run_address>
         <size>0x60</size>
         <input_file_ref idref="fl-119"/>
      </object_component>
      <object_component id="oc-9ff">
         <name>.text:close</name>
         <load_address>0x2000d628</load_address>
         <run_address>0x2000d628</run_address>
         <size>0x5c</size>
         <input_file_ref idref="fl-108"/>
      </object_component>
      <object_component id="oc-805">
         <name>.text:frexp</name>
         <load_address>0x2000d684</load_address>
         <run_address>0x2000d684</run_address>
         <size>0x5c</size>
         <input_file_ref idref="fl-f3"/>
      </object_component>
      <object_component id="oc-98e">
         <name>.text:HOSTread</name>
         <load_address>0x2000d6e0</load_address>
         <run_address>0x2000d6e0</run_address>
         <size>0x58</size>
         <input_file_ref idref="fl-ee"/>
      </object_component>
      <object_component id="oc-994">
         <name>.text:HOSTwrite</name>
         <load_address>0x2000d738</load_address>
         <run_address>0x2000d738</run_address>
         <size>0x58</size>
         <input_file_ref idref="fl-f1"/>
      </object_component>
      <object_component id="oc-69e">
         <name>.text:IntPendClear</name>
         <load_address>0x2000d790</load_address>
         <run_address>0x2000d790</run_address>
         <size>0x58</size>
         <input_file_ref idref="fl-10a"/>
      </object_component>
      <object_component id="oc-c8">
         <name>.text:PRCMPeripheralReset</name>
         <load_address>0x2000d7e8</load_address>
         <run_address>0x2000d7e8</run_address>
         <size>0x58</size>
         <input_file_ref idref="fl-10c"/>
      </object_component>
      <object_component id="oc-5ae">
         <name>.text:_pconv_f</name>
         <load_address>0x2000d840</load_address>
         <run_address>0x2000d840</run_address>
         <size>0x56</size>
         <input_file_ref idref="fl-e1"/>
      </object_component>
      <object_component id="oc-2b6">
         <name>.text:IntPrioritySet</name>
         <load_address>0x2000d898</load_address>
         <run_address>0x2000d898</run_address>
         <size>0x54</size>
         <input_file_ref idref="fl-10a"/>
      </object_component>
      <object_component id="oc-3d2">
         <name>.text:_SlDrvRxIrqHandler</name>
         <load_address>0x2000d8ec</load_address>
         <run_address>0x2000d8ec</run_address>
         <size>0x54</size>
         <input_file_ref idref="fl-114"/>
      </object_component>
      <object_component id="oc-a65">
         <name>.text:_sl_HandleAsync_Select</name>
         <load_address>0x2000d940</load_address>
         <run_address>0x2000d940</run_address>
         <size>0x54</size>
         <input_file_ref idref="fl-118"/>
      </object_component>
      <object_component id="oc-7da">
         <name>.text:ltoa</name>
         <load_address>0x2000d994</load_address>
         <run_address>0x2000d994</run_address>
         <size>0x54</size>
         <input_file_ref idref="fl-e7"/>
      </object_component>
      <object_component id="oc-7ea">
         <name>.text:_ecpy</name>
         <load_address>0x2000d9e8</load_address>
         <run_address>0x2000d9e8</run_address>
         <size>0x52</size>
         <input_file_ref idref="fl-e1"/>
      </object_component>
      <object_component id="oc-a6b">
         <name>.text:_sl_HandleAsync_Stop</name>
         <load_address>0x2000da3c</load_address>
         <run_address>0x2000da3c</run_address>
         <size>0x50</size>
         <input_file_ref idref="fl-113"/>
      </object_component>
      <object_component id="oc-67d">
         <name>.text:SPIIntEnable</name>
         <load_address>0x2000da8c</load_address>
         <run_address>0x2000da8c</run_address>
         <size>0x4c</size>
         <input_file_ref idref="fl-10d"/>
      </object_component>
      <object_component id="oc-8a6">
         <name>.text:SPIIntNumberGet</name>
         <load_address>0x2000dad8</load_address>
         <run_address>0x2000dad8</run_address>
         <size>0x4c</size>
         <input_file_ref idref="fl-10d"/>
      </object_component>
      <object_component id="oc-3a2">
         <name>.text:_SlDrvProtectAsyncRespSetting</name>
         <load_address>0x2000db24</load_address>
         <run_address>0x2000db24</run_address>
         <size>0x4c</size>
         <input_file_ref idref="fl-114"/>
      </object_component>
      <object_component id="oc-579">
         <name>.text:__TI_doflush</name>
         <load_address>0x2000db70</load_address>
         <run_address>0x2000db70</run_address>
         <size>0x4c</size>
         <input_file_ref idref="fl-d2"/>
      </object_component>
      <object_component id="oc-4c8">
         <name>.text:_sl_BuildAddress</name>
         <load_address>0x2000dbbc</load_address>
         <run_address>0x2000dbbc</run_address>
         <size>0x4c</size>
         <input_file_ref idref="fl-118"/>
      </object_component>
      <object_component id="oc-597">
         <name>.text:atoi</name>
         <load_address>0x2000dc08</load_address>
         <run_address>0x2000dc08</run_address>
         <size>0x4c</size>
         <input_file_ref idref="fl-e2"/>
      </object_component>
      <object_component id="oc-85c">
         <name>.text:uDMAChannelAssign</name>
         <load_address>0x2000dc54</load_address>
         <run_address>0x2000dc54</run_address>
         <size>0x4c</size>
         <input_file_ref idref="fl-11b"/>
      </object_component>
      <object_component id="oc-299">
         <name>.text:GPIOGetIntNumber</name>
         <load_address>0x2000dca0</load_address>
         <run_address>0x2000dca0</run_address>
         <size>0x48</size>
         <input_file_ref idref="fl-109"/>
      </object_component>
      <object_component id="oc-87c">
         <name>.text:SPIIntClear</name>
         <load_address>0x2000dce8</load_address>
         <run_address>0x2000dce8</run_address>
         <size>0x48</size>
         <input_file_ref idref="fl-10d"/>
      </object_component>
      <object_component id="oc-42b">
         <name>.text:_SlDrvBasicCmd</name>
         <load_address>0x2000dd30</load_address>
         <run_address>0x2000dd30</run_address>
         <size>0x48</size>
         <input_file_ref idref="fl-114"/>
      </object_component>
      <object_component id="oc-235">
         <name>.text:exit</name>
         <load_address>0x2000dd78</load_address>
         <run_address>0x2000dd78</run_address>
         <size>0x48</size>
         <input_file_ref idref="fl-cc"/>
      </object_component>
      <object_component id="oc-7d5">
         <name>.text</name>
         <load_address>0x2000ddc0</load_address>
         <run_address>0x2000ddc0</run_address>
         <size>0x48</size>
         <input_file_ref idref="fl-fb"/>
      </object_component>
      <object_component id="oc-988">
         <name>.text:HOSTclose</name>
         <load_address>0x2000de08</load_address>
         <run_address>0x2000de08</run_address>
         <size>0x44</size>
         <input_file_ref idref="fl-eb"/>
      </object_component>
      <object_component id="oc-9a0">
         <name>.text:HOSTunlink</name>
         <load_address>0x2000de4c</load_address>
         <run_address>0x2000de4c</run_address>
         <size>0x44</size>
         <input_file_ref idref="fl-f0"/>
      </object_component>
      <object_component id="oc-86c">
         <name>.text:SPIDmaMaskGet</name>
         <load_address>0x2000de90</load_address>
         <run_address>0x2000de90</run_address>
         <size>0x44</size>
         <input_file_ref idref="fl-10d"/>
      </object_component>
      <object_component id="oc-2aa">
         <name>.text:TimerConfigure</name>
         <load_address>0x2000ded4</load_address>
         <run_address>0x2000ded4</run_address>
         <size>0x44</size>
         <input_file_ref idref="fl-10e"/>
      </object_component>
      <object_component id="oc-3ba">
         <name>.text:_SlDrvSyncObjWaitTimeout</name>
         <load_address>0x2000df18</load_address>
         <run_address>0x2000df18</run_address>
         <size>0x44</size>
         <input_file_ref idref="fl-114"/>
      </object_component>
      <object_component id="oc-23b">
         <name>.text:__TI_auto_init_nobinit_nopinit:__TI_auto_init_nobinit_nopinit</name>
         <load_address>0x2000df5c</load_address>
         <run_address>0x2000df5c</run_address>
         <size>0x44</size>
         <input_file_ref idref="fl-dd"/>
      </object_component>
      <object_component id="oc-9f2">
         <name>.text:cc_SetupTransfer</name>
         <load_address>0x2000dfa0</load_address>
         <run_address>0x2000dfa0</run_address>
         <size>0x44</size>
         <input_file_ref idref="fl-11a"/>
      </object_component>
      <object_component id="oc-a8e">
         <name>.text:getdevice</name>
         <load_address>0x2000dfe4</load_address>
         <run_address>0x2000dfe4</run_address>
         <size>0x44</size>
         <input_file_ref idref="fl-103"/>
      </object_component>
      <object_component id="oc-1df">
         <name>.text:sl_Htonl</name>
         <load_address>0x2000e028</load_address>
         <run_address>0x2000e028</run_address>
         <size>0x42</size>
         <input_file_ref idref="fl-118"/>
      </object_component>
      <object_component id="oc-4d2">
         <name>.text:PinModeSet</name>
         <load_address>0x2000e06c</load_address>
         <run_address>0x2000e06c</run_address>
         <size>0x40</size>
         <input_file_ref idref="fl-10b"/>
      </object_component>
      <object_component id="oc-503">
         <name>.text:_sl_TruncatePayloadByProtocol</name>
         <load_address>0x2000e0ac</load_address>
         <run_address>0x2000e0ac</run_address>
         <size>0x40</size>
         <input_file_ref idref="fl-118"/>
      </object_component>
      <object_component id="oc-208">
         <name>.text:sprintf</name>
         <load_address>0x2000e0ec</load_address>
         <run_address>0x2000e0ec</run_address>
         <size>0x40</size>
         <input_file_ref idref="fl-d7"/>
      </object_component>
      <object_component id="oc-347">
         <name>.text:vsnprintf</name>
         <load_address>0x2000e12c</load_address>
         <run_address>0x2000e12c</run_address>
         <size>0x40</size>
         <input_file_ref idref="fl-db"/>
      </object_component>
      <object_component id="oc-3ae">
         <name>.text:NwpRegisterInterruptHandler</name>
         <load_address>0x2000e16c</load_address>
         <run_address>0x2000e16c</run_address>
         <size>0x3e</size>
         <input_file_ref idref="fl-11a"/>
      </object_component>
      <object_component id="oc-7fd">
         <name>.text:_fcpy</name>
         <load_address>0x2000e1aa</load_address>
         <run_address>0x2000e1aa</run_address>
         <size>0x3e</size>
         <input_file_ref idref="fl-e1"/>
      </object_component>
      <object_component id="oc-a50">
         <name>.text:CopyPingResultsToReport</name>
         <load_address>0x2000e1e8</load_address>
         <run_address>0x2000e1e8</run_address>
         <size>0x3c</size>
         <input_file_ref idref="fl-115"/>
      </object_component>
      <object_component id="oc-c2">
         <name>.text:PRCMPeripheralClkEnable</name>
         <load_address>0x2000e224</load_address>
         <run_address>0x2000e224</run_address>
         <size>0x3c</size>
         <input_file_ref idref="fl-10c"/>
      </object_component>
      <object_component id="oc-631">
         <name>.text:minsert</name>
         <load_address>0x2000e260</load_address>
         <run_address>0x2000e260</run_address>
         <size>0x3c</size>
         <input_file_ref idref="fl-cd"/>
      </object_component>
      <object_component id="oc-9bf">
         <name>.text:simplelink_timerA2_start</name>
         <load_address>0x2000e29c</load_address>
         <run_address>0x2000e29c</run_address>
         <size>0x3c</size>
         <input_file_ref idref="fl-11a"/>
      </object_component>
      <object_component id="oc-1d9">
         <name>.text:sl_Htons</name>
         <load_address>0x2000e2d8</load_address>
         <run_address>0x2000e2d8</run_address>
         <size>0x3c</size>
         <input_file_ref idref="fl-118"/>
      </object_component>
      <object_component id="oc-a73">
         <name>.text:uDMAChannelControlSet</name>
         <load_address>0x2000e314</load_address>
         <run_address>0x2000e314</run_address>
         <size>0x3c</size>
         <input_file_ref idref="fl-11b"/>
      </object_component>
      <object_component id="oc-3a8">
         <name>.text:NwpPowerOff</name>
         <load_address>0x2000e350</load_address>
         <run_address>0x2000e350</run_address>
         <size>0x38</size>
         <input_file_ref idref="fl-11a"/>
      </object_component>
      <object_component id="oc-a0e">
         <name>.text:__TI_writemsg</name>
         <load_address>0x2000e388</load_address>
         <run_address>0x2000e388</run_address>
         <size>0x38</size>
         <input_file_ref idref="fl-f2"/>
      </object_component>
      <object_component id="oc-625">
         <name>.text:minit</name>
         <load_address>0x2000e3c0</load_address>
         <run_address>0x2000e3c0</run_address>
         <size>0x38</size>
         <input_file_ref idref="fl-cd"/>
      </object_component>
      <object_component id="oc-17d">
         <name>.text:sl_WlanDisconnect</name>
         <load_address>0x2000e3f8</load_address>
         <run_address>0x2000e3f8</run_address>
         <size>0x38</size>
         <input_file_ref idref="fl-119"/>
      </object_component>
      <object_component id="oc-4de">
         <name>.text:GPIODirModeSet</name>
         <load_address>0x2000e430</load_address>
         <run_address>0x2000e430</run_address>
         <size>0x36</size>
         <input_file_ref idref="fl-109"/>
      </object_component>
      <object_component id="oc-acc">
         <name>.text:strncpy</name>
         <load_address>0x2000e466</load_address>
         <run_address>0x2000e466</run_address>
         <size>0x36</size>
         <input_file_ref idref="fl-106"/>
      </object_component>
      <object_component id="oc-65f">
         <name>.text:PRCMPeripheralStatusGet</name>
         <load_address>0x2000e49c</load_address>
         <run_address>0x2000e49c</run_address>
         <size>0x34</size>
         <input_file_ref idref="fl-10c"/>
      </object_component>
      <object_component id="oc-677">
         <name>.text:SPIFIFOLevelSet</name>
         <load_address>0x2000e4d0</load_address>
         <run_address>0x2000e4d0</run_address>
         <size>0x34</size>
         <input_file_ref idref="fl-10d"/>
      </object_component>
      <object_component id="oc-8ce">
         <name>.text:__TI_cleanup</name>
         <load_address>0x2000e504</load_address>
         <run_address>0x2000e504</run_address>
         <size>0x34</size>
         <input_file_ref idref="fl-ff"/>
      </object_component>
      <object_component id="oc-a14">
         <name>.text:__TI_readmsg</name>
         <load_address>0x2000e538</load_address>
         <run_address>0x2000e538</run_address>
         <size>0x34</size>
         <input_file_ref idref="fl-f2"/>
      </object_component>
      <object_component id="oc-4d8">
         <name>.text:PinTypeGPIO</name>
         <load_address>0x2000e56c</load_address>
         <run_address>0x2000e56c</run_address>
         <size>0x30</size>
         <input_file_ref idref="fl-10b"/>
      </object_component>
      <object_component id="oc-5fb">
         <name>.text:UARTDisable</name>
         <load_address>0x2000e59c</load_address>
         <run_address>0x2000e59c</run_address>
         <size>0x30</size>
         <input_file_ref idref="fl-10f"/>
      </object_component>
      <object_component id="oc-609">
         <name>.text:_outs</name>
         <load_address>0x2000e5cc</load_address>
         <run_address>0x2000e5cc</run_address>
         <size>0x30</size>
         <input_file_ref idref="fl-db"/>
      </object_component>
      <object_component id="oc-ad2">
         <name>.text:finddevice</name>
         <load_address>0x2000e5fc</load_address>
         <run_address>0x2000e5fc</run_address>
         <size>0x30</size>
         <input_file_ref idref="fl-103"/>
      </object_component>
      <object_component id="oc-7e0">
         <name>.text</name>
         <load_address>0x2000e62c</load_address>
         <run_address>0x2000e62c</run_address>
         <size>0x2e</size>
         <input_file_ref idref="fl-fc"/>
      </object_component>
      <object_component id="oc-3b4">
         <name>.text:NwpPowerOn</name>
         <load_address>0x2000e65c</load_address>
         <run_address>0x2000e65c</run_address>
         <size>0x2c</size>
         <input_file_ref idref="fl-11a"/>
      </object_component>
      <object_component id="oc-45c">
         <name>.text:PRCMSysResetCauseGet</name>
         <load_address>0x2000e688</load_address>
         <run_address>0x2000e688</run_address>
         <size>0x2c</size>
         <input_file_ref idref="fl-10c"/>
      </object_component>
      <object_component id="oc-6e0">
         <name>.text:_SlDrvObjGlobalLockWaitForever</name>
         <load_address>0x2000e6b4</load_address>
         <run_address>0x2000e6b4</run_address>
         <size>0x2c</size>
         <input_file_ref idref="fl-114"/>
      </object_component>
      <object_component id="oc-49d">
         <name>.text:_SlDrvProtectionObjLockWaitForever</name>
         <load_address>0x2000e6e0</load_address>
         <run_address>0x2000e6e0</run_address>
         <size>0x2c</size>
         <input_file_ref idref="fl-114"/>
      </object_component>
      <object_component id="oc-a05">
         <name>.text:unlink</name>
         <load_address>0x2000e70c</load_address>
         <run_address>0x2000e70c</run_address>
         <size>0x2c</size>
         <input_file_ref idref="fl-107"/>
      </object_component>
      <object_component id="oc-2d4">
         <name>.text:TimerLoadSet</name>
         <load_address>0x2000e738</load_address>
         <run_address>0x2000e738</run_address>
         <size>0x2a</size>
         <input_file_ref idref="fl-10e"/>
      </object_component>
      <object_component id="oc-2b0">
         <name>.text:TimerPrescaleSet</name>
         <load_address>0x2000e762</load_address>
         <run_address>0x2000e762</run_address>
         <size>0x2a</size>
         <input_file_ref idref="fl-10e"/>
      </object_component>
      <object_component id="oc-46e">
         <name>.text:PRCMPeripheralClkDisable</name>
         <load_address>0x2000e78c</load_address>
         <run_address>0x2000e78c</run_address>
         <size>0x28</size>
         <input_file_ref idref="fl-10c"/>
      </object_component>
      <object_component id="oc-6e6">
         <name>.text:_SlDrvGlobalObjUnLock</name>
         <load_address>0x2000e7b4</load_address>
         <run_address>0x2000e7b4</run_address>
         <size>0x28</size>
         <input_file_ref idref="fl-114"/>
      </object_component>
      <object_component id="oc-4a3">
         <name>.text:_SlDrvProtectionObjUnLock</name>
         <load_address>0x2000e7dc</load_address>
         <run_address>0x2000e7dc</run_address>
         <size>0x28</size>
         <input_file_ref idref="fl-114"/>
      </object_component>
      <object_component id="oc-4a9">
         <name>.text:_SlDrvSyncObjWaitForever</name>
         <load_address>0x2000e804</load_address>
         <run_address>0x2000e804</run_address>
         <size>0x28</size>
         <input_file_ref idref="fl-114"/>
      </object_component>
      <object_component id="oc-58">
         <name>.text:_c_int00_noargs:_c_int00_noargs</name>
         <load_address>0x2000e82c</load_address>
         <run_address>0x2000e82c</run_address>
         <size>0x28</size>
         <input_file_ref idref="fl-cb"/>
      </object_component>
      <object_component id="oc-8c6">
         <name>.text:lseek</name>
         <load_address>0x2000e854</load_address>
         <run_address>0x2000e854</run_address>
         <size>0x28</size>
         <input_file_ref idref="fl-e6"/>
      </object_component>
      <object_component id="oc-62b">
         <name>.text:mremove</name>
         <load_address>0x2000e87c</load_address>
         <run_address>0x2000e87c</run_address>
         <size>0x28</size>
         <input_file_ref idref="fl-cd"/>
      </object_component>
      <object_component id="oc-57f">
         <name>.text:write</name>
         <load_address>0x2000e8a4</load_address>
         <run_address>0x2000e8a4</run_address>
         <size>0x28</size>
         <input_file_ref idref="fl-dc"/>
      </object_component>
      <object_component id="oc-764">
         <name>.text:_SlDrvObjLockWaitForever</name>
         <load_address>0x2000e8cc</load_address>
         <run_address>0x2000e8cc</run_address>
         <size>0x26</size>
         <input_file_ref idref="fl-114"/>
      </object_component>
      <object_component id="oc-689">
         <name>.text:DmaSpiSwIntHandler</name>
         <load_address>0x2000e8f4</load_address>
         <run_address>0x2000e8f4</run_address>
         <size>0x24</size>
         <input_file_ref idref="fl-11a"/>
      </object_component>
      <object_component id="oc-564">
         <name>.text:IntUnregister</name>
         <load_address>0x2000e918</load_address>
         <run_address>0x2000e918</run_address>
         <size>0x24</size>
         <input_file_ref idref="fl-10a"/>
      </object_component>
      <object_component id="oc-601">
         <name>.text:UARTEnable</name>
         <load_address>0x2000e93c</load_address>
         <run_address>0x2000e93c</run_address>
         <size>0x24</size>
         <input_file_ref idref="fl-10f"/>
      </object_component>
      <object_component id="oc-359">
         <name>.text:memmove</name>
         <load_address>0x2000e960</load_address>
         <run_address>0x2000e960</run_address>
         <size>0x24</size>
         <input_file_ref idref="fl-d5"/>
      </object_component>
      <object_component id="oc-ce">
         <name>.text:SPIReset</name>
         <load_address>0x2000e984</load_address>
         <run_address>0x2000e984</run_address>
         <size>0x22</size>
         <input_file_ref idref="fl-10d"/>
      </object_component>
      <object_component id="oc-960">
         <name>.text:SPIWordCountSet</name>
         <load_address>0x2000e9a6</load_address>
         <run_address>0x2000e9a6</run_address>
         <size>0x22</size>
         <input_file_ref idref="fl-10d"/>
      </object_component>
      <object_component id="oc-277">
         <name>.text:GPIOPinWrite</name>
         <load_address>0x2000e9c8</load_address>
         <run_address>0x2000e9c8</run_address>
         <size>0x20</size>
         <input_file_ref idref="fl-109"/>
      </object_component>
      <object_component id="oc-29f">
         <name>.text:IntRegister</name>
         <load_address>0x2000e9e8</load_address>
         <run_address>0x2000e9e8</run_address>
         <size>0x20</size>
         <input_file_ref idref="fl-10a"/>
      </object_component>
      <object_component id="oc-3f9">
         <name>.text:NwpPrePowerOffTimout0</name>
         <load_address>0x2000ea08</load_address>
         <run_address>0x2000ea08</run_address>
         <size>0x20</size>
         <input_file_ref idref="fl-11a"/>
      </object_component>
      <object_component id="oc-289">
         <name>.text:SPIDataGet</name>
         <load_address>0x2000ea28</load_address>
         <run_address>0x2000ea28</run_address>
         <size>0x20</size>
         <input_file_ref idref="fl-10d"/>
      </object_component>
      <object_component id="oc-92c">
         <name>.text:TimerGetCurrentTimestamp</name>
         <load_address>0x2000ea48</load_address>
         <run_address>0x2000ea48</run_address>
         <size>0x20</size>
         <input_file_ref idref="fl-11a"/>
      </object_component>
      <object_component id="oc-76a">
         <name>.text:_SlDrvObjUnLock</name>
         <load_address>0x2000ea68</load_address>
         <run_address>0x2000ea68</run_address>
         <size>0x20</size>
         <input_file_ref idref="fl-114"/>
      </object_component>
      <object_component id="oc-6b9">
         <name>.text:_SlDrvSyncObjSignal</name>
         <load_address>0x2000ea88</load_address>
         <run_address>0x2000ea88</run_address>
         <size>0x20</size>
         <input_file_ref idref="fl-114"/>
      </object_component>
      <object_component id="oc-573">
         <name>.text:memchr</name>
         <load_address>0x2000eaa8</load_address>
         <run_address>0x2000eaa8</run_address>
         <size>0x20</size>
         <input_file_ref idref="fl-d4"/>
      </object_component>
      <object_component id="oc-f2">
         <name>.text:GPIOIntRegister</name>
         <load_address>0x2000eac8</load_address>
         <run_address>0x2000eac8</run_address>
         <size>0x1e</size>
         <input_file_ref idref="fl-109"/>
      </object_component>
      <object_component id="oc-283">
         <name>.text:SPIDataPut</name>
         <load_address>0x2000eae6</load_address>
         <run_address>0x2000eae6</run_address>
         <size>0x1e</size>
         <input_file_ref idref="fl-10d"/>
      </object_component>
      <object_component id="oc-2e0">
         <name>.text:TimerDisable</name>
         <load_address>0x2000eb04</load_address>
         <run_address>0x2000eb04</run_address>
         <size>0x1e</size>
         <input_file_ref idref="fl-10e"/>
      </object_component>
      <object_component id="oc-2da">
         <name>.text:TimerEnable</name>
         <load_address>0x2000eb22</load_address>
         <run_address>0x2000eb22</run_address>
         <size>0x1e</size>
         <input_file_ref idref="fl-10e"/>
      </object_component>
      <object_component id="oc-2c8">
         <name>.text:TimerIntStatus</name>
         <load_address>0x2000eb40</load_address>
         <run_address>0x2000eb40</run_address>
         <size>0x1e</size>
         <input_file_ref idref="fl-10e"/>
      </object_component>
      <object_component id="oc-341">
         <name>.text:UARTCharPut</name>
         <load_address>0x2000eb5e</load_address>
         <run_address>0x2000eb5e</run_address>
         <size>0x1e</size>
         <input_file_ref idref="fl-10f"/>
      </object_component>
      <object_component id="oc-665">
         <name>.text:cc_UDMAChannelSelect</name>
         <load_address>0x2000eb7c</load_address>
         <run_address>0x2000eb7c</run_address>
         <size>0x1e</size>
         <input_file_ref idref="fl-11a"/>
      </object_component>
      <object_component id="oc-13a">
         <name>.text:strcat</name>
         <load_address>0x2000eb9a</load_address>
         <run_address>0x2000eb9a</run_address>
         <size>0x1e</size>
         <input_file_ref idref="fl-d8"/>
      </object_component>
      <object_component id="oc-116">
         <name>.text:TimerValueGet</name>
         <load_address>0x2000ebb8</load_address>
         <run_address>0x2000ebb8</run_address>
         <size>0x1c</size>
         <input_file_ref idref="fl-10e"/>
      </object_component>
      <object_component id="oc-353">
         <name>.text:UARTCharGetNonBlocking</name>
         <load_address>0x2000ebd4</load_address>
         <run_address>0x2000ebd4</run_address>
         <size>0x1c</size>
         <input_file_ref idref="fl-10f"/>
      </object_component>
      <object_component id="oc-847">
[...]
         <name>SPIIntEnable</name>
         <value>0x2000da8d</value>
         <object_component_ref idref="oc-67d"/>
      </symbol>
      <symbol id="sm-e20">
         <name>SPIIntClear</name>
         <value>0x2000dce9</value>
         <object_component_ref idref="oc-87c"/>
      </symbol>
      <symbol id="sm-e21">
         <name>SPICSDisable</name>
         <value>0x2000ed63</value>
         <object_component_ref idref="oc-653"/>
      </symbol>
      <symbol id="sm-ea5">
         <name>TimerLoadSet</name>
         <value>0x2000e739</value>
         <object_component_ref idref="oc-2d4"/>
      </symbol>
      <symbol id="sm-ea6">
         <name>TimerDisable</name>
         <value>0x2000eb05</value>
         <object_component_ref idref="oc-2e0"/>
      </symbol>
      <symbol id="sm-ea7">
         <name>TimerIntRegister</name>
         <value>0x2000ce2d</value>
         <object_component_ref idref="oc-2bc"/>
      </symbol>
      <symbol id="sm-ea8">
         <name>TimerEnable</name>
         <value>0x2000eb23</value>
         <object_component_ref idref="oc-2da"/>
      </symbol>
      <symbol id="sm-ea9">
         <name>TimerIntUnregister</name>
         <value>0x2000d0b5</value>
         <object_component_ref idref="oc-2ec"/>
      </symbol>
      <symbol id="sm-eaa">
         <name>TimerIntStatus</name>
         <value>0x2000eb41</value>
         <object_component_ref idref="oc-2c8"/>
      </symbol>
      <symbol id="sm-eab">
         <name>TimerIntDisable</name>
         <value>0x2000edc3</value>
         <object_component_ref idref="oc-2e6"/>
      </symbol>
      <symbol id="sm-eac">
         <name>TimerValueGet</name>
         <value>0x2000ebb9</value>
         <object_component_ref idref="oc-116"/>
      </symbol>
      <symbol id="sm-ead">
         <name>TimerPrescaleSet</name>
         <value>0x2000e763</value>
         <object_component_ref idref="oc-2b0"/>
      </symbol>
      <symbol id="sm-eae">
         <name>TimerIntEnable</name>
         <value>0x2000eddb</value>
         <object_component_ref idref="oc-2c2"/>
      </symbol>
      <symbol id="sm-eaf">
         <name>TimerConfigure</name>
         <value>0x2000ded5</value>
         <object_component_ref idref="oc-2aa"/>
      </symbol>
      <symbol id="sm-eb0">
         <name>TimerIntClear</name>
         <value>0x2000ef41</value>
         <object_component_ref idref="oc-2ce"/>
      </symbol>
      <symbol id="sm-eec">
         <name>UARTConfigSetExpClk</name>
         <value>0x2000cccd</value>
         <object_component_ref idref="oc-33b"/>
      </symbol>
      <symbol id="sm-eed">
         <name>UARTDisable</name>
         <value>0x2000e59d</value>
         <object_component_ref idref="oc-5fb"/>
      </symbol>
      <symbol id="sm-eee">
         <name>UARTCharsAvail</name>
         <value>0x2000edf3</value>
         <object_component_ref idref="oc-34d"/>
      </symbol>
      <symbol id="sm-eef">
         <name>UARTCharGetNonBlocking</name>
         <value>0x2000ebd5</value>
         <object_component_ref idref="oc-353"/>
      </symbol>
      <symbol id="sm-ef0">
         <name>UARTCharPut</name>
         <value>0x2000eb5f</value>
         <object_component_ref idref="oc-341"/>
      </symbol>
      <symbol id="sm-ef1">
         <name>UARTEnable</name>
         <value>0x2000e93d</value>
         <object_component_ref idref="oc-601"/>
      </symbol>
      <symbol id="sm-ef5">
         <name>UtilsDelay</name>
         <value>0x2000efe9</value>
         <object_component_ref idref="oc-1c6"/>
      </symbol>
      <symbol id="sm-eff">
         <name>CPUcpsie</name>
         <value>0x2000eedd</value>
         <object_component_ref idref="oc-451"/>
      </symbol>
      <symbol id="sm-fb6">
         <name>_sl_HandleAsync_InitComplete</name>
         <value>0x2000c525</value>
         <object_component_ref idref="oc-aac"/>
      </symbol>
      <symbol id="sm-fb7">
         <name>_SlDrvDeviceEventHandler</name>
         <value>0x2000bd11</value>
         <object_component_ref idref="oc-a2f"/>
      </symbol>
      <symbol id="sm-fb8">
         <name>_sl_HandleAsync_Stop</name>
         <value>0x2000da3d</value>
         <object_component_ref idref="oc-a6b"/>
      </symbol>
      <symbol id="sm-fb9">
         <name>sl_DevSet</name>
         <value>0x2000bdad</value>
         <object_component_ref idref="oc-1c7"/>
      </symbol>
      <symbol id="sm-fba">
         <name>sl_Stop</name>
         <value>0x2000ab91</value>
         <object_component_ref idref="oc-165"/>
      </symbol>
      <symbol id="sm-fbb">
         <name>sl_Start</name>
         <value>0x2000ae61</value>
         <object_component_ref idref="oc-153"/>
      </symbol>
      <symbol id="sm-fbc">
         <name>sl_DevGet</name>
         <value>0x2000b62d</value>
         <object_component_ref idref="oc-16b"/>
      </symbol>
      <symbol id="sm-1250">
         <name>RxIrqCnt</name>
         <value>0x2001f8b0</value>
      </symbol>
      <symbol id="sm-1251">
         <name>g_bDeviceRestartIsRequired</name>
         <value>0x2001f8b1</value>
      </symbol>
      <symbol id="sm-1252">
         <name>_SlDrvProtectionObjUnLock</name>
         <value>0x2000e7dd</value>
         <object_component_ref idref="oc-4a3"/>
      </symbol>
      <symbol id="sm-1253">
         <name>_SlDrvBasicCmd</name>
         <value>0x2000dd31</value>
         <object_component_ref idref="oc-42b"/>
      </symbol>
      <symbol id="sm-1254">
         <name>_SlDrvObjUnLock</name>
         <value>0x2000ea69</value>
         <object_component_ref idref="oc-76a"/>
      </symbol>
      <symbol id="sm-1255">
         <name>_SlDrvObjLockWaitForever</name>
         <value>0x2000e8cd</value>
         <object_component_ref idref="oc-764"/>
      </symbol>
      <symbol id="sm-1256">
         <name>_SlDrvMsgReadSpawnCtx</name>
         <value>0x2000b035</value>
         <object_component_ref idref="oc-6d3"/>
      </symbol>
      <symbol id="sm-1257">
         <name>_SlDrvDispatchHttpServerEvents</name>
         <value>0x2000ef65</value>
         <object_component_ref idref="oc-a43"/>
      </symbol>
      <symbol id="sm-1258">
         <name>_SlDriverHandleError</name>
         <value>0x2000bb31</value>
         <object_component_ref idref="oc-6ac"/>
      </symbol>
      <symbol id="sm-1259">
         <name>_SlDrvDriverCBDeinit</name>
         <value>0x2000a519</value>
         <object_component_ref idref="oc-405"/>
      </symbol>
      <symbol id="sm-125a">
         <name>_SlDrvStartMeasureTimeout</name>
         <value>0x2000ebf1</value>
         <object_component_ref idref="oc-847"/>
      </symbol>
      <symbol id="sm-125b">
         <name>_SlDrvResetCmdExt</name>
         <value>0x2000ef75</value>
         <object_component_ref idref="oc-414"/>
      </symbol>
      <symbol id="sm-125c">
         <name>_SlDrvIsTimeoutExpired</name>
         <value>0x2000c499</value>
         <object_component_ref idref="oc-84d"/>
      </symbol>
      <symbol id="sm-125d">
         <name>_SlDrvProtectAsyncRespSetting</name>
         <value>0x2000db25</value>
         <object_component_ref idref="oc-3a2"/>
      </symbol>
      <symbol id="sm-125e">
         <name>_SlDrvReleasePoolObj</name>
         <value>0x20008a95</value>
         <object_component_ref idref="oc-3c0"/>
      </symbol>
      <symbol id="sm-125f">
         <name>OpcodeTranslateTable</name>
         <value>0x2000f8f8</value>
         <object_component_ref idref="oc-956"/>
      </symbol>
      <symbol id="sm-1260">
         <name>pPingCallBackFunc</name>
         <value>0x2001fb04</value>
         <object_component_ref idref="oc-3cf"/>
      </symbol>
      <symbol id="sm-1261">
         <name>_SlDrvDriverCBInit</name>
         <value>0x20008fe9</value>
         <object_component_ref idref="oc-396"/>
      </symbol>
      <symbol id="sm-1262">
         <name>g_pCB</name>
         <value>0x2001fb00</value>
         <object_component_ref idref="oc-3cf"/>
      </symbol>
      <symbol id="sm-1263">
         <name>_SlDrvProtectionObjLockWaitForever</name>
         <value>0x2000e6e1</value>
         <object_component_ref idref="oc-49d"/>
      </symbol>
      <symbol id="sm-1264">
         <name>_SlDrvCmdOp</name>
         <value>0x2000b7bd</value>
         <object_component_ref idref="oc-3e9"/>
      </symbol>
      <symbol id="sm-1265">
         <name>_SlDrvSyncObjWaitTimeout</name>
         <value>0x2000df19</value>
         <object_component_ref idref="oc-3ba"/>
      </symbol>
      <symbol id="sm-1266">
         <name>_SlDrvGlobalObjUnLock</name>
         <value>0x2000e7b5</value>
         <object_component_ref idref="oc-6e6"/>
      </symbol>
      <symbol id="sm-1267">
         <name>_SlDrvMemZero</name>
         <value>0x2000eeb1</value>
         <object_component_ref idref="oc-475"/>
      </symbol>
      <symbol id="sm-1268">
         <name>_SlDrvWaitForPoolObj</name>
         <value>0x200094d1</value>
         <object_component_ref idref="oc-497"/>
      </symbol>
      <symbol id="sm-1269">
         <name>_SlDrvSyncObjSignal</name>
         <value>0x2000ea89</value>
         <object_component_ref idref="oc-6b9"/>
      </symbol>
      <symbol id="sm-126a">
         <name>_SlDrvDataWriteOp</name>
         <value>0x20009c51</value>
         <object_component_ref idref="oc-509"/>
      </symbol>
      <symbol id="sm-126b">
         <name>_SlDrvRxIrqHandler</name>
         <value>0x2000d8ed</value>
         <object_component_ref idref="oc-3d2"/>
      </symbol>
      <symbol id="sm-126c">
         <name>_SlDrvSyncObjWaitForever</name>
         <value>0x2000e805</value>
         <object_component_ref idref="oc-4a9"/>
      </symbol>
      <symbol id="sm-126d">
         <name>g_SlDeviceStatus</name>
         <value>0x2001fafc</value>
         <object_component_ref idref="oc-3cf"/>
      </symbol>
      <symbol id="sm-126e">
         <name>_SlDrvCmdSend</name>
         <value>0x2000cf0d</value>
         <object_component_ref idref="oc-ab6"/>
      </symbol>
      <symbol id="sm-126f">
         <name>_SlActionLookupTable</name>
         <value>0x2000f934</value>
         <object_component_ref idref="oc-9ec"/>
      </symbol>
      <symbol id="sm-1317">
         <name>sl_NetAppMDNSUnRegisterService</name>
         <value>0x2000d319</value>
         <object_component_ref idref="oc-18f"/>
      </symbol>
      <symbol id="sm-1318">
         <name>_SlNetAppSendTokenValueCmdCtrl</name>
         <value>0x2000fafe</value>
         <object_component_ref idref="oc-abc"/>
      </symbol>
      <symbol id="sm-1319">
         <name>sl_NetAppDnsGetHostByName</name>
         <value>0x2000a02d</value>
         <object_component_ref idref="oc-1d3"/>
      </symbol>
      <symbol id="sm-131a">
         <name>_sl_HandleAsync_DnsGetHostByName</name>
         <value>0x2000c1d1</value>
         <object_component_ref idref="oc-a37"/>
      </symbol>
      <symbol id="sm-131b">
         <name>_sl_HandleAsync_PingResponse</name>
         <value>0x2000c261</value>
         <object_component_ref idref="oc-9d8"/>
      </symbol>
      <symbol id="sm-131c">
         <name>_SlDrvNetAppEventHandler</name>
         <value>0x2000a991</value>
         <object_component_ref idref="oc-9d2"/>
      </symbol>
      <symbol id="sm-131d">
         <name>_sl_HandleAsync_DnsGetHostByService</name>
         <value>0x2000b561</value>
         <object_component_ref idref="oc-a3d"/>
      </symbol>
      <symbol id="sm-131e">
         <name>_sl_NetAppSendTokenValue</name>
         <value>0x2000cf79</value>
         <object_component_ref idref="oc-a49"/>
      </symbol>
      <symbol id="sm-131f">
         <name>sl_NetAppMDNSRegisterUnregisterService</name>
         <value>0x2000b11d</value>
         <object_component_ref idref="oc-440"/>
      </symbol>
      <symbol id="sm-1341">
         <name>sl_NetCfgSet</name>
         <value>0x2000be45</value>
         <object_component_ref idref="oc-183"/>
      </symbol>
      <symbol id="sm-1389">
         <name>_SlNonOsSemSet</name>
         <value>0x2000ee0b</value>
         <object_component_ref idref="oc-642"/>
      </symbol>
      <symbol id="sm-138a">
         <name>_SlNonOsSpawn</name>
         <value>0x2000d1ed</value>
         <object_component_ref idref="oc-6cd"/>
      </symbol>
      <symbol id="sm-138b">
         <name>_SlNonOsSemGet</name>
         <value>0x2000b931</value>
         <object_component_ref idref="oc-648"/>
      </symbol>
      <symbol id="sm-138c">
         <name>_SlNonOsMainLoopTask</name>
         <value>0x2000cd45</value>
         <object_component_ref idref="oc-159"/>
      </symbol>
      <symbol id="sm-138d">
         <name>g__SlNonOsCB</name>
         <value>0x2001fa70</value>
         <object_component_ref idref="oc-3e4"/>
      </symbol>
      <symbol id="sm-1476">
         <name>sl_Send</name>
         <value>0x2000a3e5</value>
         <object_component_ref idref="oc-20e"/>
      </symbol>
      <symbol id="sm-1477">
         <name>_sl_HandleAsync_Connect</name>
         <value>0x2000c965</value>
         <object_component_ref idref="oc-a5f"/>
      </symbol>
      <symbol id="sm-1478">
         <name>sl_Htonl</name>
         <value>0x2000e029</value>
         <object_component_ref idref="oc-1df"/>
      </symbol>
      <symbol id="sm-1479">
         <name>sl_Htons</name>
         <value>0x2000e2d9</value>
         <object_component_ref idref="oc-1d9"/>
      </symbol>
      <symbol id="sm-147a">
         <name>sl_Connect</name>
         <value>0x20009661</value>
         <object_component_ref idref="oc-1f1"/>
      </symbol>
      <symbol id="sm-147b">
         <name>sl_Socket</name>
         <value>0x2000c63d</value>
         <object_component_ref idref="oc-1e5"/>
      </symbol>
      <symbol id="sm-147c">
         <name>_sl_HandleAsync_Select</name>
         <value>0x2000d941</value>
         <object_component_ref idref="oc-a65"/>
      </symbol>
      <symbol id="sm-147d">
         <name>sl_Close</name>
         <value>0x2000d509</value>
         <object_component_ref idref="oc-214"/>
      </symbol>
      <symbol id="sm-147e">
         <name>_sl_HandleAsync_Accept</name>
         <value>0x2000d251</value>
         <object_component_ref idref="oc-a59"/>
      </symbol>
      <symbol id="sm-147f">
         <name>sl_SetSockOpt</name>
         <value>0x2000bedd</value>
         <object_component_ref idref="oc-1eb"/>
      </symbol>
      <symbol id="sm-1539">
         <name>sl_WlanDisconnect</name>
         <value>0x2000e3f9</value>
         <object_component_ref idref="oc-17d"/>
      </symbol>
      <symbol id="sm-153a">
         <name>sl_WlanPolicySet</name>
         <value>0x2000c2f1</value>
         <object_component_ref idref="oc-171"/>
      </symbol>
      <symbol id="sm-153b">
         <name>sl_WlanProfileDel</name>
         <value>0x2000d569</value>
         <object_component_ref idref="oc-177"/>
      </symbol>
      <symbol id="sm-153c">
         <name>sl_WlanRxFilterSet</name>
         <value>0x2000c85d</value>
         <object_component_ref idref="oc-198"/>
      </symbol>
      <symbol id="sm-153d">
         <name>sl_WlanConnect</name>
         <value>0x20008365</value>
         <object_component_ref idref="oc-1ba"/>
      </symbol>
      <symbol id="sm-153e">
         <name>sl_WlanSet</name>
         <value>0x2000bf75</value>
         <object_component_ref idref="oc-189"/>
      </symbol>
      <symbol id="sm-153f">
         <name>sl_WlanSetMode</name>
         <value>0x2000d5c9</value>
         <object_component_ref idref="oc-15f"/>
      </symbol>
      <symbol id="sm-165f">
         <name>g_ucDinDout</name>
         <value>0x2001f7e4</value>
      </symbol>
      <symbol id="sm-1660">
         <name>g_cDummy</name>
         <value>0x2001f8b2</value>
      </symbol>
      <symbol id="sm-1661">
         <name>NwpMaskInterrupt</name>
         <value>0x2000efa1</value>
         <object_component_ref idref="oc-697"/>
      </symbol>
      <symbol id="sm-1662">
         <name>NwpPrePowerOffTimout0</name>
         <value>0x2000ea09</value>
         <object_component_ref idref="oc-3f9"/>
      </symbol>
      <symbol id="sm-1663">
         <name>NwpRegisterInterruptHandler</name>
         <value>0x2000e16d</value>
         <object_component_ref idref="oc-3ae"/>
      </symbol>
      <symbol id="sm-1664">
         <name>g_pHostIntHdl</name>
         <value>0x2001fb34</value>
         <object_component_ref idref="oc-683"/>
      </symbol>
      <symbol id="sm-1665">
         <name>simplelink_timerA2_start</name>
         <value>0x2000e29d</value>
         <object_component_ref idref="oc-9bf"/>
      </symbol>
      <symbol id="sm-1666">
         <name>NwpUnMaskInterrupt</name>
         <value>0x2000efad</value>
         <object_component_ref idref="oc-6a5"/>
      </symbol>
      <symbol id="sm-1667">
         <name>NwpPowerOff</name>
         <value>0x2000e351</value>
         <object_component_ref idref="oc-3a8"/>
      </symbol>
      <symbol id="sm-1668">
         <name>TimerGetCurrentTimestamp</name>
         <value>0x2000ea49</value>
         <object_component_ref idref="oc-92c"/>
      </symbol>
      <symbol id="sm-1669">
         <name>spi_Read</name>
         <value>0x2000ac81</value>
         <object_component_ref idref="oc-949"/>
      </symbol>
      <symbol id="sm-166a">
         <name>DmaSpiSwIntHandler</name>
         <value>0x2000e8f5</value>
         <object_component_ref idref="oc-689"/>
      </symbol>
      <symbol id="sm-166b">
         <name>NwpPowerOn</name>
         <value>0x2000e65d</value>
         <object_component_ref idref="oc-3b4"/>
      </symbol>
      <symbol id="sm-166c">
         <name>spi_Close</name>
         <value>0x2000cc55</value>
         <object_component_ref idref="oc-3ff"/>
      </symbol>
      <symbol id="sm-166d">
         <name>spi_Write</name>
         <value>0x2000c00d</value>
         <object_component_ref idref="oc-89b"/>
      </symbol>
      <symbol id="sm-166e">
         <name>spi_Open</name>
         <value>0x20009da1</value>
         <object_component_ref idref="oc-39c"/>
      </symbol>
      <symbol id="sm-166f">
         <name>g_ucDMAEnabled</name>
         <value>0x2001fb38</value>
         <object_component_ref idref="oc-683"/>
      </symbol>
      <symbol id="sm-1670">
         <name>g_SpiFd</name>
         <value>0x2001fb30</value>
         <object_component_ref idref="oc-683"/>
      </symbol>
      <symbol id="sm-16c7">
         <name>uDMAChannelControlSet</name>
         <value>0x2000e315</value>
         <object_component_ref idref="oc-a73"/>
      </symbol>
      <symbol id="sm-16c8">
         <name>uDMAChannelAttributeEnable</name>
         <value>0x2000d3e1</value>
         <object_component_ref idref="oc-a79"/>
      </symbol>
      <symbol id="sm-16c9">
         <name>uDMAChannelTransferSet</name>
         <value>0x2000ad71</value>
         <object_component_ref idref="oc-a7f"/>
      </symbol>
      <symbol id="sm-16ca">
         <name>uDMAChannelAssign</name>
         <value>0x2000dc55</value>
         <object_component_ref idref="oc-85c"/>
      </symbol>
      <symbol id="sm-16cb">
         <name>uDMAChannelAttributeDisable</name>
         <value>0x2000d37d</value>
         <object_component_ref idref="oc-862"/>
      </symbol>
      <symbol id="sm-16cc">
         <name>uDMAChannelEnable</name>
         <value>0x2000ec45</value>
         <object_component_ref idref="oc-a85"/>
      </symbol>
      <symbol id="sm-16cd">
         <name>__TI_static_base__</name>
         <value>0x2000fb38</value>
      </symbol>
      <symbol id="sm-16d0">
         <name>__mpu_init</name>
         <value>0x0</value>
      </symbol>
      <symbol id="sm-16d1">
         <name>_system_post_cinit</name>
         <value>0x0</value>
      </symbol>
      <symbol id="sm-16d2">
         <name>remove</name>
         <value>0x2000e70d</value>
      </symbol>
   </symbol_table>
   <title>Link successful</title>
</link_info>
