******************************************************************************
                  TI ARM Linker PC v18.1.1                     
******************************************************************************
>> Linked Thu May 31 09:58:15 2018

OUTPUT FILE NAME:   <Lab5.out>
ENTRY POINT SYMBOL: "_c_int00_noargs"  address: 2000e82d


MEMORY CONFIGURATION

         name            origin    length      used     unused   attr    fill
----------------------  --------  ---------  --------  --------  ----  --------
  SRAM_CODE             20004000   00013000  0000bc00  00007400  RW X
  SRAM_DATA             20017000   00019000  00009b56  0000f4aa  RW X


SEGMENT ALLOCATION MAP

run origin  load origin   length   init length attrs members
----------  ----------- ---------- ----------- ----- -------
20004000    20004000    0000bc08   0000bc08    r-x
  20004000    20004000    00000400   00000400    r-- .intvecs
  20004400    20004400    0000abfe   0000abfe    r-x .text
  2000f000    2000f000    00000b32   00000b32    r-- .const
  2000fb38    2000fb38    000000d0   000000d0    r-- .cinit
20017000    20017000    00008b58   00000000    rw-
  20017000    20017000    00008000   00000000    rw- .sysmem
  2001f000    2001f000    000008b6   00000000    rw- .bss
  2001f8b8    2001f8b8    000002a0   00000000    rw- .data
2002f000    2002f000    00001000   00000000    rw-
  2002f000    2002f000    00001000   00000000    rw- .stack


SECTION ALLOCATION MAP

 output                                  attributes/
section   page    origin      length       input sections
--------  ----  ----------  ----------   ----------------
.intvecs   0    20004000    00000400     
                  20004000    00000400     startup_ccs.obj (.intvecs)

.init_array 
*          0    20004000    00000000     UNINITIALIZED

.text      0    20004400    0000abfe     
                  20004400    00001a34     main.obj (.text)
                  20005e34    00000a80     Adafruit_GFX.obj (.text)
                  200068b4    00000a4a     rtsv7M4_T_le_eabi.lib : _printfi.c.obj (.text:__TI_printfi)
                  200072fe    00000002     driverlib.a : interrupt.obj (.text:IntDefaultHandler)
                  20007300    00000590     simplelink.a : driver.obj (.text:_SlDrvMsgRead)
                  20007890    000004ba     Adafruit_OLED.obj (.text)
                  20007d4a    00000002     rtsv7M4_T_le_eabi.lib : _lock.c.obj (.text:_nop)
                  20007d4c    00000398     gpio_if.obj (.text)
                  200080e4    00000280     uart_if.obj (.text)
                  20008364    0000027c     simplelink.a : wlan.obj (.text:sl_WlanConnect)
                  200085e0    00000268     rtsv7M4_T_le_eabi.lib : _printfi.c.obj (.text:_pconv_a)
                  20008848    0000024c     simplelink.a : driver.obj (.text:_SlDrvRxHdrRead)
                  20008a94    000001d0                  : driver.obj (.text:_SlDrvReleasePoolObj)
                  20008c64    000001cc     rtsv7M4_T_le_eabi.lib : _printfi.c.obj (.text:_pconv_g)
                  20008e30    000001b6                           : fd_add_t2.asm.obj (.text)
                  20008fe6    00000002                           : div0.asm.obj (.text)
                  20008fe8    000001b4     simplelink.a : driver.obj (.text:_SlDrvDriverCBInit)
                  2000919c    0000019c                  : driver.obj (.text:_SlDrvMsgWrite)
                  20009338    00000198     timer_if.obj (.text)
                  200094d0    00000190     simplelink.a : driver.obj (.text:_SlDrvWaitForPoolObj)
                  20009660    0000018c                  : socket.obj (.text:sl_Connect)
                  200097ec    0000017c     pin_mux_config.obj (.text)
                  20009968    00000178     driverlib.a : prcm.obj (.text:PRCMCC3200MCUInit)
                  20009ae0    00000170     simplelink.a : driver.obj (.text:_SlFindAndSetActiveObj)
                  20009c50    00000150                  : driver.obj (.text:_SlDrvDataWriteOp)
                  20009da0    00000148                  : cc_pal.obj (.text:spi_Open)
                  20009ee8    00000144                  : driver.obj (.text:_SlDrvMsgReadCmdCtx)
                  2000a02c    00000144                  : netapp.obj (.text:sl_NetAppDnsGetHostByName)
                  2000a170    0000013c     rtsv7M4_T_le_eabi.lib : _printfi.c.obj (.text:_pconv_e)
                  2000a2ac    00000136                           : fd_div_t2.asm.obj (.text)
                  2000a3e2    00000002     --HOLE-- [fill = 0]
                  2000a3e4    00000134     simplelink.a : socket.obj (.text:sl_Send)
                  2000a518    00000130                  : driver.obj (.text:_SlDrvDriverCBDeinit)
                  2000a648    00000120     rtsv7M4_T_le_eabi.lib : _printfi.c.obj (.text:fcvt)
                  2000a768    00000114                           : fputs.c.obj (.text:fputs)
                  2000a87c    00000114                           : memory.c.obj (.text:realloc)
                  2000a990    00000104     simplelink.a : netapp.obj (.text:_SlDrvNetAppEventHandler)
                  2000aa94    000000fc     rtsv7M4_T_le_eabi.lib : fd_mul_t2.asm.obj (.text)
                  2000ab90    000000f0     simplelink.a : device.obj (.text:sl_Stop)
                  2000ac80    000000f0                  : cc_pal.obj (.text:spi_Read)
                  2000ad70    000000f0     driverlib.a : udma.obj (.text:uDMAChannelTransferSet)
                  2000ae60    000000ec     simplelink.a : device.obj (.text:sl_Start)
                  2000af4c    000000e8                  : driver.obj (.text:_SlAsyncEventGenericHandler)
                  2000b034    000000e8                  : driver.obj (.text:_SlDrvMsgReadSpawnCtx)
                  2000b11c    000000e4                  : netapp.obj (.text:sl_NetAppMDNSRegisterUnregisterService)
                  2000b200    000000dc                  : driver.obj (.text:_SlDrvClassifyRxMsg)
                  2000b2dc    000000dc     rtsv7M4_T_le_eabi.lib : setvbuf.c.obj (.text:setvbuf)
                  2000b3b8    000000d8                           : memory.c.obj (.text:free)
                  2000b490    000000d0                           : s_scalbn.c.obj (.text:scalbn)
                  2000b560    000000cc     simplelink.a : netapp.obj (.text:_sl_HandleAsync_DnsGetHostByService)
                  2000b62c    000000cc                  : device.obj (.text:sl_DevGet)
                  2000b6f8    000000c4                  : driver.obj (.text:_SlRemoveFromList)
                  2000b7bc    000000c0                  : driver.obj (.text:_SlDrvCmdOp)
                  2000b87c    000000b1     rtsv7M4_T_le_eabi.lib : _printfi.c.obj (.text:_ltostr)
                  2000b92d    00000003     --HOLE-- [fill = 0]
                  2000b930    000000b0     simplelink.a : nonos.obj (.text:_SlNonOsSemGet)
                  2000b9e0    000000a8     driverlib.a : interrupt.obj (.text:IntDisable)
                  2000ba88    000000a8                 : interrupt.obj (.text:IntEnable)
                  2000bb30    000000a4     simplelink.a : driver.obj (.text:_SlDriverHandleError)
                  2000bbd4    000000a0     driverlib.a : spi.obj (.text:SPIConfigSetExpClk)
                  2000bc74    0000009c     rtsv7M4_T_le_eabi.lib : memcpy_t2.asm.obj (.text)
                  2000bd10    0000009a     simplelink.a : device.obj (.text:_SlDrvDeviceEventHandler)
                  2000bdaa    00000002     --HOLE-- [fill = 0]
                  2000bdac    00000098                  : device.obj (.text:sl_DevSet)
                  2000be44    00000098                  : netcfg.obj (.text:sl_NetCfgSet)
                  2000bedc    00000098                  : socket.obj (.text:sl_SetSockOpt)
                  2000bf74    00000098                  : wlan.obj (.text:sl_WlanSet)
                  2000c00c    00000098                  : cc_pal.obj (.text:spi_Write)
                  2000c0a4    00000096     rtsv7M4_T_le_eabi.lib : ull_div_t2.asm.obj (.text)
                  2000c13a    00000002     --HOLE-- [fill = 0]
                  2000c13c    00000094     driverlib.a : prcm.obj (.text:PRCMPeripheralClockGet)
                  2000c1d0    00000090     simplelink.a : netapp.obj (.text:_sl_HandleAsync_DnsGetHostByName)
                  2000c260    00000090                  : netapp.obj (.text:_sl_HandleAsync_PingResponse)
                  2000c2f0    00000090                  : wlan.obj (.text:sl_WlanPolicySet)
                  2000c380    0000008c                  : cc_pal.obj (.text:SetupDMAReceive)
                  2000c40c    0000008c                  : cc_pal.obj (.text:SetupDMASend)
                  2000c498    0000008c                  : driver.obj (.text:_SlDrvIsTimeoutExpired)
                  2000c524    0000008c                  : device.obj (.text:_sl_HandleAsync_InitComplete)
                  2000c5b0    0000008c     rtsv7M4_T_le_eabi.lib : fputc.c.obj (.text:fputc)
                  2000c63c    0000008c     simplelink.a : socket.obj (.text:sl_Socket)
                  2000c6c8    00000088     driverlib.a : pin.obj (.text:PinConfigSet)
                  2000c750    00000086     rtsv7M4_T_le_eabi.lib : fd_cmp_t2.asm.obj (.text:__aeabi_cdcmple)
                  2000c7d6    00000086                           : fd_cmp_t2.asm.obj (.text:__aeabi_cdrcmple)
                  2000c85c    00000084     simplelink.a : wlan.obj (.text:sl_WlanRxFilterSet)
                  2000c8e0    00000082     driverlib.a : gpio.obj (.text:GPIOIntTypeSet)
                  2000c962    00000002     --HOLE-- [fill = 0]
                  2000c964    00000080     simplelink.a : socket.obj (.text:_sl_HandleAsync_Connect)
                  2000c9e4    00000080                  : cc_pal.obj (.text:spi_Read_CPU)
                  2000ca64    00000080                  : cc_pal.obj (.text:spi_Write_CPU)
                  2000cae4    0000007c     rtsv7M4_T_le_eabi.lib : fflush.c.obj (.text:fflush)
                  2000cb60    0000007a                           : memset_t2.asm.obj (.text)
                  2000cbda    00000002     --HOLE-- [fill = 0]
                  2000cbdc    00000078                           : memory.c.obj (.text:malloc)
                  2000cc54    00000078     simplelink.a : cc_pal.obj (.text:spi_Close)
                  2000cccc    00000076     driverlib.a : uart.obj (.text:UARTConfigSetExpClk)
                  2000cd42    00000002     --HOLE-- [fill = 0]
                  2000cd44    00000074     simplelink.a : nonos.obj (.text:_SlNonOsMainLoopTask)
                  2000cdb8    00000074     rtsv7M4_T_le_eabi.lib : fclose.c.obj (.text:__TI_closefile)
                  2000ce2c    00000070     driverlib.a : timer.obj (.text:TimerIntRegister)
                  2000ce9c    0000006e     rtsv7M4_T_le_eabi.lib : _printfi.c.obj (.text:_mcpy)
                  2000cf0a    00000002     --HOLE-- [fill = 0]
                  2000cf0c    0000006c     simplelink.a : driver.obj (.text:_SlDrvCmdSend)
                  2000cf78    0000006c                  : netapp.obj (.text:_sl_NetAppSendTokenValue)
                  2000cfe4    00000068     rtsv7M4_T_le_eabi.lib : hostlseek.c.obj (.text:HOSTlseek)
                  2000d04c    00000068                           : hostrename.c.obj (.text:HOSTrename)
                  2000d0b4    00000068     driverlib.a : timer.obj (.text:TimerIntUnregister)
                  2000d11c    00000068     rtsv7M4_T_le_eabi.lib : copy_decompress_lzss.c.obj (.text:decompress:lzss:__TI_decompress_lzss)
                  2000d184    00000068                           : printf.c.obj (.text:printf)
                  2000d1ec    00000064     simplelink.a : nonos.obj (.text:_SlNonOsSpawn)
                  2000d250    00000064                  : socket.obj (.text:_sl_HandleAsync_Accept)
                  2000d2b4    00000064     rtsv7M4_T_le_eabi.lib : fseek.c.obj (.text:fseek)
                  2000d318    00000064     simplelink.a : netapp.obj (.text:sl_NetAppMDNSUnRegisterService)
                  2000d37c    00000064     driverlib.a : udma.obj (.text:uDMAChannelAttributeDisable)
                  2000d3e0    00000064                 : udma.obj (.text:uDMAChannelAttributeEnable)
                  2000d444    00000062     rtsv7M4_T_le_eabi.lib : _io_perm.c.obj (.text:__TI_wrt_ok)
                  2000d4a6    00000002     --HOLE-- [fill = 0]
                  2000d4a8    00000060                           : hostopen.c.obj (.text:HOSTopen)
                  2000d508    00000060     simplelink.a : socket.obj (.text:sl_Close)
                  2000d568    00000060                  : wlan.obj (.text:sl_WlanProfileDel)
                  2000d5c8    00000060                  : wlan.obj (.text:sl_WlanSetMode)
                  2000d628    0000005c     rtsv7M4_T_le_eabi.lib : close.c.obj (.text:close)
                  2000d684    0000005c                           : s_frexp.c.obj (.text:frexp)
                  2000d6e0    00000058                           : hostread.c.obj (.text:HOSTread)
                  2000d738    00000058                           : hostwrite.c.obj (.text:HOSTwrite)
                  2000d790    00000058     driverlib.a : interrupt.obj (.text:IntPendClear)
                  2000d7e8    00000058                 : prcm.obj (.text:PRCMPeripheralReset)
                  2000d840    00000056     rtsv7M4_T_le_eabi.lib : _printfi.c.obj (.text:_pconv_f)
                  2000d896    00000002     --HOLE-- [fill = 0]
                  2000d898    00000054     driverlib.a : interrupt.obj (.text:IntPrioritySet)
                  2000d8ec    00000054     simplelink.a : driver.obj (.text:_SlDrvRxIrqHandler)
                  2000d940    00000054                  : socket.obj (.text:_sl_HandleAsync_Select)
                  2000d994    00000054     rtsv7M4_T_le_eabi.lib : ltoa.c.obj (.text:ltoa)
                  2000d9e8    00000052                           : _printfi.c.obj (.text:_ecpy)
                  2000da3a    00000002     --HOLE-- [fill = 0]
                  2000da3c    00000050     simplelink.a : device.obj (.text:_sl_HandleAsync_Stop)
                  2000da8c    0000004c     driverlib.a : spi.obj (.text:SPIIntEnable)
                  2000dad8    0000004c                 : spi.obj (.text:SPIIntNumberGet)
                  2000db24    0000004c     simplelink.a : driver.obj (.text:_SlDrvProtectAsyncRespSetting)
                  2000db70    0000004c     rtsv7M4_T_le_eabi.lib : fflush.c.obj (.text:__TI_doflush)
                  2000dbbc    0000004c     simplelink.a : socket.obj (.text:_sl_BuildAddress)
                  2000dc08    0000004c     rtsv7M4_T_le_eabi.lib : atoi.c.obj (.text:atoi)
                  2000dc54    0000004c     driverlib.a : udma.obj (.text:uDMAChannelAssign)
                  2000dca0    00000048                 : gpio.obj (.text:GPIOGetIntNumber)
                  2000dce8    00000048                 : spi.obj (.text:SPIIntClear)
                  2000dd30    00000048     simplelink.a : driver.obj (.text:_SlDrvBasicCmd)
                  2000dd78    00000048     rtsv7M4_T_le_eabi.lib : exit.c.obj (.text:exit)
                  2000ddc0    00000048                           : fd_toi_t2.asm.obj (.text)
                  2000de08    00000044                           : hostclose.c.obj (.text:HOSTclose)
                  2000de4c    00000044                           : hostunlink.c.obj (.text:HOSTunlink)
                  2000de90    00000044     driverlib.a : spi.obj (.text:SPIDmaMaskGet)
                  2000ded4    00000044                 : timer.obj (.text:TimerConfigure)
                  2000df18    00000044     simplelink.a : driver.obj (.text:_SlDrvSyncObjWaitTimeout)
                  2000df5c    00000044     rtsv7M4_T_le_eabi.lib : autoinit.c.obj (.text:__TI_auto_init_nobinit_nopinit:__TI_auto_init_nobinit_nopinit)
                  2000dfa0    00000044     simplelink.a : cc_pal.obj (.text:cc_SetupTransfer)
                  2000dfe4    00000044     rtsv7M4_T_le_eabi.lib : getdevice.c.obj (.text:getdevice)
                  2000e028    00000042     simplelink.a : socket.obj (.text:sl_Htonl)
                  2000e06a    00000002     --HOLE-- [fill = 0]
                  2000e06c    00000040     driverlib.a : pin.obj (.text:PinModeSet)
                  2000e0ac    00000040     simplelink.a : socket.obj (.text:_sl_TruncatePayloadByProtocol)
                  2000e0ec    00000040     rtsv7M4_T_le_eabi.lib : sprintf.c.obj (.text:sprintf)
                  2000e12c    00000040                           : vsnprintf.c.obj (.text:vsnprintf)
                  2000e16c    0000003e     simplelink.a : cc_pal.obj (.text:NwpRegisterInterruptHandler)
                  2000e1aa    0000003e     rtsv7M4_T_le_eabi.lib : _printfi.c.obj (.text:_fcpy)
                  2000e1e8    0000003c     simplelink.a : netapp.obj (.text:CopyPingResultsToReport)
                  2000e224    0000003c     driverlib.a : prcm.obj (.text:PRCMPeripheralClkEnable)
                  2000e260    0000003c     rtsv7M4_T_le_eabi.lib : memory.c.obj (.text:minsert)
                  2000e29c    0000003c     simplelink.a : cc_pal.obj (.text:simplelink_timerA2_start)
                  2000e2d8    0000003c                  : socket.obj (.text:sl_Htons)
                  2000e314    0000003c     driverlib.a : udma.obj (.text:uDMAChannelControlSet)
                  2000e350    00000038     simplelink.a : cc_pal.obj (.text:NwpPowerOff)
                  2000e388    00000038     rtsv7M4_T_le_eabi.lib : trgmsg.c.obj (.text:__TI_writemsg)
                  2000e3c0    00000038                           : memory.c.obj (.text:minit)
                  2000e3f8    00000038     simplelink.a : wlan.obj (.text:sl_WlanDisconnect)
                  2000e430    00000036     driverlib.a : gpio.obj (.text:GPIODirModeSet)
                  2000e466    00000036     rtsv7M4_T_le_eabi.lib : strncpy.c.obj (.text:strncpy)
                  2000e49c    00000034     driverlib.a : prcm.obj (.text:PRCMPeripheralStatusGet)
                  2000e4d0    00000034                 : spi.obj (.text:SPIFIFOLevelSet)
                  2000e504    00000034     rtsv7M4_T_le_eabi.lib : fopen.c.obj (.text:__TI_cleanup)
                  2000e538    00000034                           : trgmsg.c.obj (.text:__TI_readmsg)
                  2000e56c    00000030     driverlib.a : pin.obj (.text:PinTypeGPIO)
                  2000e59c    00000030                 : uart.obj (.text:UARTDisable)
                  2000e5cc    00000030     rtsv7M4_T_le_eabi.lib : vsnprintf.c.obj (.text:_outs)
                  2000e5fc    00000030                           : getdevice.c.obj (.text:finddevice)
                  2000e62c    0000002e                           : i_tofd_t2.asm.obj (.text)
                  2000e65a    00000002     --HOLE-- [fill = 0]
                  2000e65c    0000002c     simplelink.a : cc_pal.obj (.text:NwpPowerOn)
                  2000e688    0000002c     driverlib.a : prcm.obj (.text:PRCMSysResetCauseGet)
                  2000e6b4    0000002c     simplelink.a : driver.obj (.text:_SlDrvObjGlobalLockWaitForever)
                  2000e6e0    0000002c                  : driver.obj (.text:_SlDrvProtectionObjLockWaitForever)
                  2000e70c    0000002c     rtsv7M4_T_le_eabi.lib : unlink.c.obj (.text:unlink)
                  2000e738    0000002a     driverlib.a : timer.obj (.text:TimerLoadSet)
                  2000e762    0000002a                 : timer.obj (.text:TimerPrescaleSet)
                  2000e78c    00000028                 : prcm.obj (.text:PRCMPeripheralClkDisable)
                  2000e7b4    00000028     simplelink.a : driver.obj (.text:_SlDrvGlobalObjUnLock)
                  2000e7dc    00000028                  : driver.obj (.text:_SlDrvProtectionObjUnLock)
                  2000e804    00000028                  : driver.obj (.text:_SlDrvSyncObjWaitForever)
                  2000e82c    00000028     rtsv7M4_T_le_eabi.lib : boot_cortex_m.c.obj (.text:_c_int00_noargs:_c_int00_noargs)
                  2000e854    00000028                           : lseek.c.obj (.text:lseek)
                  2000e87c    00000028                           : memory.c.obj (.text:mremove)
                  2000e8a4    00000028                           : write.c.obj (.text:write)
                  2000e8cc    00000026     simplelink.a : driver.obj (.text:_SlDrvObjLockWaitForever)
                  2000e8f2    00000002     --HOLE-- [fill = 0]
                  2000e8f4    00000024                  : cc_pal.obj (.text:DmaSpiSwIntHandler)
                  2000e918    00000024     driverlib.a : interrupt.obj (.text:IntUnregister)
                  2000e93c    00000024                 : uart.obj (.text:UARTEnable)
                  2000e960    00000024     rtsv7M4_T_le_eabi.lib : memmov.c.obj (.text:memmove)
                  2000e984    00000022     driverlib.a : spi.obj (.text:SPIReset)
                  2000e9a6    00000022                 : spi.obj (.text:SPIWordCountSet)
                  2000e9c8    00000020                 : gpio.obj (.text:GPIOPinWrite)
                  2000e9e8    00000020                 : interrupt.obj (.text:IntRegister)
                  2000ea08    00000020     simplelink.a : cc_pal.obj (.text:NwpPrePowerOffTimout0)
                  2000ea28    00000020     driverlib.a : spi.obj (.text:SPIDataGet)
                  2000ea48    00000020     simplelink.a : cc_pal.obj (.text:TimerGetCurrentTimestamp)
                  2000ea68    00000020                  : driver.obj (.text:_SlDrvObjUnLock)
                  2000ea88    00000020                  : driver.obj (.text:_SlDrvSyncObjSignal)
                  2000eaa8    00000020     rtsv7M4_T_le_eabi.lib : memchr.c.obj (.text:memchr)
                  2000eac8    0000001e     driverlib.a : gpio.obj (.text:GPIOIntRegister)
                  2000eae6    0000001e                 : spi.obj (.text:SPIDataPut)
                  2000eb04    0000001e                 : timer.obj (.text:TimerDisable)
                  2000eb22    0000001e                 : timer.obj (.text:TimerEnable)
                  2000eb40    0000001e                 : timer.obj (.text:TimerIntStatus)
                  2000eb5e    0000001e                 : uart.obj (.text:UARTCharPut)
                  2000eb7c    0000001e     simplelink.a : cc_pal.obj (.text:cc_UDMAChannelSelect)
                  2000eb9a    0000001e     rtsv7M4_T_le_eabi.lib : strcat.c.obj (.text:strcat)
                  2000ebb8    0000001c     driverlib.a : timer.obj (.text:TimerValueGet)
                  2000ebd4    0000001c                 : uart.obj (.text:UARTCharGetNonBlocking)
                  2000ebf0    0000001c     simplelink.a : driver.obj (.text:_SlDrvStartMeasureTimeout)
                  2000ec0c    0000001c     rtsv7M4_T_le_eabi.lib : assert.c.obj (.text:_abort_msg)
                  2000ec28    0000001c                           : memccpy.c.obj (.text:memccpy)
                  2000ec44    0000001c     driverlib.a : udma.obj (.text:uDMAChannelEnable)
                  2000ec60    0000001a                 : gpio.obj (.text:GPIOIntDisable)
                  2000ec7a    0000001a                 : gpio.obj (.text:GPIOIntEnable)
                  2000ec94    0000001a                 : pin.obj (.text:PinTypeSPI)
                  2000ecae    0000001a                 : pin.obj (.text:PinTypeUART)
                  2000ecc8    0000001a                 : spi.obj (.text:SPIDmaDisable)
                  2000ece2    0000001a                 : spi.obj (.text:SPIDmaEnable)
                  2000ecfc    0000001a                 : spi.obj (.text:SPIFIFODisable)
                  2000ed16    0000001a                 : spi.obj (.text:SPIFIFOEnable)
                  2000ed30    0000001a                 : spi.obj (.text:SPIIntUnregister)
                  2000ed4a    00000018                 : gpio.obj (.text:GPIOPinRead)
                  2000ed62    00000018                 : spi.obj (.text:SPICSDisable)
                  2000ed7a    00000018                 : spi.obj (.text:SPICSEnable)
                  2000ed92    00000018                 : spi.obj (.text:SPIDisable)
                  2000edaa    00000018                 : spi.obj (.text:SPIEnable)
                  2000edc2    00000018                 : timer.obj (.text:TimerIntDisable)
                  2000edda    00000018                 : timer.obj (.text:TimerIntEnable)
                  2000edf2    00000018                 : uart.obj (.text:UARTCharsAvail)
                  2000ee0a    00000018     simplelink.a : nonos.obj (.text:_SlNonOsSemSet)
                  2000ee22    00000018     rtsv7M4_T_le_eabi.lib : vsnprintf.c.obj (.text:_outc)
                  2000ee3a    00000018                           : sprintf.c.obj (.text:_outs)
                  2000ee52    00000002     --HOLE-- [fill = 0]
                  2000ee54    00000018     simplelink.a : device.obj (.text:_sl_GetStartResponseConvert)
                  2000ee6c    00000018     rtsv7M4_T_le_eabi.lib : strcmp.c.obj (.text:strcmp)
                  2000ee84    00000016     driverlib.a : prcm.obj (.text:PRCMHIBRegRead)
                  2000ee9a    00000016                 : prcm.obj (.text:PRCMHIBRegWrite)
                  2000eeb0    00000016     simplelink.a : driver.obj (.text:_SlDrvMemZero)
                  2000eec6    00000016     rtsv7M4_T_le_eabi.lib : strchr.c.obj (.text:strchr)
                  2000eedc    00000014     driverlib.a : cpu.obj (.text:CPUcpsie)
                  2000eef0    00000014                 : gpio.obj (.text:GPIOIntClear)
                  2000ef04    00000014                 : interrupt.obj (.text:IntVTableBaseSet)
                  2000ef18    00000014     rtsv7M4_T_le_eabi.lib : strcpy.c.obj (.text:strcpy)
                  2000ef2c    00000014                           : strlen.c.obj (.text:strlen)
                  2000ef40    00000012     driverlib.a : timer.obj (.text:TimerIntClear)
                  2000ef52    00000012     rtsv7M4_T_le_eabi.lib : wcslen.c.obj (.text:wcslen)
                  2000ef64    00000010     simplelink.a : driver.obj (.text:_SlDrvDispatchHttpServerEvents)
                  2000ef74    0000000e                  : driver.obj (.text:_SlDrvResetCmdExt)
                  2000ef82    0000000e     rtsv7M4_T_le_eabi.lib : copy_decompress_none.c.obj (.text:decompress:none:__TI_decompress_none)
                  2000ef90    0000000e     startup_ccs.obj (.text)
                  2000ef9e    00000002     --HOLE-- [fill = 0]
                  2000efa0    0000000c     simplelink.a : cc_pal.obj (.text:NwpMaskInterrupt)
                  2000efac    0000000c                  : cc_pal.obj (.text:NwpUnMaskInterrupt)
                  2000efb8    0000000c     rtsv7M4_T_le_eabi.lib : copy_zero_init.c.obj (.text:decompress:ZI:__TI_zero_init)
                  2000efc4    0000000a     driverlib.a : interrupt.obj (.text:IntMasterEnable)
                  2000efce    0000000a     rtsv7M4_T_le_eabi.lib : sprintf.c.obj (.text:_outc)
                  2000efd8    00000008                           : errno.c.obj (.text:__aeabi_errno_addr)
                  2000efe0    00000008                           : s_copysign.c.obj (.text:copysign)
                  2000efe8    00000006     driverlib.a : utils.obj (.text:UtilsDelay)
                  2000efee    00000004     rtsv7M4_T_le_eabi.lib : printf.c.obj (.text:_outc)
                  2000eff2    00000004                           : printf.c.obj (.text:_outs)
                  2000eff6    00000004                           : pre_init.c.obj (.text:_system_pre_init)
                  2000effa    00000004                           : exit.c.obj (.text:abort:abort)

.const     0    2000f000    00000b32     
                  2000f000    000004fb     Adafruit_GFX.obj (.const:.string:font)
                  2000f4fb    00000101     rtsv7M4_T_le_eabi.lib : ctype.c.obj (.const:.string:_ctypes_)
                  2000f5fc    00000100     driverlib.a : pin.obj (.const:g_ulPinToPadMap)
                  2000f6fc    000000d4                 : interrupt.obj (.const:g_pulRegs)
                  2000f7d0    000000a8                 : prcm.obj (.const:PRCM_PeriphRegsList)
                  2000f878    00000080                 : interrupt.obj (.const)
                  2000f8f8    0000003c     simplelink.a : driver.obj (.const:OpcodeTranslateTable)
                  2000f934    00000038                  : driver.obj (.const:_SlActionLookupTable)
                  2000f96c    0000002c     main.obj (.const:$P$T1$2)
                  2000f998    0000002c     main.obj (.const:.string)
                  2000f9c4    00000024     driverlib.a : spi.obj (.const:g_ppulSPIIntMap)
                  2000f9e8    00000022     main.obj (.const:.string:$P$T0$1)
                  2000fa0a    00000002     --HOLE-- [fill = 0]
                  2000fa0c    00000020     simplelink.a : driver.obj (.const:RxMsgClassLUT)
                  2000fa2c    00000018     driverlib.a : spi.obj (.const)
                  2000fa44    00000015     main.obj (.const:.string:$P$T6$7)
                  2000fa59    00000003     --HOLE-- [fill = 0]
                  2000fa5c    00000014     simplelink.a : driver.obj (.const:$P$T0$1)
                  2000fa70    00000014                  : nonos.obj (.const:$P$T0$1)
                  2000fa84    00000014     main.obj (.const:$P$T2$3)
                  2000fa98    00000010     simplelink.a : socket.obj (.const:.string:_SlPayloadByProtocolLUT)
                  2000faa8    0000000c     main.obj (.const:$P$T4$5)
                  2000fab4    0000000c     main.obj (.const:.string:$P$T3$4)
                  2000fac0    00000009     main.obj (.const:.string:$P$T5$6)
                  2000fac9    00000008     simplelink.a : device.obj (.const:StartResponseLUT)
                  2000fad1    00000003     --HOLE-- [fill = 0]
                  2000fad4    00000008                  : driver.obj (.const:g_H2NCnysPattern)
                  2000fadc    00000008                  : driver.obj (.const:g_H2NSyncPattern)
                  2000fae4    00000005     main.obj (.const:.string:$P$T7$8)
                  2000fae9    00000001     --HOLE-- [fill = 0]
                  2000faea    00000004     simplelink.a : wlan.obj (.const:$P$T0$1)
                  2000faee    00000004                  : socket.obj (.const:$P$T2$3)
                  2000faf2    00000004                  : device.obj (.const:_SlDeviceGetCmdCtrl)
                  2000faf6    00000004                  : device.obj (.const:_SlDeviceSetCmdCtrl)
                  2000fafa    00000004                  : netapp.obj (.const:_SlGetHostByNameCtrl)
                  2000fafe    00000004                  : netapp.obj (.const:_SlNetAppSendTokenValueCmdCtrl)
                  2000fb02    00000004                  : netcfg.obj (.const:_SlNetCfgSetCmdCtrl)
                  2000fb06    00000004                  : wlan.obj (.const:_SlPolicySetCmdCtrl)
                  2000fb0a    00000004                  : wlan.obj (.const:_SlProfileDelCmdCtrl)
                  2000fb0e    00000004                  : netapp.obj (.const:_SlRegisterServiceCtrl)
                  2000fb12    00000004                  : wlan.obj (.const:_SlRxFilterSetCmdCtrl)
                  2000fb16    00000004                  : socket.obj (.const:_SlSendCmdCtrl)
                  2000fb1a    00000004                  : socket.obj (.const:_SlSetSockOptCmdCtrl)
                  2000fb1e    00000004                  : socket.obj (.const:_SlSockCloseCmdCtrl)
                  2000fb22    00000004                  : socket.obj (.const:_SlSockSocketCmdCtrl)
                  2000fb26    00000004                  : device.obj (.const:_SlStopCmdCtrl)
                  2000fb2a    00000004                  : wlan.obj (.const:_SlWlanCfgSetCmdCtrl)
                  2000fb2e    00000004                  : wlan.obj (.const:_SlWlanSetModeCmdCtrl)

.cinit     0    2000fb38    000000d0     
                  2000fb38    000000ac     (.cinit..data.load) [load image, compression = lzss]
                  2000fbe4    0000000c     (__TI_handler_table)
                  2000fbf0    00000008     (.cinit..bss.load) [load image, compression = zero_init]
                  2000fbf8    00000010     (__TI_cinit_table)

.sysmem    0    20017000    00008000     UNINITIALIZED
                  20017000    00000008     rtsv7M4_T_le_eabi.lib : memory.c.obj (.sysmem)
                  20017008    00007ff8     --HOLE--

.bss       0    2001f000    000008b6     UNINITIALIZED
                  2001f000    00000200     main.obj (.bss:timer_recordings)
                  2001f200    00000168     simplelink.a : driver.obj (.bss:g_StatMem)
                  2001f368    0000012c     main.obj (.bss:DATA1)
                  2001f494    00000120     rtsv7M4_T_le_eabi.lib : trgmsg.c.obj (.bss:_CIOBUF_)
                  2001f5b4    000000c8     main.obj (.bss:receiver_message)
                  2001f67c    000000c8     main.obj (.bss:sender_message)
                  2001f744    000000a0     (.common:__TI_tmpnams)
                  2001f7e4    00000050     (.common:g_ucDinDout)
                  2001f834    0000002c     (.common:g_time)
                  2001f860    00000024     (.common:g_ucConnectionSSID)
                  2001f884    00000018     main.obj (.bss)
                  2001f89c    00000008     (.common:g_ucConnectionBSSID)
                  2001f8a4    00000008     (.common:parmbuf)
                  2001f8ac    00000004     uart_if.obj (.bss)
                  2001f8b0    00000001     (.common:RxIrqCnt)
                  2001f8b1    00000001     (.common:g_bDeviceRestartIsRequired)
                  2001f8b2    00000001     (.common:g_cDummy)
                  2001f8b3    00000001     (.common:g_ucLED1Pin)
                  2001f8b4    00000001     (.common:g_ucLED2Pin)
                  2001f8b5    00000001     (.common:g_ucLED3Pin)

.data      0    2001f8b8    000002a0     UNINITIALIZED
                  2001f8b8    000000f0     rtsv7M4_T_le_eabi.lib : defs.c.obj (.data:_ftable)
                  2001f9a8    00000078                           : write.c.obj (.data:_device)
                  2001fa20    00000050                           : write.c.obj (.data:_stream)
                  2001fa70    0000003c     simplelink.a : nonos.obj (.data:g__SlNonOsCB)
                  2001faac    00000015     Adafruit_GFX.obj (.data)
                  2001fac1    00000003     --HOLE--
                  2001fac4    00000014     main.obj (.data)
                  2001fad8    00000014     gpio_if.obj (.data:ulReg)
                  2001faec    00000010     rtsv7M4_T_le_eabi.lib : defs.c.obj (.data)
                  2001fafc    0000000d     simplelink.a : driver.obj (.data)
                  2001fb09    00000003     --HOLE--
                  2001fb0c    0000000c     rtsv7M4_T_le_eabi.lib : exit.c.obj (.data:$O1$$)
                  2001fb18    0000000c                           : memory.c.obj (.data:$O1$$)
                  2001fb24    0000000c     gpio_if.obj (.data)
                  2001fb30    00000009     simplelink.a : cc_pal.obj (.data)
                  2001fb39    00000003     --HOLE--
                  2001fb3c    00000008     rtsv7M4_T_le_eabi.lib : _lock.c.obj (.data:$O1$$)
                  2001fb44    00000008     main.obj (.data:receiver_falling)
                  2001fb4c    00000008     main.obj (.data:receiver_rising)
                  2001fb54    00000004     rtsv7M4_T_le_eabi.lib : errno.c.obj (.data)

.stack     0    2002f000    00001000     UNINITIALIZED
                  2002f000    00000004     rtsv7M4_T_le_eabi.lib : boot_cortex_m.c.obj (.stack)
                  2002f004    00000ffc     --HOLE--

MODULE SUMMARY

       Module                       code    ro data   rw data
       ------                       ----    -------   -------
    .\
       main.obj                     6708    201       1360   
       Adafruit_GFX.obj             2688    1275      21     
       Adafruit_OLED.obj            1210    0         0      
       startup_ccs.obj              14      1024      0      
       gpio_if.obj                  920     0         35     
       uart_if.obj                  640     0         4      
       timer_if.obj                 408     0         0      
       pin_mux_config.obj           380     0         0      
    +--+----------------------------+-------+---------+---------+
       Total:                       12968   2500      1420   
                                                             
    C:/ti/CC3200SDK_1.3.0/cc3200-sdk/driverlib/ccs/Release/driverlib.a
       prcm.obj                     852     168       0      
       interrupt.obj                608     340       0      
       spi.obj                      860     60        0      
       udma.obj                     604     0         0      
       pin.obj                      300     256       0      
       timer.obj                    552     0         0      
       gpio.obj                     414     0         0      
       uart.obj                     284     0         0      
       cpu.obj                      20      0         0      
       utils.obj                    6       0         0      
    +--+----------------------------+-------+---------+---------+
       Total:                       4500    824       0      
                                                             
    C:/ti/CC3200SDK_1.3.0/cc3200-sdk/simplelink/ccs/NON_OS/simplelink.a
       driver.obj                   7230    184       375    
       cc_pal.obj                   1820    0         90     
       socket.obj                   1670    36        0      
       netapp.obj                   1572    12        0      
       wlan.obj                     1312    24        0      
       device.obj                   1230    20        0      
       nonos.obj                    416     20        60     
       netcfg.obj                   152     4         0      
    +--+----------------------------+-------+---------+---------+
       Total:                       15402   300       525    
                                                             
    C:\ti\ccsv8\tools\compiler\ti-cgt-arm_18.1.1.LTS\lib\rtsv7M4_T_le_eabi.lib
       _printfi.c.obj               4831    0         0      
       memory.c.obj                 768     0         12     
       fd_add_t2.asm.obj            438     0         0      
       defs.c.obj                   0       0         416    
       trgmsg.c.obj                 108     0         288    
       fd_div_t2.asm.obj            310     0         0      
       fputs.c.obj                  276     0         0      
       fd_cmp_t2.asm.obj            268     0         0      
       ctype.c.obj                  0       257       0      
       fd_mul_t2.asm.obj            252     0         0      
       write.c.obj                  40      0         200    
       setvbuf.c.obj                220     0         0      
       s_scalbn.c.obj               208     0         0      
       fflush.c.obj                 200     0         0      
       memcpy_t2.asm.obj            156     0         0      
       ull_div_t2.asm.obj           150     0         0      
       fputc.c.obj                  140     0         0      
       vsnprintf.c.obj              136     0         0      
       memset_t2.asm.obj            122     0         0      
       fclose.c.obj                 116     0         0      
       getdevice.c.obj              116     0         0      
       printf.c.obj                 112     0         0      
       copy_decompress_lzss.c.obj   104     0         0      
       hostlseek.c.obj              104     0         0      
       hostopen.c.obj               96      0         8      
       hostrename.c.obj             104     0         0      
       fseek.c.obj                  100     0         0      
       _io_perm.c.obj               98      0         0      
       sprintf.c.obj                98      0         0      
       close.c.obj                  92      0         0      
       s_frexp.c.obj                92      0         0      
       exit.c.obj                   76      0         12     
       hostread.c.obj               88      0         0      
       hostwrite.c.obj              88      0         0      
       ltoa.c.obj                   84      0         0      
       atoi.c.obj                   76      0         0      
       fd_toi_t2.asm.obj            72      0         0      
       autoinit.c.obj               68      0         0      
       hostclose.c.obj              68      0         0      
       hostunlink.c.obj             68      0         0      
       strncpy.c.obj                54      0         0      
       fopen.c.obj                  52      0         0      
       i_tofd_t2.asm.obj            46      0         0      
       unlink.c.obj                 44      0         0      
       boot_cortex_m.c.obj          40      0         0      
       lseek.c.obj                  40      0         0      
       memmov.c.obj                 36      0         0      
       memchr.c.obj                 32      0         0      
       strcat.c.obj                 30      0         0      
       assert.c.obj                 28      0         0      
       memccpy.c.obj                28      0         0      
       strcmp.c.obj                 24      0         0      
       strchr.c.obj                 22      0         0      
       strcpy.c.obj                 20      0         0      
       strlen.c.obj                 20      0         0      
       wcslen.c.obj                 18      0         0      
       copy_decompress_none.c.obj   14      0         0      
       copy_zero_init.c.obj         12      0         0      
       errno.c.obj                  8       0         4      
       _lock.c.obj                  2       0         8      
       s_copysign.c.obj             8       0         0      
       pre_init.c.obj               4       0         0      
       div0.asm.obj                 2       0         0      
    +--+----------------------------+-------+---------+---------+
       Total:                       11127   257       948    
                                                             
       Heap:                        0       0         32768  
       Stack:                       0       0         4096   
       Linker Generated:            0       208       0      
    +--+----------------------------+-------+---------+---------+
       Grand Total:                 43997   4089      39757  


LINKER GENERATED COPY TABLES

__TI_cinit_table @ 2000fbf8 records: 2, size/record: 8, table size: 16
	.data: load addr=2000fb38, load size=000000ac bytes, run addr=2001f8b8, run size=000002a0 bytes, compression=lzss
	.bss: load addr=2000fbf0, load size=00000008 bytes, run addr=2001f000, run size=000008b6 bytes, compression=zero_init


LINKER GENERATED HANDLER TABLE

__TI_handler_table @ 2000fbe4 records: 3, size/record: 4, table size: 12
	index: 0, handler: __TI_decompress_lzss
	index: 1, handler: __TI_decompress_none
	index: 2, handler: __TI_zero_init


GLOBAL SYMBOLS: SORTED ALPHABETICALLY BY Name 

address   name                                  
-------   ----                                  
20007919  Adafruit_Init                         
2000effb  C$$EXIT                               
2000e3b7  C$$IO$$                               
2000eedd  CPUcpsie                              
20008125  ClearTerm                             
20007a95  Color565                              
2000e8f5  DmaSpiSwIntHandler                    
2000812f  Error                                 
2000e431  GPIODirModeSet                        
2000eef1  GPIOIntClear                          
2000ec61  GPIOIntDisable                        
2000ec7b  GPIOIntEnable                         
2000eac9  GPIOIntRegister                       
2000c8e1  GPIOIntTypeSet                        
2000ed4b  GPIOPinRead                           
2000e9c9  GPIOPinWrite                          
2000800d  GPIO_IF_ConfigureNIntEnable           
20008099  GPIO_IF_Get                           
20007fc7  GPIO_IF_GetPortNPin                   
20007d89  GPIO_IF_LedConfigure                  
20007e7b  GPIO_IF_LedOff                        
20007dc7  GPIO_IF_LedOn                         
20007f2f  GPIO_IF_LedStatus                     
20007f99  GPIO_IF_LedToggle                     
20008055  GPIO_IF_Set                           
20008167  GetCmd                                
2000de09  HOSTclose                             
2000cfe5  HOSTlseek                             
2000d4a9  HOSTopen                              
2000d6e1  HOSTread                              
2000d04d  HOSTrename                            
2000de4d  HOSTunlink                            
2000d739  HOSTwrite                             
200080e5  InitTerm                              
2000b9e1  IntDisable                            
2000ba89  IntEnable                             
2000efc5  IntMasterEnable                       
2000d791  IntPendClear                          
2000d899  IntPrioritySet                        
2000e9e9  IntRegister                           
2000e919  IntUnregister                         
2000ef05  IntVTableBaseSet                      
20008103  Message                               
2000efa1  NwpMaskInterrupt                      
2000e351  NwpPowerOff                           
2000e65d  NwpPowerOn                            
2000ea09  NwpPrePowerOffTimout0                 
2000e16d  NwpRegisterInterruptHandler           
2000efad  NwpUnMaskInterrupt                    
2000f8f8  OpcodeTranslateTable                  
200067df  Outstr                                
20009969  PRCMCC3200MCUInit                     
2000ee85  PRCMHIBRegRead                        
2000ee9b  PRCMHIBRegWrite                       
2000e78d  PRCMPeripheralClkDisable              
2000e225  PRCMPeripheralClkEnable               
2000c13d  PRCMPeripheralClockGet                
2000d7e9  PRCMPeripheralReset                   
2000e49d  PRCMPeripheralStatusGet               
2000e689  PRCMSysResetCauseGet                  
2000c6c9  PinConfigSet                          
2000e06d  PinModeSet                            
200097ed  PinMuxConfig                          
2000e56d  PinTypeGPIO                           
2000ec95  PinTypeSPI                            
2000ecaf  PinTypeUART                           
200082a5  Report                                
2000ef91  ResetISR                              
2001f8b0  RxIrqCnt                              
2000ed63  SPICSDisable                          
2000ed7b  SPICSEnable                           
2000bbd5  SPIConfigSetExpClk                    
2000ea29  SPIDataGet                            
2000eae7  SPIDataPut                            
2000ed93  SPIDisable                            
2000ecc9  SPIDmaDisable                         
2000ece3  SPIDmaEnable                          
2000edab  SPIEnable                             
2000ecfd  SPIFIFODisable                        
2000ed17  SPIFIFOEnable                         
2000e4d1  SPIFIFOLevelSet                       
2000dce9  SPIIntClear                           
2000da8d  SPIIntEnable                          
2000ed31  SPIIntUnregister                      
2000e985  SPIReset                              
2000e9a7  SPIWordCountSet                       
20004cb9  SimpleLinkGeneralEventHandler         
20004cad  SimpleLinkHttpServerCallback          
20004c11  SimpleLinkNetAppEventHandler          
20004cd3  SimpleLinkSockEventHandler            
20004aa5  SimpleLinkWlanEventHandler            
2000ded5  TimerConfigure                        
2000eb05  TimerDisable                          
2000eb23  TimerEnable                           
2000ea49  TimerGetCurrentTimestamp              
2000ef41  TimerIntClear                         
2000edc3  TimerIntDisable                       
2000eddb  TimerIntEnable                        
2000ce2d  TimerIntRegister                      
2000eb41  TimerIntStatus                        
2000d0b5  TimerIntUnregister                    
2000e739  TimerLoadSet                          
2000e763  TimerPrescaleSet                      
2000ebb9  TimerValueGet                         
2000947f  Timer_IF_DeInit                       
200094b1  Timer_IF_GetCount                     
200093b9  Timer_IF_Init                         
200093eb  Timer_IF_IntSetup                     
20009437  Timer_IF_InterruptClear               
20009499  Timer_IF_ReLoad                       
2000944f  Timer_IF_Start                        
2000946f  Timer_IF_Stop                         
2000820d  TrimSpace                             
2000ebd5  UARTCharGetNonBlocking                
2000eb5f  UARTCharPut                           
2000edf3  UARTCharsAvail                        
2000cccd  UARTConfigSetExpClk                   
2000e59d  UARTDisable                           
2000e93d  UARTEnable                            
2000efe9  UtilsDelay                            
2000f934  _SlActionLookupTable                  
2000bb31  _SlDriverHandleError                  
2000dd31  _SlDrvBasicCmd                        
2000b7bd  _SlDrvCmdOp                           
2000cf0d  _SlDrvCmdSend                         
20009c51  _SlDrvDataWriteOp                     
2000bd11  _SlDrvDeviceEventHandler              
2000ef65  _SlDrvDispatchHttpServerEvents        
2000a519  _SlDrvDriverCBDeinit                  
20008fe9  _SlDrvDriverCBInit                    
2000e7b5  _SlDrvGlobalObjUnLock                 
2000c499  _SlDrvIsTimeoutExpired                
2000eeb1  _SlDrvMemZero                         
2000b035  _SlDrvMsgReadSpawnCtx                 
2000a991  _SlDrvNetAppEventHandler              
2000e8cd  _SlDrvObjLockWaitForever              
2000ea69  _SlDrvObjUnLock                       
2000db25  _SlDrvProtectAsyncRespSetting         
2000e6e1  _SlDrvProtectionObjLockWaitForever    
2000e7dd  _SlDrvProtectionObjUnLock             
20008a95  _SlDrvReleasePoolObj                  
2000ef75  _SlDrvResetCmdExt                     
2000d8ed  _SlDrvRxIrqHandler                    
2000ebf1  _SlDrvStartMeasureTimeout             
2000ea89  _SlDrvSyncObjSignal                   
2000e805  _SlDrvSyncObjWaitForever              
2000df19  _SlDrvSyncObjWaitTimeout              
200094d1  _SlDrvWaitForPoolObj                  
2000fafe  _SlNetAppSendTokenValueCmdCtrl        
2000cd45  _SlNonOsMainLoopTask                  
2000b931  _SlNonOsSemGet                        
2000ee0b  _SlNonOsSemSet                        
2000d1ed  _SlNonOsSpawn                         
2001f494  __CIOBUF_                             
20030000  __STACK_END                           
00001000  __STACK_SIZE                          
00008000  __SYSMEM_SIZE                         
2000fbf8  __TI_CINIT_Base                       
2000fc08  __TI_CINIT_Limit                      
2000fbe4  __TI_Handler_Table_Base               
2000fbf0  __TI_Handler_Table_Limit              
2000df5d  __TI_auto_init_nobinit_nopinit        
2000e505  __TI_cleanup                          
2001fb0c  __TI_cleanup_ptr                      
2000cdb9  __TI_closefile                        
2000d11d  __TI_decompress_lzss                  
2000ef83  __TI_decompress_none                  
2000db71  __TI_doflush                          
2001fb10  __TI_dtors_ptr                        
2001fb14  __TI_enable_exit_profile_output       
2001faec  __TI_ft_end                           
ffffffff  __TI_pprof_out_hndl                   
200068b5  __TI_printfi                          
ffffffff  __TI_prof_data_size                   
ffffffff  __TI_prof_data_start                  
2000e539  __TI_readmsg                          
2000fb38  __TI_static_base__                    
2001f744  __TI_tmpnams                          
2000e389  __TI_writemsg                         
2000d445  __TI_wrt_ok                           
2000efb9  __TI_zero_init                        
2000c751  __aeabi_cdcmpeq                       
2000c751  __aeabi_cdcmple                       
2000c7d7  __aeabi_cdrcmple                      
2000ddc1  __aeabi_d2iz                          
20008e3b  __aeabi_dadd                          
2000a2ad  __aeabi_ddiv                          
2000aa95  __aeabi_dmul                          
20008e31  __aeabi_dsub                          
2000efd9  __aeabi_errno_addr                    
2000e62d  __aeabi_i2d                           
20008fe7  __aeabi_idiv0                         
20008fe7  __aeabi_ldiv0                         
2000cb61  __aeabi_memclr                        
2000cb61  __aeabi_memclr4                       
2000cb61  __aeabi_memclr8                       
2000bc75  __aeabi_memcpy                        
2000bc75  __aeabi_memcpy4                       
2000bc75  __aeabi_memcpy8                       
2000cb63  __aeabi_memset                        
2000cb63  __aeabi_memset4                       
2000cb63  __aeabi_memset8                       
2001faf8  __aeabi_stderr                        
2001faf0  __aeabi_stdin                         
2001faf4  __aeabi_stdout                        
2000c0a5  __aeabi_uldivmod                      
ffffffff  __binit__                             
ffffffff  __c_args__                            
UNDEFED   __mpu_init                            
2002f000  __stack                               
2000ec0d  _abort_msg                            
2000e82d  _c_int00_noargs                       
2000f4fb  _ctypes_                              
2001f9a8  _device                               
2001f8b8  _ftable                               
2001fb3c  _lock                                 
20007d4b  _nop                                  
2000d251  _sl_HandleAsync_Accept                
2000c965  _sl_HandleAsync_Connect               
2000c1d1  _sl_HandleAsync_DnsGetHostByName      
2000b561  _sl_HandleAsync_DnsGetHostByService   
2000c525  _sl_HandleAsync_InitComplete          
2000c261  _sl_HandleAsync_PingResponse          
2000d941  _sl_HandleAsync_Select                
2000da3d  _sl_HandleAsync_Stop                  
2000cf79  _sl_NetAppSendTokenValue              
2001fa20  _stream                               
20017000  _sys_memory                           
UNDEFED   _system_post_cinit                    
2000eff7  _system_pre_init                      
2001fb40  _unlock                               
2000effb  abort                                 
2000dc09  atoi                                  
ffffffff  binit                                 
2000d629  close                                 
2000efe1  copysign                              
2000efe1  copysignl                             
2001faac  cursor_x                              
2001fab0  cursor_y                              
20006693  drawChar                              
20005e35  drawCircle                            
20005f69  drawCircleHelper                      
20007c3d  drawFastHLine                         
20007ba1  drawFastVLine                         
200061af  drawLine                              
20007cf1  drawPixel                             
2000629b  drawRect                              
200062e9  drawRoundRect                         
20006451  drawTriangle                          
2001fb54  errno                                 
2000dd79  exit                                  
2000cae5  fflush                                
20006087  fillCircle                            
200060c1  fillCircleHelper                      
20007aed  fillRect                              
200063d7  fillRoundRect                         
20007ad7  fillScreen                            
20006493  fillTriangle                          
2000e5fd  finddevice                            
2000c5b1  fputc                                 
2000a769  fputs                                 
2000b3b9  free                                  
2000d685  frexp                                 
2000d685  frexpl                                
2000d2b5  fseek                                 
2001fad0  g_Host                                
2001fafc  g_SlDeviceStatus                      
2001fb30  g_SpiFd                               
2001fa70  g__SlNonOsCB                          
2001f8b1  g_bDeviceRestartIsRequired            
2001f8b2  g_cDummy                              
2001fb00  g_pCB                                 
2001fb34  g_pHostIntHdl                         
20004000  g_pfnVectors                          
2001f834  g_time                                
2001f89c  g_ucConnectionBSSID                   
2001f860  g_ucConnectionSSID                    
2001fb38  g_ucDMAEnabled                        
2001f7e4  g_ucDinDout                           
2001f8b3  g_ucLED1Pin                           
2001f8b4  g_ucLED2Pin                           
2001f8b5  g_ucLED3Pin                           
2001fb24  g_uiLED1Port                          
2001fb28  g_uiLED2Port                          
2001fb2c  g_uiLED3Port                          
2001facc  g_ulGatewayIP                         
2001fac8  g_ulPingPacketsRecv                   
2001fac4  g_ulStatus                            
2000dfe5  getdevice                             
20007a51  goTo                                  
20006893  height                                
20007d2f  invert                                
2000b491  ldexp                                 
2000b491  ldexpl                                
2000e855  lseek                                 
2000d995  ltoa                                  
2000583d  main                                  
2000cbdd  malloc                                
2000ec29  memccpy                               
2000eaa9  memchr                                
2000bc75  memcpy                                
2000e961  memmove                               
2000cb69  memset                                
2000e3c1  minit                                 
2001fb04  pPingCallBackFunc                     
2001f8a4  parmbuf                               
200056b9  printErrConvenience                   
2000d185  printf                                
2000c5b1  putc                                  
2000a87d  realloc                               
2000e70d  remove                                
2000b491  scalbn                                
2000b491  scalbnl                               
2000682b  setCursor                             
20006863  setTextColor                          
20006843  setTextSize                           
2000687b  setTextWrap                           
2000b2dd  setvbuf                               
2000e29d  simplelink_timerA2_start              
2000d509  sl_Close                              
20009661  sl_Connect                            
2000b62d  sl_DevGet                             
2000bdad  sl_DevSet                             
2000e029  sl_Htonl                              
2000e2d9  sl_Htons                              
2000a02d  sl_NetAppDnsGetHostByName             
2000b11d  sl_NetAppMDNSRegisterUnregisterService
2000d319  sl_NetAppMDNSUnRegisterService        
2000be45  sl_NetCfgSet                          
2000a3e5  sl_Send                               
2000bedd  sl_SetSockOpt                         
2000c63d  sl_Socket                             
2000ae61  sl_Start                              
2000ab91  sl_Stop                               
20008365  sl_WlanConnect                        
2000e3f9  sl_WlanDisconnect                     
2000c2f1  sl_WlanPolicySet                      
2000d569  sl_WlanProfileDel                     
2000c85d  sl_WlanRxFilterSet                    
2000bf75  sl_WlanSet                            
2000d5c9  sl_WlanSetMode                        
2000cc55  spi_Close                             
20009da1  spi_Open                              
2000ac81  spi_Read                              
2000c00d  spi_Write                             
2000e0ed  sprintf                               
2000eb9b  strcat                                
2000eec7  strchr                                
2000ee6d  strcmp                                
2000ef19  strcpy                                
2000ef2d  strlen                                
2000e467  strncpy                               
2001fabc  textbgcolor                           
2001fab8  textcolor                             
2001fab4  textsize                              
2000dc55  uDMAChannelAssign                     
2000d37d  uDMAChannelAttributeDisable           
2000d3e1  uDMAChannelAttributeEnable            
2000e315  uDMAChannelControlSet                 
2000ec45  uDMAChannelEnable                     
2000ad71  uDMAChannelTransferSet                
2000e70d  unlink                                
2000e12d  vsnprintf                             
2000ef53  wcslen                                
2000688f  width                                 
2001fac0  wrap                                  
2000e8a5  write                                 
20007891  writeCommand                          
200078d5  writeData                             


GLOBAL SYMBOLS: SORTED BY Symbol Address 

address   name                                  
-------   ----                                  
00001000  __STACK_SIZE                          
00008000  __SYSMEM_SIZE                         
20004000  g_pfnVectors                          
20004aa5  SimpleLinkWlanEventHandler            
20004c11  SimpleLinkNetAppEventHandler          
20004cad  SimpleLinkHttpServerCallback          
20004cb9  SimpleLinkGeneralEventHandler         
20004cd3  SimpleLinkSockEventHandler            
200056b9  printErrConvenience                   
2000583d  main                                  
20005e35  drawCircle                            
20005f69  drawCircleHelper                      
20006087  fillCircle                            
200060c1  fillCircleHelper                      
200061af  drawLine                              
2000629b  drawRect                              
200062e9  drawRoundRect                         
200063d7  fillRoundRect                         
20006451  drawTriangle                          
20006493  fillTriangle                          
20006693  drawChar                              
200067df  Outstr                                
2000682b  setCursor                             
20006843  setTextSize                           
20006863  setTextColor                          
2000687b  setTextWrap                           
2000688f  width                                 
20006893  height                                
200068b5  __TI_printfi                          
20007891  writeCommand                          
200078d5  writeData                             
20007919  Adafruit_Init                         
20007a51  goTo                                  
20007a95  Color565                              
20007ad7  fillScreen                            
20007aed  fillRect                              
20007ba1  drawFastVLine                         
20007c3d  drawFastHLine                         
20007cf1  drawPixel                             
20007d2f  invert                                
20007d4b  _nop                                  
20007d89  GPIO_IF_LedConfigure                  
20007dc7  GPIO_IF_LedOn                         
20007e7b  GPIO_IF_LedOff                        
20007f2f  GPIO_IF_LedStatus                     
20007f99  GPIO_IF_LedToggle                     
20007fc7  GPIO_IF_GetPortNPin                   
2000800d  GPIO_IF_ConfigureNIntEnable           
20008055  GPIO_IF_Set                           
20008099  GPIO_IF_Get                           
200080e5  InitTerm                              
20008103  Message                               
20008125  ClearTerm                             
2000812f  Error                                 
20008167  GetCmd                                
2000820d  TrimSpace                             
200082a5  Report                                
20008365  sl_WlanConnect                        
20008a95  _SlDrvReleasePoolObj                  
20008e31  __aeabi_dsub                          
20008e3b  __aeabi_dadd                          
20008fe7  __aeabi_idiv0                         
20008fe7  __aeabi_ldiv0                         
20008fe9  _SlDrvDriverCBInit                    
200093b9  Timer_IF_Init                         
200093eb  Timer_IF_IntSetup                     
20009437  Timer_IF_InterruptClear               
2000944f  Timer_IF_Start                        
2000946f  Timer_IF_Stop                         
2000947f  Timer_IF_DeInit                       
20009499  Timer_IF_ReLoad                       
200094b1  Timer_IF_GetCount                     
200094d1  _SlDrvWaitForPoolObj                  
20009661  sl_Connect                            
200097ed  PinMuxConfig                          
20009969  PRCMCC3200MCUInit                     
20009c51  _SlDrvDataWriteOp                     
20009da1  spi_Open                              
2000a02d  sl_NetAppDnsGetHostByName             
2000a2ad  __aeabi_ddiv                          
2000a3e5  sl_Send                               
2000a519  _SlDrvDriverCBDeinit                  
2000a769  fputs                                 
2000a87d  realloc                               
2000a991  _SlDrvNetAppEventHandler              
2000aa95  __aeabi_dmul                          
2000ab91  sl_Stop                               
2000ac81  spi_Read                              
2000ad71  uDMAChannelTransferSet                
2000ae61  sl_Start                              
2000b035  _SlDrvMsgReadSpawnCtx                 
2000b11d  sl_NetAppMDNSRegisterUnregisterService
2000b2dd  setvbuf                               
2000b3b9  free                                  
2000b491  ldexp                                 
2000b491  ldexpl                                
2000b491  scalbn                                
2000b491  scalbnl                               
2000b561  _sl_HandleAsync_DnsGetHostByService   
2000b62d  sl_DevGet                             
2000b7bd  _SlDrvCmdOp                           
2000b931  _SlNonOsSemGet                        
2000b9e1  IntDisable                            
2000ba89  IntEnable                             
2000bb31  _SlDriverHandleError                  
2000bbd5  SPIConfigSetExpClk                    
2000bc75  __aeabi_memcpy                        
2000bc75  __aeabi_memcpy4                       
2000bc75  __aeabi_memcpy8                       
2000bc75  memcpy                                
2000bd11  _SlDrvDeviceEventHandler              
2000bdad  sl_DevSet                             
2000be45  sl_NetCfgSet                          
2000bedd  sl_SetSockOpt                         
2000bf75  sl_WlanSet                            
2000c00d  spi_Write                             
2000c0a5  __aeabi_uldivmod                      
2000c13d  PRCMPeripheralClockGet                
2000c1d1  _sl_HandleAsync_DnsGetHostByName      
2000c261  _sl_HandleAsync_PingResponse          
2000c2f1  sl_WlanPolicySet                      
2000c499  _SlDrvIsTimeoutExpired                
2000c525  _sl_HandleAsync_InitComplete          
2000c5b1  fputc                                 
2000c5b1  putc                                  
2000c63d  sl_Socket                             
2000c6c9  PinConfigSet                          
2000c751  __aeabi_cdcmpeq                       
2000c751  __aeabi_cdcmple                       
2000c7d7  __aeabi_cdrcmple                      
2000c85d  sl_WlanRxFilterSet                    
2000c8e1  GPIOIntTypeSet                        
2000c965  _sl_HandleAsync_Connect               
2000cae5  fflush                                
2000cb61  __aeabi_memclr                        
2000cb61  __aeabi_memclr4                       
2000cb61  __aeabi_memclr8                       
2000cb63  __aeabi_memset                        
2000cb63  __aeabi_memset4                       
2000cb63  __aeabi_memset8                       
2000cb69  memset                                
2000cbdd  malloc                                
2000cc55  spi_Close                             
2000cccd  UARTConfigSetExpClk                   
2000cd45  _SlNonOsMainLoopTask                  
2000cdb9  __TI_closefile                        
2000ce2d  TimerIntRegister                      
2000cf0d  _SlDrvCmdSend                         
2000cf79  _sl_NetAppSendTokenValue              
2000cfe5  HOSTlseek                             
2000d04d  HOSTrename                            
2000d0b5  TimerIntUnregister                    
2000d11d  __TI_decompress_lzss                  
2000d185  printf                                
2000d1ed  _SlNonOsSpawn                         
2000d251  _sl_HandleAsync_Accept                
2000d2b5  fseek                                 
2000d319  sl_NetAppMDNSUnRegisterService        
2000d37d  uDMAChannelAttributeDisable           
2000d3e1  uDMAChannelAttributeEnable            
2000d445  __TI_wrt_ok                           
2000d4a9  HOSTopen                              
2000d509  sl_Close                              
2000d569  sl_WlanProfileDel                     
2000d5c9  sl_WlanSetMode                        
2000d629  close                                 
2000d685  frexp                                 
2000d685  frexpl                                
2000d6e1  HOSTread                              
2000d739  HOSTwrite                             
2000d791  IntPendClear                          
2000d7e9  PRCMPeripheralReset                   
2000d899  IntPrioritySet                        
2000d8ed  _SlDrvRxIrqHandler                    
2000d941  _sl_HandleAsync_Select                
2000d995  ltoa                                  
2000da3d  _sl_HandleAsync_Stop                  
2000da8d  SPIIntEnable                          
2000db25  _SlDrvProtectAsyncRespSetting         
2000db71  __TI_doflush                          
2000dc09  atoi                                  
2000dc55  uDMAChannelAssign                     
2000dce9  SPIIntClear                           
2000dd31  _SlDrvBasicCmd                        
2000dd79  exit                                  
2000ddc1  __aeabi_d2iz                          
2000de09  HOSTclose                             
2000de4d  HOSTunlink                            
2000ded5  TimerConfigure                        
2000df19  _SlDrvSyncObjWaitTimeout              
2000df5d  __TI_auto_init_nobinit_nopinit        
2000dfe5  getdevice                             
2000e029  sl_Htonl                              
2000e06d  PinModeSet                            
2000e0ed  sprintf                               
2000e12d  vsnprintf                             
2000e16d  NwpRegisterInterruptHandler           
2000e225  PRCMPeripheralClkEnable               
2000e29d  simplelink_timerA2_start              
2000e2d9  sl_Htons                              
2000e315  uDMAChannelControlSet                 
2000e351  NwpPowerOff                           
2000e389  __TI_writemsg                         
2000e3b7  C$$IO$$                               
2000e3c1  minit                                 
2000e3f9  sl_WlanDisconnect                     
2000e431  GPIODirModeSet                        
2000e467  strncpy                               
2000e49d  PRCMPeripheralStatusGet               
2000e4d1  SPIFIFOLevelSet                       
2000e505  __TI_cleanup                          
2000e539  __TI_readmsg                          
2000e56d  PinTypeGPIO                           
2000e59d  UARTDisable                           
2000e5fd  finddevice                            
2000e62d  __aeabi_i2d                           
2000e65d  NwpPowerOn                            
2000e689  PRCMSysResetCauseGet                  
2000e6e1  _SlDrvProtectionObjLockWaitForever    
2000e70d  remove                                
2000e70d  unlink                                
2000e739  TimerLoadSet                          
2000e763  TimerPrescaleSet                      
2000e78d  PRCMPeripheralClkDisable              
2000e7b5  _SlDrvGlobalObjUnLock                 
2000e7dd  _SlDrvProtectionObjUnLock             
2000e805  _SlDrvSyncObjWaitForever              
2000e82d  _c_int00_noargs                       
2000e855  lseek                                 
2000e8a5  write                                 
2000e8cd  _SlDrvObjLockWaitForever              
2000e8f5  DmaSpiSwIntHandler                    
2000e919  IntUnregister                         
2000e93d  UARTEnable                            
2000e961  memmove                               
2000e985  SPIReset                              
2000e9a7  SPIWordCountSet                       
2000e9c9  GPIOPinWrite                          
2000e9e9  IntRegister                           
2000ea09  NwpPrePowerOffTimout0                 
2000ea29  SPIDataGet                            
2000ea49  TimerGetCurrentTimestamp              
2000ea69  _SlDrvObjUnLock                       
2000ea89  _SlDrvSyncObjSignal                   
2000eaa9  memchr                                
2000eac9  GPIOIntRegister                       
2000eae7  SPIDataPut                            
2000eb05  TimerDisable                          
2000eb23  TimerEnable                           
2000eb41  TimerIntStatus                        
2000eb5f  UARTCharPut                           
2000eb9b  strcat                                
2000ebb9  TimerValueGet                         
2000ebd5  UARTCharGetNonBlocking                
2000ebf1  _SlDrvStartMeasureTimeout             
2000ec0d  _abort_msg                            
2000ec29  memccpy                               
2000ec45  uDMAChannelEnable                     
2000ec61  GPIOIntDisable                        
2000ec7b  GPIOIntEnable                         
2000ec95  PinTypeSPI                            
2000ecaf  PinTypeUART                           
2000ecc9  SPIDmaDisable                         
2000ece3  SPIDmaEnable                          
2000ecfd  SPIFIFODisable                        
2000ed17  SPIFIFOEnable                         
2000ed31  SPIIntUnregister                      
2000ed4b  GPIOPinRead                           
2000ed63  SPICSDisable                          
2000ed7b  SPICSEnable                           
2000ed93  SPIDisable                            
2000edab  SPIEnable                             
2000edc3  TimerIntDisable                       
2000eddb  TimerIntEnable                        
2000edf3  UARTCharsAvail                        
2000ee0b  _SlNonOsSemSet                        
2000ee6d  strcmp                                
2000ee85  PRCMHIBRegRead                        
2000ee9b  PRCMHIBRegWrite                       
2000eeb1  _SlDrvMemZero                         
2000eec7  strchr                                
2000eedd  CPUcpsie                              
2000eef1  GPIOIntClear                          
2000ef05  IntVTableBaseSet                      
2000ef19  strcpy                                
2000ef2d  strlen                                
2000ef41  TimerIntClear                         
2000ef53  wcslen                                
2000ef65  _SlDrvDispatchHttpServerEvents        
2000ef75  _SlDrvResetCmdExt                     
2000ef83  __TI_decompress_none                  
2000ef91  ResetISR                              
2000efa1  NwpMaskInterrupt                      
2000efad  NwpUnMaskInterrupt                    
2000efb9  __TI_zero_init                        
2000efc5  IntMasterEnable                       
2000efd9  __aeabi_errno_addr                    
2000efe1  copysign                              
2000efe1  copysignl                             
2000efe9  UtilsDelay                            
2000eff7  _system_pre_init                      
2000effb  C$$EXIT                               
2000effb  abort                                 
2000f4fb  _ctypes_                              
2000f8f8  OpcodeTranslateTable                  
2000f934  _SlActionLookupTable                  
2000fafe  _SlNetAppSendTokenValueCmdCtrl        
2000fb38  __TI_static_base__                    
2000fbe4  __TI_Handler_Table_Base               
2000fbf0  __TI_Handler_Table_Limit              
2000fbf8  __TI_CINIT_Base                       
2000fc08  __TI_CINIT_Limit                      
20017000  _sys_memory                           
2001f494  __CIOBUF_                             
2001f744  __TI_tmpnams                          
2001f7e4  g_ucDinDout                           
2001f834  g_time                                
2001f860  g_ucConnectionSSID                    
2001f89c  g_ucConnectionBSSID                   
2001f8a4  parmbuf                               
2001f8b0  RxIrqCnt                              
2001f8b1  g_bDeviceRestartIsRequired            
2001f8b2  g_cDummy                              
2001f8b3  g_ucLED1Pin                           
2001f8b4  g_ucLED2Pin                           
2001f8b5  g_ucLED3Pin                           
2001f8b8  _ftable                               
2001f9a8  _device                               
2001fa20  _stream                               
2001fa70  g__SlNonOsCB                          
2001faac  cursor_x                              
2001fab0  cursor_y                              
2001fab4  textsize                              
2001fab8  textcolor                             
2001fabc  textbgcolor                           
2001fac0  wrap                                  
2001fac4  g_ulStatus                            
2001fac8  g_ulPingPacketsRecv                   
2001facc  g_ulGatewayIP                         
2001fad0  g_Host                                
2001faec  __TI_ft_end                           
2001faf0  __aeabi_stdin                         
2001faf4  __aeabi_stdout                        
2001faf8  __aeabi_stderr                        
2001fafc  g_SlDeviceStatus                      
2001fb00  g_pCB                                 
2001fb04  pPingCallBackFunc                     
2001fb0c  __TI_cleanup_ptr                      
2001fb10  __TI_dtors_ptr                        
2001fb14  __TI_enable_exit_profile_output       
2001fb24  g_uiLED1Port                          
2001fb28  g_uiLED2Port                          
2001fb2c  g_uiLED3Port                          
2001fb30  g_SpiFd                               
2001fb34  g_pHostIntHdl                         
2001fb38  g_ucDMAEnabled                        
2001fb3c  _lock                                 
2001fb40  _unlock                               
2001fb54  errno                                 
2002f000  __stack                               
20030000  __STACK_END                           
ffffffff  __TI_pprof_out_hndl                   
ffffffff  __TI_prof_data_size                   
ffffffff  __TI_prof_data_start                  
ffffffff  __binit__                             
ffffffff  __c_args__                            
ffffffff  binit                                 
UNDEFED   __mpu_init                            
UNDEFED   _system_post_cinit                    

[369 symbols]
