******************************************************************************
                  TI ARM Linker PC v18.1.1                     
******************************************************************************
>> Linked Tue May 22 10:57:48 2018

OUTPUT FILE NAME:   <SSL_REST_API_AWS_S18.out>
ENTRY POINT SYMBOL: "_c_int00_noargs"  address: 2000c7dd


MEMORY CONFIGURATION

         name            origin    length      used     unused   attr    fill
----------------------  --------  ---------  --------  --------  ----  --------
  SRAM_CODE             20004000   00013000  00009498  00009b68  RW X
  SRAM_DATA             20017000   00019000  000092ba  0000fd46  RW X


SEGMENT ALLOCATION MAP

run origin  load origin   length   init length attrs members
----------  ----------- ---------- ----------- ----- -------
20004000    20004000    000094a0   000094a0    r-x
  20004000    20004000    00000400   00000400    r-- .intvecs
  20004400    20004400    000089fa   000089fa    r-x .text
  2000cdfc    2000cdfc    0000063e   0000063e    r-- .const
  2000d440    2000d440    00000060   00000060    r-- .cinit
20017000    20017000    000082bc   00000000    rw-
  20017000    20017000    00008000   00000000    rw- .sysmem
  2001f000    2001f000    0000021a   00000000    rw- .bss
  2001f21c    2001f21c    000000a0   00000000    rw- .data
2002f000    2002f000    00001000   00000000    rw-
  2002f000    2002f000    00001000   00000000    rw- .stack


SECTION ALLOCATION MAP

 output                                  attributes/
section   page    origin      length       input sections
--------  ----  ----------  ----------   ----------------
.intvecs   0    20004000    00000400     
                  20004000    00000400     startup_ccs.obj (.intvecs)

.init_array 
*          0    20004000    00000000     UNINITIALIZED

.text      0    20004400    000089fa     
                  20004400    00001398     main.obj (.text)
                  20005798    00000a4a     rtsv7M4_T_le_eabi.lib : _printfi.c.obj (.text:__TI_printfi)
                  200061e2    00000002     driverlib.a : interrupt.obj (.text:IntDefaultHandler)
                  200061e4    00000590     simplelink.a : driver.obj (.text:_SlDrvMsgRead)
                  20006774    00000398     gpio_if.obj (.text)
                  20006b0c    00000280     uart_if.obj (.text)
                  20006d8c    0000027c     simplelink.a : wlan.obj (.text:sl_WlanConnect)
                  20007008    00000268     rtsv7M4_T_le_eabi.lib : _printfi.c.obj (.text:_pconv_a)
                  20007270    0000024c     simplelink.a : driver.obj (.text:_SlDrvRxHdrRead)
                  200074bc    000001e4                  : driver.obj (.text:_SlDrvDataReadOp)
                  200076a0    000001d0                  : driver.obj (.text:_SlDrvReleasePoolObj)
                  20007870    000001cc     rtsv7M4_T_le_eabi.lib : _printfi.c.obj (.text:_pconv_g)
                  20007a3c    000001b6                           : fd_add_t2.asm.obj (.text)
                  20007bf2    00000002                           : _lock.c.obj (.text:_nop)
                  20007bf4    000001b4     simplelink.a : driver.obj (.text:_SlDrvDriverCBInit)
                  20007da8    0000019c                  : driver.obj (.text:_SlDrvMsgWrite)
                  20007f44    00000190                  : driver.obj (.text:_SlDrvWaitForPoolObj)
                  200080d4    0000018c                  : socket.obj (.text:sl_Connect)
                  20008260    00000178     driverlib.a : prcm.obj (.text:PRCMCC3200MCUInit)
                  200083d8    00000170     simplelink.a : driver.obj (.text:_SlFindAndSetActiveObj)
                  20008548    00000150                  : driver.obj (.text:_SlDrvDataWriteOp)
                  20008698    00000148                  : cc_pal.obj (.text:spi_Open)
                  200087e0    00000144                  : driver.obj (.text:_SlDrvMsgReadCmdCtx)
                  20008924    00000144                  : netapp.obj (.text:sl_NetAppDnsGetHostByName)
                  20008a68    0000013c     rtsv7M4_T_le_eabi.lib : _printfi.c.obj (.text:_pconv_e)
                  20008ba4    00000136                           : fd_div_t2.asm.obj (.text)
                  20008cda    00000002                           : div0.asm.obj (.text)
                  20008cdc    00000134     simplelink.a : socket.obj (.text:sl_Send)
                  20008e10    00000130                  : driver.obj (.text:_SlDrvDriverCBDeinit)
                  20008f40    00000120     rtsv7M4_T_le_eabi.lib : _printfi.c.obj (.text:fcvt)
                  20009060    00000114                           : memory.c.obj (.text:realloc)
                  20009174    00000104     simplelink.a : netapp.obj (.text:_SlDrvNetAppEventHandler)
                  20009278    000000fc     rtsv7M4_T_le_eabi.lib : fd_mul_t2.asm.obj (.text)
                  20009374    000000f0     simplelink.a : device.obj (.text:sl_Stop)
                  20009464    000000f0                  : cc_pal.obj (.text:spi_Read)
                  20009554    000000f0     driverlib.a : udma.obj (.text:uDMAChannelTransferSet)
                  20009644    000000ec     simplelink.a : device.obj (.text:sl_Start)
                  20009730    000000e8                  : driver.obj (.text:_SlAsyncEventGenericHandler)
                  20009818    000000e8                  : driver.obj (.text:_SlDrvMsgReadSpawnCtx)
                  20009900    000000e4                  : netapp.obj (.text:sl_NetAppMDNSRegisterUnregisterService)
                  200099e4    000000dc                  : driver.obj (.text:_SlDrvClassifyRxMsg)
                  20009ac0    000000d8     rtsv7M4_T_le_eabi.lib : memory.c.obj (.text:free)
                  20009b98    000000d0                           : s_scalbn.c.obj (.text:scalbn)
                  20009c68    000000cc     simplelink.a : netapp.obj (.text:_sl_HandleAsync_DnsGetHostByService)
                  20009d34    000000cc                  : device.obj (.text:sl_DevGet)
                  20009e00    000000c4                  : driver.obj (.text:_SlRemoveFromList)
                  20009ec4    000000c0                  : driver.obj (.text:_SlDrvCmdOp)
                  20009f84    000000b1     rtsv7M4_T_le_eabi.lib : _printfi.c.obj (.text:_ltostr)
                  2000a035    00000003     --HOLE-- [fill = 0]
                  2000a038    000000b0     simplelink.a : nonos.obj (.text:_SlNonOsSemGet)
                  2000a0e8    000000a8     driverlib.a : interrupt.obj (.text:IntDisable)
                  2000a190    000000a8                 : interrupt.obj (.text:IntEnable)
                  2000a238    000000a4     simplelink.a : driver.obj (.text:_SlDriverHandleError)
                  2000a2dc    000000a0     driverlib.a : spi.obj (.text:SPIConfigSetExpClk)
                  2000a37c    000000a0     simplelink.a : socket.obj (.text:sl_Recv)
                  2000a41c    0000009c     rtsv7M4_T_le_eabi.lib : memcpy_t2.asm.obj (.text)
                  2000a4b8    0000009a     simplelink.a : device.obj (.text:_SlDrvDeviceEventHandler)
                  2000a552    00000002     --HOLE-- [fill = 0]
                  2000a554    00000098                  : device.obj (.text:sl_DevSet)
                  2000a5ec    00000098                  : netcfg.obj (.text:sl_NetCfgSet)
                  2000a684    00000098                  : socket.obj (.text:sl_SetSockOpt)
                  2000a71c    00000098                  : wlan.obj (.text:sl_WlanSet)
                  2000a7b4    00000098                  : cc_pal.obj (.text:spi_Write)
                  2000a84c    00000096     rtsv7M4_T_le_eabi.lib : ull_div_t2.asm.obj (.text)
                  2000a8e2    00000002     --HOLE-- [fill = 0]
                  2000a8e4    00000094     driverlib.a : prcm.obj (.text:PRCMPeripheralClockGet)
                  2000a978    00000090     simplelink.a : netapp.obj (.text:_sl_HandleAsync_DnsGetHostByName)
                  2000aa08    00000090                  : netapp.obj (.text:_sl_HandleAsync_PingResponse)
                  2000aa98    00000090                  : wlan.obj (.text:sl_WlanPolicySet)
                  2000ab28    0000008c                  : cc_pal.obj (.text:SetupDMAReceive)
                  2000abb4    0000008c                  : cc_pal.obj (.text:SetupDMASend)
                  2000ac40    0000008c                  : driver.obj (.text:_SlDrvIsTimeoutExpired)
                  2000accc    0000008c                  : device.obj (.text:_sl_HandleAsync_InitComplete)
                  2000ad58    0000008c                  : socket.obj (.text:sl_Socket)
                  2000ade4    00000088     driverlib.a : pin.obj (.text:PinConfigSet)
                  2000ae6c    00000086     rtsv7M4_T_le_eabi.lib : fd_cmp_t2.asm.obj (.text:__aeabi_cdcmple)
                  2000aef2    00000086                           : fd_cmp_t2.asm.obj (.text:__aeabi_cdrcmple)
                  2000af78    00000084     simplelink.a : wlan.obj (.text:sl_WlanRxFilterSet)
                  2000affc    00000082     driverlib.a : gpio.obj (.text:GPIOIntTypeSet)
                  2000b07e    00000002     --HOLE-- [fill = 0]
                  2000b080    00000080     simplelink.a : socket.obj (.text:_sl_HandleAsync_Connect)
                  2000b100    00000080                  : cc_pal.obj (.text:spi_Read_CPU)
                  2000b180    00000080                  : cc_pal.obj (.text:spi_Write_CPU)
                  2000b200    0000007a     rtsv7M4_T_le_eabi.lib : memset_t2.asm.obj (.text)
                  2000b27a    00000002     --HOLE-- [fill = 0]
                  2000b27c    00000078                           : memory.c.obj (.text:malloc)
                  2000b2f4    00000078     simplelink.a : cc_pal.obj (.text:spi_Close)
                  2000b36c    00000076     driverlib.a : uart.obj (.text:UARTConfigSetExpClk)
                  2000b3e2    00000002     --HOLE-- [fill = 0]
                  2000b3e4    00000074     simplelink.a : nonos.obj (.text:_SlNonOsMainLoopTask)
                  2000b458    0000006e     rtsv7M4_T_le_eabi.lib : _printfi.c.obj (.text:_mcpy)
                  2000b4c6    00000002     --HOLE-- [fill = 0]
                  2000b4c8    0000006c     simplelink.a : driver.obj (.text:_SlDrvCmdSend)
                  2000b534    0000006c                  : netapp.obj (.text:_sl_NetAppSendTokenValue)
                  2000b5a0    00000068     rtsv7M4_T_le_eabi.lib : copy_decompress_lzss.c.obj (.text:decompress:lzss:__TI_decompress_lzss)
                  2000b608    00000064     simplelink.a : nonos.obj (.text:_SlNonOsSpawn)
                  2000b66c    00000064                  : socket.obj (.text:_sl_HandleAsync_Accept)
                  2000b6d0    00000064                  : netapp.obj (.text:sl_NetAppMDNSUnRegisterService)
                  2000b734    00000064     driverlib.a : udma.obj (.text:uDMAChannelAttributeDisable)
                  2000b798    00000064                 : udma.obj (.text:uDMAChannelAttributeEnable)
                  2000b7fc    00000060     simplelink.a : socket.obj (.text:sl_Close)
                  2000b85c    00000060                  : wlan.obj (.text:sl_WlanProfileDel)
                  2000b8bc    00000060                  : wlan.obj (.text:sl_WlanSetMode)
                  2000b91c    0000005c     rtsv7M4_T_le_eabi.lib : s_frexp.c.obj (.text:frexp)
                  2000b978    00000058     driverlib.a : interrupt.obj (.text:IntPendClear)
                  2000b9d0    00000058                 : prcm.obj (.text:PRCMPeripheralReset)
                  2000ba28    00000058     pinmux.obj (.text)
                  2000ba80    00000056     rtsv7M4_T_le_eabi.lib : _printfi.c.obj (.text:_pconv_f)
                  2000bad6    00000002     --HOLE-- [fill = 0]
                  2000bad8    00000054     driverlib.a : interrupt.obj (.text:IntPrioritySet)
                  2000bb2c    00000054     simplelink.a : driver.obj (.text:_SlDrvRxIrqHandler)
                  2000bb80    00000054                  : socket.obj (.text:_sl_HandleAsync_Select)
                  2000bbd4    00000054     rtsv7M4_T_le_eabi.lib : ltoa.c.obj (.text:ltoa)
                  2000bc28    00000052                           : _printfi.c.obj (.text:_ecpy)
                  2000bc7a    00000002     --HOLE-- [fill = 0]
                  2000bc7c    00000050     simplelink.a : device.obj (.text:_sl_HandleAsync_Stop)
                  2000bccc    0000004c     driverlib.a : spi.obj (.text:SPIIntEnable)
                  2000bd18    0000004c                 : spi.obj (.text:SPIIntNumberGet)
                  2000bd64    0000004c     simplelink.a : driver.obj (.text:_SlDrvProtectAsyncRespSetting)
                  2000bdb0    0000004c                  : socket.obj (.text:_sl_BuildAddress)
                  2000bdfc    0000004c     rtsv7M4_T_le_eabi.lib : atoi.c.obj (.text:atoi)
                  2000be48    0000004c     driverlib.a : udma.obj (.text:uDMAChannelAssign)
                  2000be94    00000048                 : gpio.obj (.text:GPIOGetIntNumber)
                  2000bedc    00000048                 : spi.obj (.text:SPIIntClear)
                  2000bf24    00000048     simplelink.a : driver.obj (.text:_SlDrvBasicCmd)
                  2000bf6c    00000048     rtsv7M4_T_le_eabi.lib : fd_toi_t2.asm.obj (.text)
                  2000bfb4    00000044     driverlib.a : spi.obj (.text:SPIDmaMaskGet)
                  2000bff8    00000044                 : timer.obj (.text:TimerConfigure)
                  2000c03c    00000044     simplelink.a : driver.obj (.text:_SlDrvSyncObjWaitTimeout)
                  2000c080    00000044     rtsv7M4_T_le_eabi.lib : autoinit.c.obj (.text:__TI_auto_init_nobinit_nopinit:__TI_auto_init_nobinit_nopinit)
                  2000c0c4    00000044     simplelink.a : cc_pal.obj (.text:cc_SetupTransfer)
                  2000c108    00000042                  : socket.obj (.text:sl_Htonl)
                  2000c14a    00000002     --HOLE-- [fill = 0]
                  2000c14c    00000040     driverlib.a : pin.obj (.text:PinModeSet)
                  2000c18c    00000040     simplelink.a : socket.obj (.text:_sl_TruncatePayloadByProtocol)
                  2000c1cc    00000040     rtsv7M4_T_le_eabi.lib : sprintf.c.obj (.text:sprintf)
                  2000c20c    00000040                           : vsnprintf.c.obj (.text:vsnprintf)
                  2000c24c    0000003e     simplelink.a : cc_pal.obj (.text:NwpRegisterInterruptHandler)
                  2000c28a    0000003e     rtsv7M4_T_le_eabi.lib : _printfi.c.obj (.text:_fcpy)
                  2000c2c8    0000003c     simplelink.a : netapp.obj (.text:CopyPingResultsToReport)
                  2000c304    0000003c     driverlib.a : prcm.obj (.text:PRCMPeripheralClkEnable)
                  2000c340    0000003c     rtsv7M4_T_le_eabi.lib : memory.c.obj (.text:minsert)
                  2000c37c    0000003c     simplelink.a : cc_pal.obj (.text:simplelink_timerA2_start)
                  2000c3b8    0000003c                  : socket.obj (.text:sl_Htons)
                  2000c3f4    0000003c     driverlib.a : udma.obj (.text:uDMAChannelControlSet)
                  2000c430    00000038     simplelink.a : cc_pal.obj (.text:NwpPowerOff)
                  2000c468    00000038     rtsv7M4_T_le_eabi.lib : memory.c.obj (.text:minit)
                  2000c4a0    00000038     simplelink.a : wlan.obj (.text:sl_WlanDisconnect)
                  2000c4d8    00000036     driverlib.a : gpio.obj (.text:GPIODirModeSet)
                  2000c50e    00000002     --HOLE-- [fill = 0]
                  2000c510    00000034                 : prcm.obj (.text:PRCMPeripheralStatusGet)
                  2000c544    00000034                 : spi.obj (.text:SPIFIFOLevelSet)
                  2000c578    00000030                 : pin.obj (.text:PinTypeGPIO)
                  2000c5a8    00000030                 : uart.obj (.text:UARTDisable)
                  2000c5d8    00000030     rtsv7M4_T_le_eabi.lib : vsnprintf.c.obj (.text:_outs)
                  2000c608    0000002e                           : i_tofd_t2.asm.obj (.text)
                  2000c636    00000002     --HOLE-- [fill = 0]
                  2000c638    0000002c     simplelink.a : cc_pal.obj (.text:NwpPowerOn)
                  2000c664    0000002c     driverlib.a : prcm.obj (.text:PRCMSysResetCauseGet)
                  2000c690    0000002c     simplelink.a : driver.obj (.text:_SlDrvObjGlobalLockWaitForever)
                  2000c6bc    0000002c                  : driver.obj (.text:_SlDrvProtectionObjLockWaitForever)
                  2000c6e8    0000002a     driverlib.a : timer.obj (.text:TimerLoadSet)
                  2000c712    0000002a                 : timer.obj (.text:TimerPrescaleSet)
                  2000c73c    00000028                 : prcm.obj (.text:PRCMPeripheralClkDisable)
                  2000c764    00000028     simplelink.a : driver.obj (.text:_SlDrvGlobalObjUnLock)
                  2000c78c    00000028                  : driver.obj (.text:_SlDrvProtectionObjUnLock)
                  2000c7b4    00000028                  : driver.obj (.text:_SlDrvSyncObjWaitForever)
                  2000c7dc    00000028     rtsv7M4_T_le_eabi.lib : boot_cortex_m.c.obj (.text:_c_int00_noargs:_c_int00_noargs)
                  2000c804    00000028                           : memory.c.obj (.text:mremove)
                  2000c82c    00000026     simplelink.a : driver.obj (.text:_SlDrvObjLockWaitForever)
                  2000c852    00000002     --HOLE-- [fill = 0]
                  2000c854    00000024                  : cc_pal.obj (.text:DmaSpiSwIntHandler)
                  2000c878    00000024     driverlib.a : interrupt.obj (.text:IntUnregister)
                  2000c89c    00000024                 : uart.obj (.text:UARTEnable)
                  2000c8c0    00000024     rtsv7M4_T_le_eabi.lib : memmov.c.obj (.text:memmove)
                  2000c8e4    00000022     driverlib.a : spi.obj (.text:SPIReset)
                  2000c906    00000022                 : spi.obj (.text:SPIWordCountSet)
                  2000c928    00000020                 : gpio.obj (.text:GPIOPinWrite)
                  2000c948    00000020                 : interrupt.obj (.text:IntRegister)
                  2000c968    00000020     simplelink.a : cc_pal.obj (.text:NwpPrePowerOffTimout0)
                  2000c988    00000020                  : cc_pal.obj (.text:TimerGetCurrentTimestamp)
                  2000c9a8    00000020                  : driver.obj (.text:_SlDrvObjUnLock)
                  2000c9c8    00000020                  : driver.obj (.text:_SlDrvSyncObjSignal)
                  2000c9e8    0000001e     driverlib.a : gpio.obj (.text:GPIOIntRegister)
                  2000ca06    0000001e                 : timer.obj (.text:TimerEnable)
                  2000ca24    0000001e                 : uart.obj (.text:UARTCharPut)
                  2000ca42    0000001e     simplelink.a : cc_pal.obj (.text:cc_UDMAChannelSelect)
                  2000ca60    0000001c     driverlib.a : timer.obj (.text:TimerValueGet)
                  2000ca7c    0000001c                 : uart.obj (.text:UARTCharGetNonBlocking)
                  2000ca98    0000001c     simplelink.a : driver.obj (.text:_SlDrvStartMeasureTimeout)
                  2000cab4    0000001c     rtsv7M4_T_le_eabi.lib : memccpy.c.obj (.text:memccpy)
                  2000cad0    0000001c     driverlib.a : udma.obj (.text:uDMAChannelEnable)
                  2000caec    0000001a                 : gpio.obj (.text:GPIOIntEnable)
                  2000cb06    0000001a                 : pin.obj (.text:PinTypeUART)
                  2000cb20    0000001a                 : spi.obj (.text:SPIDmaDisable)
                  2000cb3a    0000001a                 : spi.obj (.text:SPIDmaEnable)
                  2000cb54    0000001a                 : spi.obj (.text:SPIFIFODisable)
                  2000cb6e    0000001a                 : spi.obj (.text:SPIFIFOEnable)
                  2000cb88    0000001a                 : spi.obj (.text:SPIIntUnregister)
                  2000cba2    00000018                 : gpio.obj (.text:GPIOPinRead)
                  2000cbba    00000018                 : spi.obj (.text:SPICSDisable)
                  2000cbd2    00000018                 : spi.obj (.text:SPICSEnable)
                  2000cbea    00000018                 : spi.obj (.text:SPIDisable)
                  2000cc02    00000018                 : spi.obj (.text:SPIEnable)
                  2000cc1a    00000018                 : uart.obj (.text:UARTCharsAvail)
                  2000cc32    00000018     simplelink.a : nonos.obj (.text:_SlNonOsSemSet)
                  2000cc4a    00000018     rtsv7M4_T_le_eabi.lib : vsnprintf.c.obj (.text:_outc)
                  2000cc62    00000018                           : sprintf.c.obj (.text:_outs)
                  2000cc7a    00000002     --HOLE-- [fill = 0]
                  2000cc7c    00000018     simplelink.a : device.obj (.text:_sl_GetStartResponseConvert)
                  2000cc94    00000016     driverlib.a : prcm.obj (.text:PRCMHIBRegRead)
                  2000ccaa    00000016                 : prcm.obj (.text:PRCMHIBRegWrite)
                  2000ccc0    00000016     simplelink.a : driver.obj (.text:_SlDrvMemZero)
                  2000ccd6    00000016     rtsv7M4_T_le_eabi.lib : strchr.c.obj (.text:strchr)
                  2000ccec    00000014     driverlib.a : cpu.obj (.text:CPUcpsie)
                  2000cd00    00000014                 : gpio.obj (.text:GPIOIntClear)
                  2000cd14    00000014                 : interrupt.obj (.text:IntVTableBaseSet)
                  2000cd28    00000014     rtsv7M4_T_le_eabi.lib : strcpy.c.obj (.text:strcpy)
                  2000cd3c    00000014                           : strlen.c.obj (.text:strlen)
                  2000cd50    00000012                           : copy_zero_init.c.obj (.text:decompress:ZI:__TI_zero_init_nomemset:__TI_zero_init_nomemset)
                  2000cd62    00000012                           : wcslen.c.obj (.text:wcslen)
                  2000cd74    00000010     simplelink.a : driver.obj (.text:_SlDrvDispatchHttpServerEvents)
                  2000cd84    0000000e                  : driver.obj (.text:_SlDrvResetCmdExt)
                  2000cd92    0000000e     rtsv7M4_T_le_eabi.lib : copy_decompress_none.c.obj (.text:decompress:none:__TI_decompress_none)
                  2000cda0    0000000e     startup_ccs.obj (.text)
                  2000cdae    00000002     --HOLE-- [fill = 0]
                  2000cdb0    0000000c     simplelink.a : cc_pal.obj (.text:NwpMaskInterrupt)
                  2000cdbc    0000000c                  : cc_pal.obj (.text:NwpUnMaskInterrupt)
                  2000cdc8    0000000a     driverlib.a : interrupt.obj (.text:IntMasterEnable)
                  2000cdd2    0000000a     rtsv7M4_T_le_eabi.lib : sprintf.c.obj (.text:_outc)
                  2000cddc    00000008                           : errno.c.obj (.text:__aeabi_errno_addr)
                  2000cde4    00000008                           : s_copysign.c.obj (.text:copysign)
                  2000cdec    00000006     driverlib.a : utils.obj (.text:UtilsDelay)
                  2000cdf2    00000004     rtsv7M4_T_le_eabi.lib : pre_init.c.obj (.text:_system_pre_init)
                  2000cdf6    00000004                           : exit.c.obj (.text:abort:abort)

.const     0    2000cdfc    0000063e     
                  2000cdfc    00000101     rtsv7M4_T_le_eabi.lib : ctype.c.obj (.const:.string:_ctypes_)
                  2000cefd    00000003     --HOLE-- [fill = 0]
                  2000cf00    00000100     driverlib.a : pin.obj (.const:g_ulPinToPadMap)
                  2000d000    000000d4                 : interrupt.obj (.const:g_pulRegs)
                  2000d0d4    000000a8                 : prcm.obj (.const:PRCM_PeriphRegsList)
                  2000d17c    00000080                 : interrupt.obj (.const)
                  2000d1fc    0000003c     simplelink.a : driver.obj (.const:OpcodeTranslateTable)
                  2000d238    00000038                  : driver.obj (.const:_SlActionLookupTable)
                  2000d270    0000002c     main.obj (.const:$P$T1$2)
                  2000d29c    0000002c     main.obj (.const:.string)
                  2000d2c8    00000024     driverlib.a : spi.obj (.const:g_ppulSPIIntMap)
                  2000d2ec    00000022     main.obj (.const:.string:$P$T0$1)
                  2000d30e    00000002     --HOLE-- [fill = 0]
                  2000d310    00000020     simplelink.a : driver.obj (.const:RxMsgClassLUT)
                  2000d330    00000018     driverlib.a : spi.obj (.const)
                  2000d348    00000015     main.obj (.const:.string:$P$T6$7)
                  2000d35d    00000003     --HOLE-- [fill = 0]
                  2000d360    00000014     simplelink.a : driver.obj (.const:$P$T0$1)
                  2000d374    00000014                  : nonos.obj (.const:$P$T0$1)
                  2000d388    00000014     main.obj (.const:$P$T2$3)
                  2000d39c    00000010     simplelink.a : socket.obj (.const:.string:_SlPayloadByProtocolLUT)
                  2000d3ac    0000000c     main.obj (.const:$P$T4$5)
                  2000d3b8    0000000c     main.obj (.const:.string:$P$T3$4)
                  2000d3c4    00000009     main.obj (.const:.string:$P$T5$6)
                  2000d3cd    00000008     simplelink.a : device.obj (.const:StartResponseLUT)
                  2000d3d5    00000003     --HOLE-- [fill = 0]
                  2000d3d8    00000008                  : driver.obj (.const:g_H2NCnysPattern)
                  2000d3e0    00000008                  : driver.obj (.const:g_H2NSyncPattern)
                  2000d3e8    00000005     main.obj (.const:.string:$P$T7$8)
                  2000d3ed    00000001     --HOLE-- [fill = 0]
                  2000d3ee    00000004     simplelink.a : wlan.obj (.const:$P$T0$1)
                  2000d3f2    00000004                  : socket.obj (.const:$P$T2$3)
                  2000d3f6    00000004                  : device.obj (.const:_SlDeviceGetCmdCtrl)
                  2000d3fa    00000004                  : device.obj (.const:_SlDeviceSetCmdCtrl)
                  2000d3fe    00000004                  : netapp.obj (.const:_SlGetHostByNameCtrl)
                  2000d402    00000004                  : netapp.obj (.const:_SlNetAppSendTokenValueCmdCtrl)
                  2000d406    00000004                  : netcfg.obj (.const:_SlNetCfgSetCmdCtrl)
                  2000d40a    00000004                  : wlan.obj (.const:_SlPolicySetCmdCtrl)
                  2000d40e    00000004                  : wlan.obj (.const:_SlProfileDelCmdCtrl)
                  2000d412    00000004                  : socket.obj (.const:_SlRecvCmdCtrl)
                  2000d416    00000004                  : netapp.obj (.const:_SlRegisterServiceCtrl)
                  2000d41a    00000004                  : wlan.obj (.const:_SlRxFilterSetCmdCtrl)
                  2000d41e    00000004                  : socket.obj (.const:_SlSendCmdCtrl)
                  2000d422    00000004                  : socket.obj (.const:_SlSetSockOptCmdCtrl)
                  2000d426    00000004                  : socket.obj (.const:_SlSockCloseCmdCtrl)
                  2000d42a    00000004                  : socket.obj (.const:_SlSockSocketCmdCtrl)
                  2000d42e    00000004                  : device.obj (.const:_SlStopCmdCtrl)
                  2000d432    00000004                  : wlan.obj (.const:_SlWlanCfgSetCmdCtrl)
                  2000d436    00000004                  : wlan.obj (.const:_SlWlanSetModeCmdCtrl)

.cinit     0    2000d440    00000060     
                  2000d440    00000038     (.cinit..data.load) [load image, compression = lzss]
                  2000d478    0000000c     (__TI_handler_table)
                  2000d484    00000004     --HOLE-- [fill = 0]
                  2000d488    00000008     (.cinit..bss.load) [load image, compression = zero_init]
                  2000d490    00000010     (__TI_cinit_table)

.sysmem    0    20017000    00008000     UNINITIALIZED
                  20017000    00000008     rtsv7M4_T_le_eabi.lib : memory.c.obj (.sysmem)
                  20017008    00007ff8     --HOLE--

.bss       0    2001f000    0000021a     UNINITIALIZED
                  2001f000    00000168     simplelink.a : driver.obj (.bss:g_StatMem)
                  2001f168    00000050     (.common:g_ucDinDout)
                  2001f1b8    0000002c     (.common:g_time)
                  2001f1e4    00000024     (.common:g_ucConnectionSSID)
                  2001f208    00000008     (.common:g_ucConnectionBSSID)
                  2001f210    00000004     uart_if.obj (.bss)
                  2001f214    00000001     (.common:RxIrqCnt)
                  2001f215    00000001     (.common:g_bDeviceRestartIsRequired)
                  2001f216    00000001     (.common:g_cDummy)
                  2001f217    00000001     (.common:g_ucLED1Pin)
                  2001f218    00000001     (.common:g_ucLED2Pin)
                  2001f219    00000001     (.common:g_ucLED3Pin)

.data      0    2001f21c    000000a0     UNINITIALIZED
                  2001f21c    0000003c     simplelink.a : nonos.obj (.data:g__SlNonOsCB)
                  2001f258    00000014     gpio_if.obj (.data:ulReg)
                  2001f26c    00000010     main.obj (.data)
                  2001f27c    0000000d     simplelink.a : driver.obj (.data)
                  2001f289    00000003     --HOLE--
                  2001f28c    0000000c     rtsv7M4_T_le_eabi.lib : memory.c.obj (.data:$O1$$)
                  2001f298    0000000c     gpio_if.obj (.data)
                  2001f2a4    00000009     simplelink.a : cc_pal.obj (.data)
                  2001f2ad    00000003     --HOLE--
                  2001f2b0    00000008     rtsv7M4_T_le_eabi.lib : _lock.c.obj (.data:$O1$$)
                  2001f2b8    00000004                           : errno.c.obj (.data)

.stack     0    2002f000    00001000     UNINITIALIZED
                  2002f000    00000004     rtsv7M4_T_le_eabi.lib : boot_cortex_m.c.obj (.stack)
                  2002f004    00000ffc     --HOLE--

MODULE SUMMARY

       Module                       code    ro data   rw data
       ------                       ----    -------   -------
    .\
       main.obj                     5016    201       104    
       startup_ccs.obj              14      1024      0      
       gpio_if.obj                  920     0         35     
       uart_if.obj                  640     0         4      
       pinmux.obj                   88      0         0      
    +--+----------------------------+-------+---------+---------+
       Total:                       6678    1225      143    
                                                             
    C:/ti/CC3200SDK_1.3.0/cc3200-sdk/driverlib/ccs/Release/driverlib.a
       prcm.obj                     852     168       0      
       interrupt.obj                608     340       0      
       spi.obj                      798     60        0      
       udma.obj                     604     0         0      
       pin.obj                      274     256       0      
       gpio.obj                     388     0         0      
       uart.obj                     284     0         0      
       timer.obj                    210     0         0      
       cpu.obj                      20      0         0      
       utils.obj                    6       0         0      
    +--+----------------------------+-------+---------+---------+
       Total:                       4044    824       0      
                                                             
    C:/ti/CC3200SDK_1.3.0/cc3200-sdk/simplelink/ccs/NON_OS/simplelink.a
       driver.obj                   7714    184       375    
       cc_pal.obj                   1820    0         90     
       socket.obj                   1830    40        0      
       netapp.obj                   1572    12        0      
       wlan.obj                     1312    24        0      
       device.obj                   1230    20        0      
       nonos.obj                    416     20        60     
       netcfg.obj                   152     4         0      
    +--+----------------------------+-------+---------+---------+
       Total:                       16046   304       525    
                                                             
    C:\ti\ccsv8\tools\compiler\ti-cgt-arm_18.1.1.LTS\lib\rtsv7M4_T_le_eabi.lib
       _printfi.c.obj               4831    0         0      
       memory.c.obj                 768     0         12     
       fd_add_t2.asm.obj            438     0         0      
       fd_div_t2.asm.obj            310     0         0      
       fd_cmp_t2.asm.obj            268     0         0      
       ctype.c.obj                  0       257       0      
       fd_mul_t2.asm.obj            252     0         0      
       s_scalbn.c.obj               208     0         0      
       memcpy_t2.asm.obj            156     0         0      
       ull_div_t2.asm.obj           150     0         0      
       vsnprintf.c.obj              136     0         0      
       memset_t2.asm.obj            122     0         0      
       copy_decompress_lzss.c.obj   104     0         0      
       sprintf.c.obj                98      0         0      
       s_frexp.c.obj                92      0         0      
       ltoa.c.obj                   84      0         0      
       atoi.c.obj                   76      0         0      
       fd_toi_t2.asm.obj            72      0         0      
       autoinit.c.obj               68      0         0      
       i_tofd_t2.asm.obj            46      0         0      
       boot_cortex_m.c.obj          40      0         0      
       memmov.c.obj                 36      0         0      
       memccpy.c.obj                28      0         0      
       strchr.c.obj                 22      0         0      
       strcpy.c.obj                 20      0         0      
       strlen.c.obj                 20      0         0      
       copy_zero_init.c.obj         18      0         0      
       wcslen.c.obj                 18      0         0      
       copy_decompress_none.c.obj   14      0         0      
       errno.c.obj                  8       0         4      
       _lock.c.obj                  2       0         8      
       s_copysign.c.obj             8       0         0      
       exit.c.obj                   4       0         0      
       pre_init.c.obj               4       0         0      
       div0.asm.obj                 2       0         0      
    +--+----------------------------+-------+---------+---------+
       Total:                       8523    257       24     
                                                             
       Heap:                        0       0         32768  
       Stack:                       0       0         4096   
       Linker Generated:            0       92        0      
    +--+----------------------------+-------+---------+---------+
       Grand Total:                 35291   2702      37556  


LINKER GENERATED COPY TABLES

__TI_cinit_table @ 2000d490 records: 2, size/record: 8, table size: 16
	.data: load addr=2000d440, load size=00000038 bytes, run addr=2001f21c, run size=000000a0 bytes, compression=lzss
	.bss: load addr=2000d488, load size=00000008 bytes, run addr=2001f000, run size=0000021a bytes, compression=zero_init


LINKER GENERATED HANDLER TABLE

__TI_handler_table @ 2000d478 records: 3, size/record: 4, table size: 12
	index: 0, handler: __TI_decompress_lzss
	index: 1, handler: __TI_decompress_none
	index: 2, handler: __TI_zero_init


GLOBAL SYMBOLS: SORTED ALPHABETICALLY BY Name 

address   name                                  
-------   ----                                  
2000cdf7  C$$EXIT                               
2000cced  CPUcpsie                              
20006b4d  ClearTerm                             
2000c855  DmaSpiSwIntHandler                    
20006b57  Error                                 
2000c4d9  GPIODirModeSet                        
2000cd01  GPIOIntClear                          
2000caed  GPIOIntEnable                         
2000c9e9  GPIOIntRegister                       
2000affd  GPIOIntTypeSet                        
2000cba3  GPIOPinRead                           
2000c929  GPIOPinWrite                          
20006a35  GPIO_IF_ConfigureNIntEnable           
20006ac1  GPIO_IF_Get                           
200069ef  GPIO_IF_GetPortNPin                   
200067b1  GPIO_IF_LedConfigure                  
200068a3  GPIO_IF_LedOff                        
200067ef  GPIO_IF_LedOn                         
20006957  GPIO_IF_LedStatus                     
200069c1  GPIO_IF_LedToggle                     
20006a7d  GPIO_IF_Set                           
20006b8f  GetCmd                                
20006b0d  InitTerm                              
2000a0e9  IntDisable                            
2000a191  IntEnable                             
2000cdc9  IntMasterEnable                       
2000b979  IntPendClear                          
2000bad9  IntPrioritySet                        
2000c949  IntRegister                           
2000c879  IntUnregister                         
2000cd15  IntVTableBaseSet                      
20006b2b  Message                               
2000cdb1  NwpMaskInterrupt                      
2000c431  NwpPowerOff                           
2000c639  NwpPowerOn                            
2000c969  NwpPrePowerOffTimout0                 
2000c24d  NwpRegisterInterruptHandler           
2000cdbd  NwpUnMaskInterrupt                    
2000d1fc  OpcodeTranslateTable                  
20008261  PRCMCC3200MCUInit                     
2000cc95  PRCMHIBRegRead                        
2000ccab  PRCMHIBRegWrite                       
2000c73d  PRCMPeripheralClkDisable              
2000c305  PRCMPeripheralClkEnable               
2000a8e5  PRCMPeripheralClockGet                
2000b9d1  PRCMPeripheralReset                   
2000c511  PRCMPeripheralStatusGet               
2000c665  PRCMSysResetCauseGet                  
2000ade5  PinConfigSet                          
2000c14d  PinModeSet                            
2000ba29  PinMuxConfig                          
2000c579  PinTypeGPIO                           
2000cb07  PinTypeUART                           
20006ccd  Report                                
2000cda1  ResetISR                              
2001f214  RxIrqCnt                              
2000cbbb  SPICSDisable                          
2000cbd3  SPICSEnable                           
2000a2dd  SPIConfigSetExpClk                    
2000cbeb  SPIDisable                            
2000cb21  SPIDmaDisable                         
2000cb3b  SPIDmaEnable                          
2000cc03  SPIEnable                             
2000cb55  SPIFIFODisable                        
2000cb6f  SPIFIFOEnable                         
2000c545  SPIFIFOLevelSet                       
2000bedd  SPIIntClear                           
2000bccd  SPIIntEnable                          
2000cb89  SPIIntUnregister                      
2000c8e5  SPIReset                              
2000c907  SPIWordCountSet                       
200045d5  SimpleLinkGeneralEventHandler         
200045b1  SimpleLinkHttpServerCallback          
2000450f  SimpleLinkNetAppEventHandler          
200045f5  SimpleLinkSockEventHandler            
20004401  SimpleLinkWlanEventHandler            
2000bff9  TimerConfigure                        
2000ca07  TimerEnable                           
2000c989  TimerGetCurrentTimestamp              
2000c6e9  TimerLoadSet                          
2000c713  TimerPrescaleSet                      
2000ca61  TimerValueGet                         
20006c35  TrimSpace                             
2000ca7d  UARTCharGetNonBlocking                
2000ca25  UARTCharPut                           
2000cc1b  UARTCharsAvail                        
2000b36d  UARTConfigSetExpClk                   
2000c5a9  UARTDisable                           
2000c89d  UARTEnable                            
2000cded  UtilsDelay                            
2000d238  _SlActionLookupTable                  
2000a239  _SlDriverHandleError                  
2000bf25  _SlDrvBasicCmd                        
20009ec5  _SlDrvCmdOp                           
2000b4c9  _SlDrvCmdSend                         
200074bd  _SlDrvDataReadOp                      
20008549  _SlDrvDataWriteOp                     
2000a4b9  _SlDrvDeviceEventHandler              
2000cd75  _SlDrvDispatchHttpServerEvents        
20008e11  _SlDrvDriverCBDeinit                  
20007bf5  _SlDrvDriverCBInit                    
2000c765  _SlDrvGlobalObjUnLock                 
2000ac41  _SlDrvIsTimeoutExpired                
2000ccc1  _SlDrvMemZero                         
20009819  _SlDrvMsgReadSpawnCtx                 
20009175  _SlDrvNetAppEventHandler              
2000c82d  _SlDrvObjLockWaitForever              
2000c9a9  _SlDrvObjUnLock                       
2000bd65  _SlDrvProtectAsyncRespSetting         
2000c6bd  _SlDrvProtectionObjLockWaitForever    
2000c78d  _SlDrvProtectionObjUnLock             
200076a1  _SlDrvReleasePoolObj                  
2000cd85  _SlDrvResetCmdExt                     
2000bb2d  _SlDrvRxIrqHandler                    
2000ca99  _SlDrvStartMeasureTimeout             
2000c9c9  _SlDrvSyncObjSignal                   
2000c7b5  _SlDrvSyncObjWaitForever              
2000c03d  _SlDrvSyncObjWaitTimeout              
20007f45  _SlDrvWaitForPoolObj                  
2000d402  _SlNetAppSendTokenValueCmdCtrl        
2000b3e5  _SlNonOsMainLoopTask                  
2000a039  _SlNonOsSemGet                        
2000cc33  _SlNonOsSemSet                        
2000b609  _SlNonOsSpawn                         
20030000  __STACK_END                           
00001000  __STACK_SIZE                          
00008000  __SYSMEM_SIZE                         
2000d490  __TI_CINIT_Base                       
2000d4a0  __TI_CINIT_Limit                      
2000d478  __TI_Handler_Table_Base               
2000d484  __TI_Handler_Table_Limit              
2000c081  __TI_auto_init_nobinit_nopinit        
2000b5a1  __TI_decompress_lzss                  
2000cd93  __TI_decompress_none                  
ffffffff  __TI_pprof_out_hndl                   
20005799  __TI_printfi                          
ffffffff  __TI_prof_data_size                   
ffffffff  __TI_prof_data_start                  
2000d440  __TI_static_base__                    
2000cd51  __TI_zero_init_nomemset               
2000ae6d  __aeabi_cdcmpeq                       
2000ae6d  __aeabi_cdcmple                       
2000aef3  __aeabi_cdrcmple                      
2000bf6d  __aeabi_d2iz                          
20007a47  __aeabi_dadd                          
20008ba5  __aeabi_ddiv                          
20009279  __aeabi_dmul                          
20007a3d  __aeabi_dsub                          
2000cddd  __aeabi_errno_addr                    
2000c609  __aeabi_i2d                           
20008cdb  __aeabi_idiv0                         
20008cdb  __aeabi_ldiv0                         
2000b201  __aeabi_memclr                        
2000b201  __aeabi_memclr4                       
2000b201  __aeabi_memclr8                       
2000a41d  __aeabi_memcpy                        
2000a41d  __aeabi_memcpy4                       
2000a41d  __aeabi_memcpy8                       
2000b203  __aeabi_memset                        
2000b203  __aeabi_memset4                       
2000b203  __aeabi_memset8                       
2000a84d  __aeabi_uldivmod                      
ffffffff  __binit__                             
ffffffff  __c_args__                            
UNDEFED   __mpu_init                            
2002f000  __stack                               
2000c7dd  _c_int00_noargs                       
2000cdfc  _ctypes_                              
2001f2b0  _lock                                 
20007bf3  _nop                                  
2000b66d  _sl_HandleAsync_Accept                
2000b081  _sl_HandleAsync_Connect               
2000a979  _sl_HandleAsync_DnsGetHostByName      
20009c69  _sl_HandleAsync_DnsGetHostByService   
2000accd  _sl_HandleAsync_InitComplete          
2000aa09  _sl_HandleAsync_PingResponse          
2000bb81  _sl_HandleAsync_Select                
2000bc7d  _sl_HandleAsync_Stop                  
2000b535  _sl_NetAppSendTokenValue              
20017000  _sys_memory                           
UNDEFED   _system_post_cinit                    
2000cdf3  _system_pre_init                      
2001f2b4  _unlock                               
2000cdf7  abort                                 
2000bdfd  atoi                                  
ffffffff  binit                                 
2000cde5  copysign                              
2000cde5  copysignl                             
2001f2b8  errno                                 
20009ac1  free                                  
2000b91d  frexp                                 
2000b91d  frexpl                                
2001f278  g_Host                                
2001f27c  g_SlDeviceStatus                      
2001f2a4  g_SpiFd                               
2001f21c  g__SlNonOsCB                          
2001f215  g_bDeviceRestartIsRequired            
2001f216  g_cDummy                              
2001f280  g_pCB                                 
2001f2a8  g_pHostIntHdl                         
20004000  g_pfnVectors                          
2001f1b8  g_time                                
2001f208  g_ucConnectionBSSID                   
2001f1e4  g_ucConnectionSSID                    
2001f2ac  g_ucDMAEnabled                        
2001f168  g_ucDinDout                           
2001f217  g_ucLED1Pin                           
2001f218  g_ucLED2Pin                           
2001f219  g_ucLED3Pin                           
2001f298  g_uiLED1Port                          
2001f29c  g_uiLED2Port                          
2001f2a0  g_uiLED3Port                          
2001f274  g_ulGatewayIP                         
2001f270  g_ulPingPacketsRecv                   
2001f26c  g_ulStatus                            
20009b99  ldexp                                 
20009b99  ldexpl                                
2000bbd5  ltoa                                  
200050e3  main                                  
2000b27d  malloc                                
2000cab5  memccpy                               
2000a41d  memcpy                                
2000c8c1  memmove                               
2000b209  memset                                
2000c469  minit                                 
2001f284  pPingCallBackFunc                     
20004fd5  printErrConvenience                   
20009061  realloc                               
20009b99  scalbn                                
20009b99  scalbnl                               
2000c37d  simplelink_timerA2_start              
2000b7fd  sl_Close                              
200080d5  sl_Connect                            
20009d35  sl_DevGet                             
2000a555  sl_DevSet                             
2000c109  sl_Htonl                              
2000c3b9  sl_Htons                              
20008925  sl_NetAppDnsGetHostByName             
20009901  sl_NetAppMDNSRegisterUnregisterService
2000b6d1  sl_NetAppMDNSUnRegisterService        
2000a5ed  sl_NetCfgSet                          
2000a37d  sl_Recv                               
20008cdd  sl_Send                               
2000a685  sl_SetSockOpt                         
2000ad59  sl_Socket                             
20009645  sl_Start                              
20009375  sl_Stop                               
20006d8d  sl_WlanConnect                        
2000c4a1  sl_WlanDisconnect                     
2000aa99  sl_WlanPolicySet                      
2000b85d  sl_WlanProfileDel                     
2000af79  sl_WlanRxFilterSet                    
2000a71d  sl_WlanSet                            
2000b8bd  sl_WlanSetMode                        
2000b2f5  spi_Close                             
20008699  spi_Open                              
20009465  spi_Read                              
2000a7b5  spi_Write                             
2000c1cd  sprintf                               
2000ccd7  strchr                                
2000cd29  strcpy                                
2000cd3d  strlen                                
2000be49  uDMAChannelAssign                     
2000b735  uDMAChannelAttributeDisable           
2000b799  uDMAChannelAttributeEnable            
2000c3f5  uDMAChannelControlSet                 
2000cad1  uDMAChannelEnable                     
20009555  uDMAChannelTransferSet                
2000c20d  vsnprintf                             
2000cd63  wcslen                                


GLOBAL SYMBOLS: SORTED BY Symbol Address 

address   name                                  
-------   ----                                  
00001000  __STACK_SIZE                          
00008000  __SYSMEM_SIZE                         
20004000  g_pfnVectors                          
20004401  SimpleLinkWlanEventHandler            
2000450f  SimpleLinkNetAppEventHandler          
200045b1  SimpleLinkHttpServerCallback          
200045d5  SimpleLinkGeneralEventHandler         
200045f5  SimpleLinkSockEventHandler            
20004fd5  printErrConvenience                   
200050e3  main                                  
20005799  __TI_printfi                          
200067b1  GPIO_IF_LedConfigure                  
200067ef  GPIO_IF_LedOn                         
200068a3  GPIO_IF_LedOff                        
20006957  GPIO_IF_LedStatus                     
200069c1  GPIO_IF_LedToggle                     
200069ef  GPIO_IF_GetPortNPin                   
20006a35  GPIO_IF_ConfigureNIntEnable           
20006a7d  GPIO_IF_Set                           
20006ac1  GPIO_IF_Get                           
20006b0d  InitTerm                              
20006b2b  Message                               
20006b4d  ClearTerm                             
20006b57  Error                                 
20006b8f  GetCmd                                
20006c35  TrimSpace                             
20006ccd  Report                                
20006d8d  sl_WlanConnect                        
200074bd  _SlDrvDataReadOp                      
200076a1  _SlDrvReleasePoolObj                  
20007a3d  __aeabi_dsub                          
20007a47  __aeabi_dadd                          
20007bf3  _nop                                  
20007bf5  _SlDrvDriverCBInit                    
20007f45  _SlDrvWaitForPoolObj                  
200080d5  sl_Connect                            
20008261  PRCMCC3200MCUInit                     
20008549  _SlDrvDataWriteOp                     
20008699  spi_Open                              
20008925  sl_NetAppDnsGetHostByName             
20008ba5  __aeabi_ddiv                          
20008cdb  __aeabi_idiv0                         
20008cdb  __aeabi_ldiv0                         
20008cdd  sl_Send                               
20008e11  _SlDrvDriverCBDeinit                  
20009061  realloc                               
20009175  _SlDrvNetAppEventHandler              
20009279  __aeabi_dmul                          
20009375  sl_Stop                               
20009465  spi_Read                              
20009555  uDMAChannelTransferSet                
20009645  sl_Start                              
20009819  _SlDrvMsgReadSpawnCtx                 
20009901  sl_NetAppMDNSRegisterUnregisterService
20009ac1  free                                  
20009b99  ldexp                                 
20009b99  ldexpl                                
20009b99  scalbn                                
20009b99  scalbnl                               
20009c69  _sl_HandleAsync_DnsGetHostByService   
20009d35  sl_DevGet                             
20009ec5  _SlDrvCmdOp                           
2000a039  _SlNonOsSemGet                        
2000a0e9  IntDisable                            
2000a191  IntEnable                             
2000a239  _SlDriverHandleError                  
2000a2dd  SPIConfigSetExpClk                    
2000a37d  sl_Recv                               
2000a41d  __aeabi_memcpy                        
2000a41d  __aeabi_memcpy4                       
2000a41d  __aeabi_memcpy8                       
2000a41d  memcpy                                
2000a4b9  _SlDrvDeviceEventHandler              
2000a555  sl_DevSet                             
2000a5ed  sl_NetCfgSet                          
2000a685  sl_SetSockOpt                         
2000a71d  sl_WlanSet                            
2000a7b5  spi_Write                             
2000a84d  __aeabi_uldivmod                      
2000a8e5  PRCMPeripheralClockGet                
2000a979  _sl_HandleAsync_DnsGetHostByName      
2000aa09  _sl_HandleAsync_PingResponse          
2000aa99  sl_WlanPolicySet                      
2000ac41  _SlDrvIsTimeoutExpired                
2000accd  _sl_HandleAsync_InitComplete          
2000ad59  sl_Socket                             
2000ade5  PinConfigSet                          
2000ae6d  __aeabi_cdcmpeq                       
2000ae6d  __aeabi_cdcmple                       
2000aef3  __aeabi_cdrcmple                      
2000af79  sl_WlanRxFilterSet                    
2000affd  GPIOIntTypeSet                        
2000b081  _sl_HandleAsync_Connect               
2000b201  __aeabi_memclr                        
2000b201  __aeabi_memclr4                       
2000b201  __aeabi_memclr8                       
2000b203  __aeabi_memset                        
2000b203  __aeabi_memset4                       
2000b203  __aeabi_memset8                       
2000b209  memset                                
2000b27d  malloc                                
2000b2f5  spi_Close                             
2000b36d  UARTConfigSetExpClk                   
2000b3e5  _SlNonOsMainLoopTask                  
2000b4c9  _SlDrvCmdSend                         
2000b535  _sl_NetAppSendTokenValue              
2000b5a1  __TI_decompress_lzss                  
2000b609  _SlNonOsSpawn                         
2000b66d  _sl_HandleAsync_Accept                
2000b6d1  sl_NetAppMDNSUnRegisterService        
2000b735  uDMAChannelAttributeDisable           
2000b799  uDMAChannelAttributeEnable            
2000b7fd  sl_Close                              
2000b85d  sl_WlanProfileDel                     
2000b8bd  sl_WlanSetMode                        
2000b91d  frexp                                 
2000b91d  frexpl                                
2000b979  IntPendClear                          
2000b9d1  PRCMPeripheralReset                   
2000ba29  PinMuxConfig                          
2000bad9  IntPrioritySet                        
2000bb2d  _SlDrvRxIrqHandler                    
2000bb81  _sl_HandleAsync_Select                
2000bbd5  ltoa                                  
2000bc7d  _sl_HandleAsync_Stop                  
2000bccd  SPIIntEnable                          
2000bd65  _SlDrvProtectAsyncRespSetting         
2000bdfd  atoi                                  
2000be49  uDMAChannelAssign                     
2000bedd  SPIIntClear                           
2000bf25  _SlDrvBasicCmd                        
2000bf6d  __aeabi_d2iz                          
2000bff9  TimerConfigure                        
2000c03d  _SlDrvSyncObjWaitTimeout              
2000c081  __TI_auto_init_nobinit_nopinit        
2000c109  sl_Htonl                              
2000c14d  PinModeSet                            
2000c1cd  sprintf                               
2000c20d  vsnprintf                             
2000c24d  NwpRegisterInterruptHandler           
2000c305  PRCMPeripheralClkEnable               
2000c37d  simplelink_timerA2_start              
2000c3b9  sl_Htons                              
2000c3f5  uDMAChannelControlSet                 
2000c431  NwpPowerOff                           
2000c469  minit                                 
2000c4a1  sl_WlanDisconnect                     
2000c4d9  GPIODirModeSet                        
2000c511  PRCMPeripheralStatusGet               
2000c545  SPIFIFOLevelSet                       
2000c579  PinTypeGPIO                           
2000c5a9  UARTDisable                           
2000c609  __aeabi_i2d                           
2000c639  NwpPowerOn                            
2000c665  PRCMSysResetCauseGet                  
2000c6bd  _SlDrvProtectionObjLockWaitForever    
2000c6e9  TimerLoadSet                          
2000c713  TimerPrescaleSet                      
2000c73d  PRCMPeripheralClkDisable              
2000c765  _SlDrvGlobalObjUnLock                 
2000c78d  _SlDrvProtectionObjUnLock             
2000c7b5  _SlDrvSyncObjWaitForever              
2000c7dd  _c_int00_noargs                       
2000c82d  _SlDrvObjLockWaitForever              
2000c855  DmaSpiSwIntHandler                    
2000c879  IntUnregister                         
2000c89d  UARTEnable                            
2000c8c1  memmove                               
2000c8e5  SPIReset                              
2000c907  SPIWordCountSet                       
2000c929  GPIOPinWrite                          
2000c949  IntRegister                           
2000c969  NwpPrePowerOffTimout0                 
2000c989  TimerGetCurrentTimestamp              
2000c9a9  _SlDrvObjUnLock                       
2000c9c9  _SlDrvSyncObjSignal                   
2000c9e9  GPIOIntRegister                       
2000ca07  TimerEnable                           
2000ca25  UARTCharPut                           
2000ca61  TimerValueGet                         
2000ca7d  UARTCharGetNonBlocking                
2000ca99  _SlDrvStartMeasureTimeout             
2000cab5  memccpy                               
2000cad1  uDMAChannelEnable                     
2000caed  GPIOIntEnable                         
2000cb07  PinTypeUART                           
2000cb21  SPIDmaDisable                         
2000cb3b  SPIDmaEnable                          
2000cb55  SPIFIFODisable                        
2000cb6f  SPIFIFOEnable                         
2000cb89  SPIIntUnregister                      
2000cba3  GPIOPinRead                           
2000cbbb  SPICSDisable                          
2000cbd3  SPICSEnable                           
2000cbeb  SPIDisable                            
2000cc03  SPIEnable                             
2000cc1b  UARTCharsAvail                        
2000cc33  _SlNonOsSemSet                        
2000cc95  PRCMHIBRegRead                        
2000ccab  PRCMHIBRegWrite                       
2000ccc1  _SlDrvMemZero                         
2000ccd7  strchr                                
2000cced  CPUcpsie                              
2000cd01  GPIOIntClear                          
2000cd15  IntVTableBaseSet                      
2000cd29  strcpy                                
2000cd3d  strlen                                
2000cd51  __TI_zero_init_nomemset               
2000cd63  wcslen                                
2000cd75  _SlDrvDispatchHttpServerEvents        
2000cd85  _SlDrvResetCmdExt                     
2000cd93  __TI_decompress_none                  
2000cda1  ResetISR                              
2000cdb1  NwpMaskInterrupt                      
2000cdbd  NwpUnMaskInterrupt                    
2000cdc9  IntMasterEnable                       
2000cddd  __aeabi_errno_addr                    
2000cde5  copysign                              
2000cde5  copysignl                             
2000cded  UtilsDelay                            
2000cdf3  _system_pre_init                      
2000cdf7  C$$EXIT                               
2000cdf7  abort                                 
2000cdfc  _ctypes_                              
2000d1fc  OpcodeTranslateTable                  
2000d238  _SlActionLookupTable                  
2000d402  _SlNetAppSendTokenValueCmdCtrl        
2000d440  __TI_static_base__                    
2000d478  __TI_Handler_Table_Base               
2000d484  __TI_Handler_Table_Limit              
2000d490  __TI_CINIT_Base                       
2000d4a0  __TI_CINIT_Limit                      
20017000  _sys_memory                           
2001f168  g_ucDinDout                           
2001f1b8  g_time                                
2001f1e4  g_ucConnectionSSID                    
2001f208  g_ucConnectionBSSID                   
2001f214  RxIrqCnt                              
2001f215  g_bDeviceRestartIsRequired            
2001f216  g_cDummy                              
2001f217  g_ucLED1Pin                           
2001f218  g_ucLED2Pin                           
2001f219  g_ucLED3Pin                           
2001f21c  g__SlNonOsCB                          
2001f26c  g_ulStatus                            
2001f270  g_ulPingPacketsRecv                   
2001f274  g_ulGatewayIP                         
2001f278  g_Host                                
2001f27c  g_SlDeviceStatus                      
2001f280  g_pCB                                 
2001f284  pPingCallBackFunc                     
2001f298  g_uiLED1Port                          
2001f29c  g_uiLED2Port                          
2001f2a0  g_uiLED3Port                          
2001f2a4  g_SpiFd                               
2001f2a8  g_pHostIntHdl                         
2001f2ac  g_ucDMAEnabled                        
2001f2b0  _lock                                 
2001f2b4  _unlock                               
2001f2b8  errno                                 
2002f000  __stack                               
20030000  __STACK_END                           
ffffffff  __TI_pprof_out_hndl                   
ffffffff  __TI_prof_data_size                   
ffffffff  __TI_prof_data_start                  
ffffffff  __binit__                             
ffffffff  __c_args__                            
ffffffff  binit                                 
UNDEFED   __mpu_init                            
UNDEFED   _system_post_cinit                    

[270 symbols]
