******************************************************************************
                  TI ARM Linker PC v18.1.1                     
******************************************************************************
>> Linked Wed May 23 13:51:26 2018

OUTPUT FILE NAME:   <int_sw.out>
ENTRY POINT SYMBOL: "_c_int00_noargs"  address: 20008e65


MEMORY CONFIGURATION

         name            origin    length      used     unused   attr    fill
----------------------  --------  ---------  --------  --------  ----  --------
  SRAM_CODE             20004000   00019000  00005c8a  00013376  RW X
  SRAM_DATA             2001d000   00023000  00001784  0002187c  RW X


SEGMENT ALLOCATION MAP

run origin  load origin   length   init length attrs members
----------  ----------- ---------- ----------- ----- -------
20004000    20004000    00005c90   00005c90    r-x
  20004000    20004000    00000400   00000400    r-- .intvecs
  20004400    20004400    00004eda   00004eda    r-x .text
  200092dc    200092dc    000008f8   000008f8    r-- .const
  20009bd8    20009bd8    000000b8   000000b8    r-- .cinit
2001d000    2001d000    00000f84   00000000    rw-
  2001d000    2001d000    00000800   00000000    rw- .sysmem
  2001d800    2001d800    00000570   00000000    rw- .bss
  2001dd70    2001dd70    00000214   00000000    rw- .data
2003f800    2003f800    00000800   00000000    rw-
  2003f800    2003f800    00000800   00000000    rw- .stack


SECTION ALLOCATION MAP

 output                                  attributes/
section   page    origin      length       input sections
--------  ----  ----------  ----------   ----------------
.intvecs   0    20004000    00000400     
                  20004000    00000400     startup_ccs.obj (.intvecs)

.init_array 
*          0    20004000    00000000     UNINITIALIZED

.text      0    20004400    00004eda     
                  20004400    00000a80     Adafruit_GFX.obj (.text)
                  20004e80    00000a4a     rtsv7M4_T_le_eabi.lib : _printfi.c.obj (.text:__TI_printfi)
                  200058ca    00000002     driverlib.a : interrupt.obj (.text:IntDefaultHandler)
                  200058cc    000007d0     main.obj (.text)
                  2000609c    000004ba     Adafruit_OLED.obj (.text)
                  20006556    00000002     rtsv7M4_T_le_eabi.lib : _lock.c.obj (.text:_nop)
                  20006558    00000268                           : _printfi.c.obj (.text:_pconv_a)
                  200067c0    000001cc                           : _printfi.c.obj (.text:_pconv_g)
                  2000698c    000001b6                           : fd_add_t2.asm.obj (.text)
                  20006b42    00000002                           : div0.asm.obj (.text)
                  20006b44    00000198     timer_if.obj (.text)
                  20006cdc    00000178     driverlib.a : prcm.obj (.text:PRCMCC3200MCUInit)
                  20006e54    0000016c     pin_mux_config.obj (.text)
                  20006fc0    0000013c     rtsv7M4_T_le_eabi.lib : _printfi.c.obj (.text:_pconv_e)
                  200070fc    00000136                           : fd_div_t2.asm.obj (.text)
                  20007232    00000002     --HOLE-- [fill = 0]
                  20007234    00000120                           : _printfi.c.obj (.text:fcvt)
                  20007354    00000114                           : fputs.c.obj (.text:fputs)
                  20007468    000000fc                           : fd_mul_t2.asm.obj (.text)
                  20007564    000000dc                           : setvbuf.c.obj (.text:setvbuf)
                  20007640    000000d8                           : memory.c.obj (.text:free)
                  20007718    000000d0                           : s_scalbn.c.obj (.text:scalbn)
                  200077e8    000000b1                           : _printfi.c.obj (.text:_ltostr)
                  20007899    00000003     --HOLE-- [fill = 0]
                  2000789c    000000a8     driverlib.a : interrupt.obj (.text:IntDisable)
                  20007944    000000a8                 : interrupt.obj (.text:IntEnable)
                  200079ec    000000a0                 : spi.obj (.text:SPIConfigSetExpClk)
                  20007a8c    0000009c     rtsv7M4_T_le_eabi.lib : memcpy_t2.asm.obj (.text)
                  20007b28    00000096                           : ull_div_t2.asm.obj (.text)
                  20007bbe    00000002     --HOLE-- [fill = 0]
                  20007bc0    00000094     driverlib.a : prcm.obj (.text:PRCMPeripheralClockGet)
                  20007c54    0000008c     rtsv7M4_T_le_eabi.lib : fputc.c.obj (.text:fputc)
                  20007ce0    00000088     driverlib.a : pin.obj (.text:PinConfigSet)
                  20007d68    00000086     rtsv7M4_T_le_eabi.lib : fd_cmp_t2.asm.obj (.text:__aeabi_cdcmple)
                  20007dee    00000086                           : fd_cmp_t2.asm.obj (.text:__aeabi_cdrcmple)
                  20007e74    00000082     driverlib.a : gpio.obj (.text:GPIOIntTypeSet)
                  20007ef6    00000002     --HOLE-- [fill = 0]
                  20007ef8    0000007c     rtsv7M4_T_le_eabi.lib : fflush.c.obj (.text:fflush)
                  20007f74    0000007a                           : memset_t2.asm.obj (.text)
                  20007fee    00000002     --HOLE-- [fill = 0]
                  20007ff0    00000078                           : memory.c.obj (.text:malloc)
                  20008068    00000074                           : fclose.c.obj (.text:__TI_closefile)
                  200080dc    00000070     driverlib.a : timer.obj (.text:TimerIntRegister)
                  2000814c    0000006e     rtsv7M4_T_le_eabi.lib : _printfi.c.obj (.text:_mcpy)
                  200081ba    00000002     --HOLE-- [fill = 0]
                  200081bc    00000068                           : hostlseek.c.obj (.text:HOSTlseek)
                  20008224    00000068                           : hostrename.c.obj (.text:HOSTrename)
                  2000828c    00000068     driverlib.a : timer.obj (.text:TimerIntUnregister)
                  200082f4    00000068     rtsv7M4_T_le_eabi.lib : copy_decompress_lzss.c.obj (.text:decompress:lzss:__TI_decompress_lzss)
                  2000835c    00000068                           : printf.c.obj (.text:printf)
                  200083c4    00000064                           : fseek.c.obj (.text:fseek)
                  20008428    00000062                           : _io_perm.c.obj (.text:__TI_wrt_ok)
                  2000848a    00000002     --HOLE-- [fill = 0]
                  2000848c    00000060                           : hostopen.c.obj (.text:HOSTopen)
                  200084ec    0000005c                           : close.c.obj (.text:close)
                  20008548    0000005c                           : s_frexp.c.obj (.text:frexp)
                  200085a4    00000058                           : hostread.c.obj (.text:HOSTread)
                  200085fc    00000058                           : hostwrite.c.obj (.text:HOSTwrite)
                  20008654    00000058     driverlib.a : prcm.obj (.text:PRCMPeripheralReset)
                  200086ac    00000056     rtsv7M4_T_le_eabi.lib : _printfi.c.obj (.text:_pconv_f)
                  20008702    00000002     --HOLE-- [fill = 0]
                  20008704    00000054     driverlib.a : interrupt.obj (.text:IntPrioritySet)
                  20008758    00000054     rtsv7M4_T_le_eabi.lib : ltoa.c.obj (.text:ltoa)
                  200087ac    00000052                           : _printfi.c.obj (.text:_ecpy)
                  200087fe    0000004c                           : fflush.c.obj (.text:__TI_doflush)
                  2000884a    00000002     --HOLE-- [fill = 0]
                  2000884c    0000004c                           : atoi.c.obj (.text:atoi)
                  20008898    00000048     driverlib.a : gpio.obj (.text:GPIOGetIntNumber)
                  200088e0    00000048     rtsv7M4_T_le_eabi.lib : exit.c.obj (.text:exit)
                  20008928    00000048                           : fd_toi_t2.asm.obj (.text)
                  20008970    00000044                           : hostclose.c.obj (.text:HOSTclose)
                  200089b4    00000044                           : hostunlink.c.obj (.text:HOSTunlink)
                  200089f8    00000044     driverlib.a : timer.obj (.text:TimerConfigure)
                  20008a3c    00000044     rtsv7M4_T_le_eabi.lib : autoinit.c.obj (.text:__TI_auto_init_nobinit_nopinit:__TI_auto_init_nobinit_nopinit)
                  20008a80    00000044                           : getdevice.c.obj (.text:getdevice)
                  20008ac4    00000040     driverlib.a : pin.obj (.text:PinModeSet)
                  20008b04    0000003e     rtsv7M4_T_le_eabi.lib : _printfi.c.obj (.text:_fcpy)
                  20008b42    00000002     --HOLE-- [fill = 0]
                  20008b44    0000003c     driverlib.a : prcm.obj (.text:PRCMPeripheralClkEnable)
                  20008b80    0000003c     rtsv7M4_T_le_eabi.lib : memory.c.obj (.text:minsert)
                  20008bbc    00000038                           : trgmsg.c.obj (.text:__TI_writemsg)
                  20008bf4    00000038                           : memory.c.obj (.text:minit)
                  20008c2c    00000036     driverlib.a : gpio.obj (.text:GPIODirModeSet)
                  20008c62    00000036     rtsv7M4_T_le_eabi.lib : strncpy.c.obj (.text:strncpy)
                  20008c98    00000034                           : fopen.c.obj (.text:__TI_cleanup)
                  20008ccc    00000034                           : trgmsg.c.obj (.text:__TI_readmsg)
                  20008d00    00000030     driverlib.a : pin.obj (.text:PinTypeGPIO)
                  20008d30    00000030     rtsv7M4_T_le_eabi.lib : getdevice.c.obj (.text:finddevice)
                  20008d60    0000002e                           : i_tofd_t2.asm.obj (.text)
                  20008d8e    00000002     --HOLE-- [fill = 0]
                  20008d90    0000002c     driverlib.a : prcm.obj (.text:PRCMSysResetCauseGet)
                  20008dbc    0000002c     rtsv7M4_T_le_eabi.lib : unlink.c.obj (.text:unlink)
                  20008de8    0000002a     driverlib.a : timer.obj (.text:TimerLoadSet)
                  20008e12    0000002a                 : timer.obj (.text:TimerPrescaleSet)
                  20008e3c    00000028                 : prcm.obj (.text:PRCMPeripheralClkDisable)
                  20008e64    00000028     rtsv7M4_T_le_eabi.lib : boot_cortex_m.c.obj (.text:_c_int00_noargs:_c_int00_noargs)
                  20008e8c    00000028                           : lseek.c.obj (.text:lseek)
                  20008eb4    00000028                           : memory.c.obj (.text:mremove)
                  20008edc    00000028                           : write.c.obj (.text:write)
                  20008f04    00000024     driverlib.a : interrupt.obj (.text:IntUnregister)
                  20008f28    00000022                 : spi.obj (.text:SPIReset)
                  20008f4a    00000020                 : gpio.obj (.text:GPIOPinWrite)
                  20008f6a    00000002     --HOLE-- [fill = 0]
                  20008f6c    00000020                 : interrupt.obj (.text:IntRegister)
                  20008f8c    00000020                 : spi.obj (.text:SPIDataGet)
                  20008fac    00000020     rtsv7M4_T_le_eabi.lib : memchr.c.obj (.text:memchr)
                  20008fcc    0000001e     driverlib.a : gpio.obj (.text:GPIOIntRegister)
                  20008fea    0000001e                 : spi.obj (.text:SPIDataPut)
                  20009008    0000001e                 : timer.obj (.text:TimerDisable)
                  20009026    0000001e                 : timer.obj (.text:TimerEnable)
                  20009044    0000001e                 : timer.obj (.text:TimerIntStatus)
                  20009062    0000001e                 : uart.obj (.text:UARTCharPut)
                  20009080    0000001c                 : timer.obj (.text:TimerValueGet)
                  2000909c    0000001c     rtsv7M4_T_le_eabi.lib : assert.c.obj (.text:_abort_msg)
                  200090b8    0000001c                           : memccpy.c.obj (.text:memccpy)
                  200090d4    0000001a     driverlib.a : gpio.obj (.text:GPIOIntDisable)
                  200090ee    0000001a                 : gpio.obj (.text:GPIOIntEnable)
                  20009108    0000001a                 : pin.obj (.text:PinTypeSPI)
                  20009122    0000001a                 : pin.obj (.text:PinTypeUART)
                  2000913c    00000018                 : spi.obj (.text:SPICSEnable)
                  20009154    00000018                 : spi.obj (.text:SPIEnable)
                  2000916c    00000018                 : timer.obj (.text:TimerIntDisable)
                  20009184    00000018                 : timer.obj (.text:TimerIntEnable)
                  2000919c    00000018     rtsv7M4_T_le_eabi.lib : strcmp.c.obj (.text:strcmp)
                  200091b4    00000016     driverlib.a : prcm.obj (.text:PRCMHIBRegRead)
                  200091ca    00000016                 : prcm.obj (.text:PRCMHIBRegWrite)
                  200091e0    00000016     rtsv7M4_T_le_eabi.lib : strchr.c.obj (.text:strchr)
                  200091f6    00000014     driverlib.a : cpu.obj (.text:CPUcpsie)
                  2000920a    00000014                 : gpio.obj (.text:GPIOIntClear)
                  2000921e    00000002     --HOLE-- [fill = 0]
                  20009220    00000014                 : interrupt.obj (.text:IntVTableBaseSet)
                  20009234    00000014     rtsv7M4_T_le_eabi.lib : strcpy.c.obj (.text:strcpy)
                  20009248    00000014                           : strlen.c.obj (.text:strlen)
                  2000925c    00000012     driverlib.a : timer.obj (.text:TimerIntClear)
                  2000926e    00000012     rtsv7M4_T_le_eabi.lib : wcslen.c.obj (.text:wcslen)
                  20009280    0000000e                           : copy_decompress_none.c.obj (.text:decompress:none:__TI_decompress_none)
                  2000928e    0000000e     startup_ccs.obj (.text)
                  2000929c    0000000c     rtsv7M4_T_le_eabi.lib : copy_zero_init.c.obj (.text:decompress:ZI:__TI_zero_init)
                  200092a8    0000000a     driverlib.a : interrupt.obj (.text:IntMasterEnable)
                  200092b2    00000002     --HOLE-- [fill = 0]
                  200092b4    00000008     rtsv7M4_T_le_eabi.lib : errno.c.obj (.text:__aeabi_errno_addr)
                  200092bc    00000008                           : s_copysign.c.obj (.text:copysign)
                  200092c4    00000006     driverlib.a : utils.obj (.text:UtilsDelay)
                  200092ca    00000004     rtsv7M4_T_le_eabi.lib : printf.c.obj (.text:_outc)
                  200092ce    00000004                           : printf.c.obj (.text:_outs)
                  200092d2    00000004                           : pre_init.c.obj (.text:_system_pre_init)
                  200092d6    00000004                           : exit.c.obj (.text:abort:abort)

.const     0    200092dc    000008f8     
                  200092dc    000004fb     Adafruit_GFX.obj (.const:.string:font)
                  200097d7    00000101     rtsv7M4_T_le_eabi.lib : ctype.c.obj (.const:.string:_ctypes_)
                  200098d8    00000100     driverlib.a : pin.obj (.const:g_ulPinToPadMap)
                  200099d8    000000d4                 : interrupt.obj (.const:g_pulRegs)
                  20009aac    000000a8                 : prcm.obj (.const:PRCM_PeriphRegsList)
                  20009b54    00000080                 : interrupt.obj (.const)

.cinit     0    20009bd8    000000b8     
                  20009bd8    0000008e     (.cinit..data.load) [load image, compression = lzss]
                  20009c66    00000002     --HOLE-- [fill = 0]
                  20009c68    0000000c     (__TI_handler_table)
                  20009c74    00000004     --HOLE-- [fill = 0]
                  20009c78    00000008     (.cinit..bss.load) [load image, compression = zero_init]
                  20009c80    00000010     (__TI_cinit_table)

.sysmem    0    2001d000    00000800     UNINITIALIZED
                  2001d000    00000008     rtsv7M4_T_le_eabi.lib : memory.c.obj (.sysmem)
                  2001d008    000007f8     --HOLE--

.bss       0    2001d800    00000570     UNINITIALIZED
                  2001d800    00000200     main.obj (.bss:timer_recordings)
                  2001da00    00000120     rtsv7M4_T_le_eabi.lib : trgmsg.c.obj (.bss:_CIOBUF_)
                  2001db20    000000c8     main.obj (.bss:receiver_message)
                  2001dbe8    000000c8     main.obj (.bss:sender_message)
                  2001dcb0    000000a0     (.common:__TI_tmpnams)
                  2001dd50    00000018     main.obj (.bss)
                  2001dd68    00000008     (.common:parmbuf)

.data      0    2001dd70    00000214     UNINITIALIZED
                  2001dd70    000000f0     rtsv7M4_T_le_eabi.lib : defs.c.obj (.data:_ftable)
                  2001de60    00000078                           : write.c.obj (.data:_device)
                  2001ded8    00000050                           : write.c.obj (.data:_stream)
                  2001df28    00000015     Adafruit_GFX.obj (.data)
                  2001df3d    00000003     --HOLE--
                  2001df40    00000010     rtsv7M4_T_le_eabi.lib : defs.c.obj (.data)
                  2001df50    0000000c                           : exit.c.obj (.data:$O1$$)
                  2001df5c    0000000c                           : memory.c.obj (.data:$O1$$)
                  2001df68    00000008                           : _lock.c.obj (.data:$O1$$)
                  2001df70    00000008     main.obj (.data:receiver_falling)
                  2001df78    00000008     main.obj (.data:receiver_rising)
                  2001df80    00000004     rtsv7M4_T_le_eabi.lib : errno.c.obj (.data)

.stack     0    2003f800    00000800     UNINITIALIZED
                  2003f800    00000004     rtsv7M4_T_le_eabi.lib : boot_cortex_m.c.obj (.stack)
                  2003f804    000007fc     --HOLE--

MODULE SUMMARY

       Module                       code    ro data   rw data
       ------                       ----    -------   -------
    .\
       Adafruit_GFX.obj             2688    1275      21     
       main.obj                     2000    0         952    
       Adafruit_OLED.obj            1210    0         0      
       startup_ccs.obj              14      1024      0      
       timer_if.obj                 408     0         0      
       pin_mux_config.obj           364     0         0      
    +--+----------------------------+-------+---------+---------+
       Total:                       6684    2299      973    
                                                             
    C:/ti/CC3200SDK_1.3.0/cc3200-sdk/driverlib/ccs/Release/driverlib.a
       prcm.obj                     800     168       0      
       interrupt.obj                520     340       0      
       pin.obj                      300     256       0      
       timer.obj                    552     0         0      
       gpio.obj                     390     0         0      
       spi.obj                      304     0         0      
       uart.obj                     30      0         0      
       cpu.obj                      20      0         0      
       utils.obj                    6       0         0      
    +--+----------------------------+-------+---------+---------+
       Total:                       2922    764       0      
                                                             
    C:\ti\ccsv8\tools\compiler\ti-cgt-arm_18.1.1.LTS\lib\rtsv7M4_T_le_eabi.lib
       _printfi.c.obj               4831    0         0      
       memory.c.obj                 492     0         12     
       fd_add_t2.asm.obj            438     0         0      
       defs.c.obj                   0       0         416    
       trgmsg.c.obj                 108     0         288    
       fd_div_t2.asm.obj            310     0         0      
       fputs.c.obj                  276     0         0      
       fd_cmp_t2.asm.obj            268     0         0      
       ctype.c.obj                  0       257       0      
       fd_mul_t2.asm.obj            252     0         0      
       write.c.obj                  40      0         200    
       setvbuf.c.obj                220     0         0      
       s_scalbn.c.obj               208     0         0      
       fflush.c.obj                 200     0         0      
       memcpy_t2.asm.obj            156     0         0      
       ull_div_t2.asm.obj           150     0         0      
       fputc.c.obj                  140     0         0      
       memset_t2.asm.obj            122     0         0      
       fclose.c.obj                 116     0         0      
       getdevice.c.obj              116     0         0      
       printf.c.obj                 112     0         0      
       copy_decompress_lzss.c.obj   104     0         0      
       hostlseek.c.obj              104     0         0      
       hostopen.c.obj               96      0         8      
       hostrename.c.obj             104     0         0      
       fseek.c.obj                  100     0         0      
       _io_perm.c.obj               98      0         0      
       close.c.obj                  92      0         0      
       s_frexp.c.obj                92      0         0      
       exit.c.obj                   76      0         12     
       hostread.c.obj               88      0         0      
       hostwrite.c.obj              88      0         0      
       ltoa.c.obj                   84      0         0      
       atoi.c.obj                   76      0         0      
       fd_toi_t2.asm.obj            72      0         0      
       autoinit.c.obj               68      0         0      
       hostclose.c.obj              68      0         0      
       hostunlink.c.obj             68      0         0      
       strncpy.c.obj                54      0         0      
       fopen.c.obj                  52      0         0      
       i_tofd_t2.asm.obj            46      0         0      
       unlink.c.obj                 44      0         0      
       boot_cortex_m.c.obj          40      0         0      
       lseek.c.obj                  40      0         0      
       memchr.c.obj                 32      0         0      
       assert.c.obj                 28      0         0      
       memccpy.c.obj                28      0         0      
       strcmp.c.obj                 24      0         0      
       strchr.c.obj                 22      0         0      
       strcpy.c.obj                 20      0         0      
       strlen.c.obj                 20      0         0      
       wcslen.c.obj                 18      0         0      
       copy_decompress_none.c.obj   14      0         0      
       copy_zero_init.c.obj         12      0         0      
       errno.c.obj                  8       0         4      
       _lock.c.obj                  2       0         8      
       s_copysign.c.obj             8       0         0      
       pre_init.c.obj               4       0         0      
       div0.asm.obj                 2       0         0      
    +--+----------------------------+-------+---------+---------+
       Total:                       10551   257       948    
                                                             
       Heap:                        0       0         2048   
       Stack:                       0       0         2048   
       Linker Generated:            0       178       0      
    +--+----------------------------+-------+---------+---------+
       Grand Total:                 20157   3498      6017   


LINKER GENERATED COPY TABLES

__TI_cinit_table @ 20009c80 records: 2, size/record: 8, table size: 16
	.data: load addr=20009bd8, load size=0000008e bytes, run addr=2001dd70, run size=00000214 bytes, compression=lzss
	.bss: load addr=20009c78, load size=00000008 bytes, run addr=2001d800, run size=00000570 bytes, compression=zero_init


LINKER GENERATED HANDLER TABLE

__TI_handler_table @ 20009c68 records: 3, size/record: 4, table size: 12
	index: 0, handler: __TI_decompress_lzss
	index: 1, handler: __TI_decompress_none
	index: 2, handler: __TI_zero_init


GLOBAL SYMBOLS: SORTED ALPHABETICALLY BY Name 

address   name                           
-------   ----                           
20006125  Adafruit_Init                  
200092d7  C$$EXIT                        
20008beb  C$$IO$$                        
200091f7  CPUcpsie                       
200062a1  Color565                       
20008c2d  GPIODirModeSet                 
2000920b  GPIOIntClear                   
200090d5  GPIOIntDisable                 
200090ef  GPIOIntEnable                  
20008fcd  GPIOIntRegister                
20007e75  GPIOIntTypeSet                 
20008f4b  GPIOPinWrite                   
20008971  HOSTclose                      
200081bd  HOSTlseek                      
2000848d  HOSTopen                       
200085a5  HOSTread                       
20008225  HOSTrename                     
200089b5  HOSTunlink                     
200085fd  HOSTwrite                      
2000789d  IntDisable                     
20007945  IntEnable                      
200092a9  IntMasterEnable                
20008705  IntPrioritySet                 
20008f6d  IntRegister                    
20008f05  IntUnregister                  
20009221  IntVTableBaseSet               
20004dab  Outstr                         
20006cdd  PRCMCC3200MCUInit              
200091b5  PRCMHIBRegRead                 
200091cb  PRCMHIBRegWrite                
20008e3d  PRCMPeripheralClkDisable       
20008b45  PRCMPeripheralClkEnable        
20007bc1  PRCMPeripheralClockGet         
20008655  PRCMPeripheralReset            
20008d91  PRCMSysResetCauseGet           
20007ce1  PinConfigSet                   
20008ac5  PinModeSet                     
20006e55  PinMuxConfig                   
20008d01  PinTypeGPIO                    
20009109  PinTypeSPI                     
20009123  PinTypeUART                    
2000928f  ResetISR                       
2000913d  SPICSEnable                    
200079ed  SPIConfigSetExpClk             
20008f8d  SPIDataGet                     
20008feb  SPIDataPut                     
20009155  SPIEnable                      
20008f29  SPIReset                       
200089f9  TimerConfigure                 
20009009  TimerDisable                   
20009027  TimerEnable                    
2000925d  TimerIntClear                  
2000916d  TimerIntDisable                
20009185  TimerIntEnable                 
200080dd  TimerIntRegister               
20009045  TimerIntStatus                 
2000828d  TimerIntUnregister             
20008de9  TimerLoadSet                   
20008e13  TimerPrescaleSet               
20009081  TimerValueGet                  
20006c8b  Timer_IF_DeInit                
20006cbd  Timer_IF_GetCount              
20006bc5  Timer_IF_Init                  
20006bf7  Timer_IF_IntSetup              
20006c43  Timer_IF_InterruptClear        
20006ca5  Timer_IF_ReLoad                
20006c5b  Timer_IF_Start                 
20006c7b  Timer_IF_Stop                  
20009063  UARTCharPut                    
200092c5  UtilsDelay                     
2001da00  __CIOBUF_                      
20040000  __STACK_END                    
00000800  __STACK_SIZE                   
00000800  __SYSMEM_SIZE                  
20009c80  __TI_CINIT_Base                
20009c90  __TI_CINIT_Limit               
20009c68  __TI_Handler_Table_Base        
20009c74  __TI_Handler_Table_Limit       
20008a3d  __TI_auto_init_nobinit_nopinit 
20008c99  __TI_cleanup                   
2001df50  __TI_cleanup_ptr               
20008069  __TI_closefile                 
200082f5  __TI_decompress_lzss           
20009281  __TI_decompress_none           
200087ff  __TI_doflush                   
2001df54  __TI_dtors_ptr                 
2001df58  __TI_enable_exit_profile_output
2001df40  __TI_ft_end                    
ffffffff  __TI_pprof_out_hndl            
20004e81  __TI_printfi                   
ffffffff  __TI_prof_data_size            
ffffffff  __TI_prof_data_start           
20008ccd  __TI_readmsg                   
20009bd8  __TI_static_base__             
2001dcb0  __TI_tmpnams                   
20008bbd  __TI_writemsg                  
20008429  __TI_wrt_ok                    
2000929d  __TI_zero_init                 
20007d69  __aeabi_cdcmpeq                
20007d69  __aeabi_cdcmple                
20007def  __aeabi_cdrcmple               
20008929  __aeabi_d2iz                   
20006997  __aeabi_dadd                   
200070fd  __aeabi_ddiv                   
20007469  __aeabi_dmul                   
2000698d  __aeabi_dsub                   
200092b5  __aeabi_errno_addr             
20008d61  __aeabi_i2d                    
20006b43  __aeabi_idiv0                  
20006b43  __aeabi_ldiv0                  
20007f75  __aeabi_memclr                 
20007f75  __aeabi_memclr4                
20007f75  __aeabi_memclr8                
20007a8d  __aeabi_memcpy                 
20007a8d  __aeabi_memcpy4                
20007a8d  __aeabi_memcpy8                
20007f77  __aeabi_memset                 
20007f77  __aeabi_memset4                
20007f77  __aeabi_memset8                
2001df4c  __aeabi_stderr                 
2001df44  __aeabi_stdin                  
2001df48  __aeabi_stdout                 
20007b29  __aeabi_uldivmod               
ffffffff  __binit__                      
ffffffff  __c_args__                     
UNDEFED   __mpu_init                     
2003f800  __stack                        
2000909d  _abort_msg                     
20008e65  _c_int00_noargs                
200097d7  _ctypes_                       
2001de60  _device                        
2001dd70  _ftable                        
2001df68  _lock                          
20006557  _nop                           
2001ded8  _stream                        
2001d000  _sys_memory                    
UNDEFED   _system_post_cinit             
200092d3  _system_pre_init               
2001df6c  _unlock                        
200092d7  abort                          
2000884d  atoi                           
ffffffff  binit                          
200084ed  close                          
200092bd  copysign                       
200092bd  copysignl                      
2001df28  cursor_x                       
2001df2c  cursor_y                       
20004c5f  drawChar                       
20004401  drawCircle                     
20004535  drawCircleHelper               
20006449  drawFastHLine                  
200063ad  drawFastVLine                  
2000477b  drawLine                       
200064fd  drawPixel                      
20004867  drawRect                       
200048b5  drawRoundRect                  
20004a1d  drawTriangle                   
2001df80  errno                          
200088e1  exit                           
20007ef9  fflush                         
20004653  fillCircle                     
2000468d  fillCircleHelper               
200062f9  fillRect                       
200049a3  fillRoundRect                  
200062e3  fillScreen                     
20004a5f  fillTriangle                   
20008d31  finddevice                     
20007c55  fputc                          
20007355  fputs                          
20007641  free                           
20008549  frexp                          
20008549  frexpl                         
200083c5  fseek                          
20004000  g_pfnVectors                   
20008a81  getdevice                      
2000625d  goTo                           
20004e5f  height                         
2000653b  invert                         
20007719  ldexp                          
20007719  ldexpl                         
20008e8d  lseek                          
20008759  ltoa                           
20005ff7  main                           
20007ff1  malloc                         
200090b9  memccpy                        
20008fad  memchr                         
20007a8d  memcpy                         
20007f7d  memset                         
20008bf5  minit                          
2001dd68  parmbuf                        
2000835d  printf                         
20007c55  putc                           
20008dbd  remove                         
20007719  scalbn                         
20007719  scalbnl                        
20004df7  setCursor                      
20004e2f  setTextColor                   
20004e0f  setTextSize                    
20004e47  setTextWrap                    
20007565  setvbuf                        
200091e1  strchr                         
2000919d  strcmp                         
20009235  strcpy                         
20009249  strlen                         
20008c63  strncpy                        
2001df38  textbgcolor                    
2001df34  textcolor                      
2001df30  textsize                       
20008dbd  unlink                         
2000926f  wcslen                         
20004e5b  width                          
2001df3c  wrap                           
20008edd  write                          
2000609d  writeCommand                   
200060e1  writeData                      


GLOBAL SYMBOLS: SORTED BY Symbol Address 

address   name                           
-------   ----                           
00000800  __STACK_SIZE                   
00000800  __SYSMEM_SIZE                  
20004000  g_pfnVectors                   
20004401  drawCircle                     
20004535  drawCircleHelper               
20004653  fillCircle                     
2000468d  fillCircleHelper               
2000477b  drawLine                       
20004867  drawRect                       
200048b5  drawRoundRect                  
200049a3  fillRoundRect                  
20004a1d  drawTriangle                   
20004a5f  fillTriangle                   
20004c5f  drawChar                       
20004dab  Outstr                         
20004df7  setCursor                      
20004e0f  setTextSize                    
20004e2f  setTextColor                   
20004e47  setTextWrap                    
20004e5b  width                          
20004e5f  height                         
20004e81  __TI_printfi                   
20005ff7  main                           
2000609d  writeCommand                   
200060e1  writeData                      
20006125  Adafruit_Init                  
2000625d  goTo                           
200062a1  Color565                       
200062e3  fillScreen                     
200062f9  fillRect                       
200063ad  drawFastVLine                  
20006449  drawFastHLine                  
200064fd  drawPixel                      
2000653b  invert                         
20006557  _nop                           
2000698d  __aeabi_dsub                   
20006997  __aeabi_dadd                   
20006b43  __aeabi_idiv0                  
20006b43  __aeabi_ldiv0                  
20006bc5  Timer_IF_Init                  
20006bf7  Timer_IF_IntSetup              
20006c43  Timer_IF_InterruptClear        
20006c5b  Timer_IF_Start                 
20006c7b  Timer_IF_Stop                  
20006c8b  Timer_IF_DeInit                
20006ca5  Timer_IF_ReLoad                
20006cbd  Timer_IF_GetCount              
20006cdd  PRCMCC3200MCUInit              
20006e55  PinMuxConfig                   
200070fd  __aeabi_ddiv                   
20007355  fputs                          
20007469  __aeabi_dmul                   
20007565  setvbuf                        
20007641  free                           
20007719  ldexp                          
20007719  ldexpl                         
20007719  scalbn                         
20007719  scalbnl                        
2000789d  IntDisable                     
20007945  IntEnable                      
200079ed  SPIConfigSetExpClk             
20007a8d  __aeabi_memcpy                 
20007a8d  __aeabi_memcpy4                
20007a8d  __aeabi_memcpy8                
20007a8d  memcpy                         
20007b29  __aeabi_uldivmod               
20007bc1  PRCMPeripheralClockGet         
20007c55  fputc                          
20007c55  putc                           
20007ce1  PinConfigSet                   
20007d69  __aeabi_cdcmpeq                
20007d69  __aeabi_cdcmple                
20007def  __aeabi_cdrcmple               
20007e75  GPIOIntTypeSet                 
20007ef9  fflush                         
20007f75  __aeabi_memclr                 
20007f75  __aeabi_memclr4                
20007f75  __aeabi_memclr8                
20007f77  __aeabi_memset                 
20007f77  __aeabi_memset4                
20007f77  __aeabi_memset8                
20007f7d  memset                         
20007ff1  malloc                         
20008069  __TI_closefile                 
200080dd  TimerIntRegister               
200081bd  HOSTlseek                      
20008225  HOSTrename                     
2000828d  TimerIntUnregister             
200082f5  __TI_decompress_lzss           
2000835d  printf                         
200083c5  fseek                          
20008429  __TI_wrt_ok                    
2000848d  HOSTopen                       
200084ed  close                          
20008549  frexp                          
20008549  frexpl                         
200085a5  HOSTread                       
200085fd  HOSTwrite                      
20008655  PRCMPeripheralReset            
20008705  IntPrioritySet                 
20008759  ltoa                           
200087ff  __TI_doflush                   
2000884d  atoi                           
200088e1  exit                           
20008929  __aeabi_d2iz                   
20008971  HOSTclose                      
200089b5  HOSTunlink                     
200089f9  TimerConfigure                 
20008a3d  __TI_auto_init_nobinit_nopinit 
20008a81  getdevice                      
20008ac5  PinModeSet                     
20008b45  PRCMPeripheralClkEnable        
20008bbd  __TI_writemsg                  
20008beb  C$$IO$$                        
20008bf5  minit                          
20008c2d  GPIODirModeSet                 
20008c63  strncpy                        
20008c99  __TI_cleanup                   
20008ccd  __TI_readmsg                   
20008d01  PinTypeGPIO                    
20008d31  finddevice                     
20008d61  __aeabi_i2d                    
20008d91  PRCMSysResetCauseGet           
20008dbd  remove                         
20008dbd  unlink                         
20008de9  TimerLoadSet                   
20008e13  TimerPrescaleSet               
20008e3d  PRCMPeripheralClkDisable       
20008e65  _c_int00_noargs                
20008e8d  lseek                          
20008edd  write                          
20008f05  IntUnregister                  
20008f29  SPIReset                       
20008f4b  GPIOPinWrite                   
20008f6d  IntRegister                    
20008f8d  SPIDataGet                     
20008fad  memchr                         
20008fcd  GPIOIntRegister                
20008feb  SPIDataPut                     
20009009  TimerDisable                   
20009027  TimerEnable                    
20009045  TimerIntStatus                 
20009063  UARTCharPut                    
20009081  TimerValueGet                  
2000909d  _abort_msg                     
200090b9  memccpy                        
200090d5  GPIOIntDisable                 
200090ef  GPIOIntEnable                  
20009109  PinTypeSPI                     
20009123  PinTypeUART                    
2000913d  SPICSEnable                    
20009155  SPIEnable                      
2000916d  TimerIntDisable                
20009185  TimerIntEnable                 
2000919d  strcmp                         
200091b5  PRCMHIBRegRead                 
200091cb  PRCMHIBRegWrite                
200091e1  strchr                         
200091f7  CPUcpsie                       
2000920b  GPIOIntClear                   
20009221  IntVTableBaseSet               
20009235  strcpy                         
20009249  strlen                         
2000925d  TimerIntClear                  
2000926f  wcslen                         
20009281  __TI_decompress_none           
2000928f  ResetISR                       
2000929d  __TI_zero_init                 
200092a9  IntMasterEnable                
200092b5  __aeabi_errno_addr             
200092bd  copysign                       
200092bd  copysignl                      
200092c5  UtilsDelay                     
200092d3  _system_pre_init               
200092d7  C$$EXIT                        
200092d7  abort                          
200097d7  _ctypes_                       
20009bd8  __TI_static_base__             
20009c68  __TI_Handler_Table_Base        
20009c74  __TI_Handler_Table_Limit       
20009c80  __TI_CINIT_Base                
20009c90  __TI_CINIT_Limit               
2001d000  _sys_memory                    
2001da00  __CIOBUF_                      
2001dcb0  __TI_tmpnams                   
2001dd68  parmbuf                        
2001dd70  _ftable                        
2001de60  _device                        
2001ded8  _stream                        
2001df28  cursor_x                       
2001df2c  cursor_y                       
2001df30  textsize                       
2001df34  textcolor                      
2001df38  textbgcolor                    
2001df3c  wrap                           
2001df40  __TI_ft_end                    
2001df44  __aeabi_stdin                  
2001df48  __aeabi_stdout                 
2001df4c  __aeabi_stderr                 
2001df50  __TI_cleanup_ptr               
2001df54  __TI_dtors_ptr                 
2001df58  __TI_enable_exit_profile_output
2001df68  _lock                          
2001df6c  _unlock                        
2001df80  errno                          
2003f800  __stack                        
20040000  __STACK_END                    
ffffffff  __TI_pprof_out_hndl            
ffffffff  __TI_prof_data_size            
ffffffff  __TI_prof_data_start           
ffffffff  __binit__                      
ffffffff  __c_args__                     
ffffffff  binit                          
UNDEFED   __mpu_init                     
UNDEFED   _system_post_cinit             

[215 symbols]
