<?xml version="1.0" encoding="ISO-8859-1" ?>
<link_info>
   <banner>TI ARM Linker PC v18.1.1.LTS</banner>
   <copyright>Copyright (c) 1996-2017 Texas Instruments Incorporated</copyright>
   <link_time>0x5b05d44e</link_time>
   <link_errors>0x0</link_errors>
   <output_file>int_sw.out</output_file>
   <entry_point>
      <name>_c_int00_noargs</name>
      <address>0x20008e65</address>
   </entry_point>
   <input_file_list>
      <input_file id="fl-2">
         <path>.\</path>
         <kind>object</kind>
         <file>Adafruit_GFX.obj</file>
         <name>Adafruit_GFX.obj</name>
      </input_file>
      <input_file id="fl-3">
         <path>.\</path>
         <kind>object</kind>
         <file>Adafruit_OLED.obj</file>
         <name>Adafruit_OLED.obj</name>
      </input_file>
      <input_file id="fl-4">
         <path>.\</path>
         <kind>object</kind>
         <file>main.obj</file>
         <name>main.obj</name>
      </input_file>
      <input_file id="fl-5">
         <path>.\</path>
         <kind>object</kind>
         <file>pin_mux_config.obj</file>
         <name>pin_mux_config.obj</name>
      </input_file>
      <input_file id="fl-6">
         <path>.\</path>
         <kind>object</kind>
         <file>startup_ccs.obj</file>
         <name>startup_ccs.obj</name>
      </input_file>
      <input_file id="fl-7">
         <path>.\</path>
         <kind>object</kind>
         <file>timer_if.obj</file>
         <name>timer_if.obj</name>
      </input_file>
      <input_file id="fl-8">
         <path>.\</path>
         <kind>object</kind>
         <file>uart_if.obj</file>
         <name>uart_if.obj</name>
      </input_file>
      <input_file id="fl-d">
         <kind>object</kind>
         <file>&lt;internal&gt;</file>
         <name>&lt;internal&gt;</name>
      </input_file>
      <input_file id="fl-c3">
         <path>C:\ti\ccsv8\tools\compiler\ti-cgt-arm_18.1.1.LTS\lib\</path>
         <kind>archive</kind>
         <file>rtsv7M4_T_le_eabi.lib</file>
         <name>copy_zero_init.c.obj</name>
      </input_file>
      <input_file id="fl-c4">
         <path>C:\ti\ccsv8\tools\compiler\ti-cgt-arm_18.1.1.LTS\lib\</path>
         <kind>archive</kind>
         <file>rtsv7M4_T_le_eabi.lib</file>
         <name>copy_decompress_none.c.obj</name>
      </input_file>
      <input_file id="fl-c5">
         <path>C:\ti\ccsv8\tools\compiler\ti-cgt-arm_18.1.1.LTS\lib\</path>
         <kind>archive</kind>
         <file>rtsv7M4_T_le_eabi.lib</file>
         <name>copy_decompress_lzss.c.obj</name>
      </input_file>
      <input_file id="fl-c6">
         <path>C:\ti\ccsv8\tools\compiler\ti-cgt-arm_18.1.1.LTS\lib\</path>
         <kind>archive</kind>
         <file>rtsv7M4_T_le_eabi.lib</file>
         <name>boot_cortex_m.c.obj</name>
      </input_file>
      <input_file id="fl-c7">
         <path>C:\ti\ccsv8\tools\compiler\ti-cgt-arm_18.1.1.LTS\lib\</path>
         <kind>archive</kind>
         <file>rtsv7M4_T_le_eabi.lib</file>
         <name>exit.c.obj</name>
      </input_file>
      <input_file id="fl-c8">
         <path>C:\ti\ccsv8\tools\compiler\ti-cgt-arm_18.1.1.LTS\lib\</path>
         <kind>archive</kind>
         <file>rtsv7M4_T_le_eabi.lib</file>
         <name>memory.c.obj</name>
      </input_file>
      <input_file id="fl-c9">
         <path>C:\ti\ccsv8\tools\compiler\ti-cgt-arm_18.1.1.LTS\lib\</path>
         <kind>archive</kind>
         <file>rtsv7M4_T_le_eabi.lib</file>
         <name>_lock.c.obj</name>
      </input_file>
      <input_file id="fl-ca">
         <path>C:\ti\ccsv8\tools\compiler\ti-cgt-arm_18.1.1.LTS\lib\</path>
         <kind>archive</kind>
         <file>rtsv7M4_T_le_eabi.lib</file>
         <name>args_main.c.obj</name>
      </input_file>
      <input_file id="fl-cb">
         <path>C:\ti\ccsv8\tools\compiler\ti-cgt-arm_18.1.1.LTS\lib\</path>
         <kind>archive</kind>
         <file>rtsv7M4_T_le_eabi.lib</file>
         <name>assert.c.obj</name>
      </input_file>
      <input_file id="fl-cc">
         <path>C:\ti\ccsv8\tools\compiler\ti-cgt-arm_18.1.1.LTS\lib\</path>
         <kind>archive</kind>
         <file>rtsv7M4_T_le_eabi.lib</file>
         <name>defs.c.obj</name>
      </input_file>
      <input_file id="fl-cd">
         <path>C:\ti\ccsv8\tools\compiler\ti-cgt-arm_18.1.1.LTS\lib\</path>
         <kind>archive</kind>
         <file>rtsv7M4_T_le_eabi.lib</file>
         <name>fflush.c.obj</name>
      </input_file>
      <input_file id="fl-ce">
         <path>C:\ti\ccsv8\tools\compiler\ti-cgt-arm_18.1.1.LTS\lib\</path>
         <kind>archive</kind>
         <file>rtsv7M4_T_le_eabi.lib</file>
         <name>fputs.c.obj</name>
      </input_file>
      <input_file id="fl-cf">
         <path>C:\ti\ccsv8\tools\compiler\ti-cgt-arm_18.1.1.LTS\lib\</path>
         <kind>archive</kind>
         <file>rtsv7M4_T_le_eabi.lib</file>
         <name>memchr.c.obj</name>
      </input_file>
      <input_file id="fl-d0">
         <path>C:\ti\ccsv8\tools\compiler\ti-cgt-arm_18.1.1.LTS\lib\</path>
         <kind>archive</kind>
         <file>rtsv7M4_T_le_eabi.lib</file>
         <name>memmov.c.obj</name>
      </input_file>
      <input_file id="fl-d1">
         <path>C:\ti\ccsv8\tools\compiler\ti-cgt-arm_18.1.1.LTS\lib\</path>
         <kind>archive</kind>
         <file>rtsv7M4_T_le_eabi.lib</file>
         <name>printf.c.obj</name>
      </input_file>
      <input_file id="fl-d2">
         <path>C:\ti\ccsv8\tools\compiler\ti-cgt-arm_18.1.1.LTS\lib\</path>
         <kind>archive</kind>
         <file>rtsv7M4_T_le_eabi.lib</file>
         <name>strlen.c.obj</name>
      </input_file>
      <input_file id="fl-d3">
         <path>C:\ti\ccsv8\tools\compiler\ti-cgt-arm_18.1.1.LTS\lib\</path>
         <kind>archive</kind>
         <file>rtsv7M4_T_le_eabi.lib</file>
         <name>vsnprintf.c.obj</name>
      </input_file>
      <input_file id="fl-d4">
         <path>C:\ti\ccsv8\tools\compiler\ti-cgt-arm_18.1.1.LTS\lib\</path>
         <kind>archive</kind>
         <file>rtsv7M4_T_le_eabi.lib</file>
         <name>write.c.obj</name>
      </input_file>
      <input_file id="fl-d5">
         <path>C:\ti\ccsv8\tools\compiler\ti-cgt-arm_18.1.1.LTS\lib\</path>
         <kind>archive</kind>
         <file>rtsv7M4_T_le_eabi.lib</file>
         <name>memcpy_t2.asm.obj</name>
      </input_file>
      <input_file id="fl-d6">
         <path>C:\ti\ccsv8\tools\compiler\ti-cgt-arm_18.1.1.LTS\lib\</path>
         <kind>archive</kind>
         <file>rtsv7M4_T_le_eabi.lib</file>
         <name>memset_t2.asm.obj</name>
      </input_file>
      <input_file id="fl-d7">
         <path>C:\ti\ccsv8\tools\compiler\ti-cgt-arm_18.1.1.LTS\lib\</path>
         <kind>archive</kind>
         <file>rtsv7M4_T_le_eabi.lib</file>
         <name>autoinit.c.obj</name>
      </input_file>
      <input_file id="fl-d8">
         <path>C:\ti\ccsv8\tools\compiler\ti-cgt-arm_18.1.1.LTS\lib\</path>
         <kind>archive</kind>
         <file>rtsv7M4_T_le_eabi.lib</file>
         <name>pre_init.c.obj</name>
      </input_file>
      <input_file id="fl-d9">
         <path>C:\ti\ccsv8\tools\compiler\ti-cgt-arm_18.1.1.LTS\lib\</path>
         <kind>archive</kind>
         <file>rtsv7M4_T_le_eabi.lib</file>
         <name>cpy_tbl.c.obj</name>
      </input_file>
      <input_file id="fl-da">
         <path>C:\ti\ccsv8\tools\compiler\ti-cgt-arm_18.1.1.LTS\lib\</path>
         <kind>archive</kind>
         <file>rtsv7M4_T_le_eabi.lib</file>
         <name>_io_perm.c.obj</name>
      </input_file>
      <input_file id="fl-db">
         <path>C:\ti\ccsv8\tools\compiler\ti-cgt-arm_18.1.1.LTS\lib\</path>
         <kind>archive</kind>
         <file>rtsv7M4_T_le_eabi.lib</file>
         <name>_printfi.c.obj</name>
      </input_file>
      <input_file id="fl-dc">
         <path>C:\ti\ccsv8\tools\compiler\ti-cgt-arm_18.1.1.LTS\lib\</path>
         <kind>archive</kind>
         <file>rtsv7M4_T_le_eabi.lib</file>
         <name>atoi.c.obj</name>
      </input_file>
      <input_file id="fl-dd">
         <path>C:\ti\ccsv8\tools\compiler\ti-cgt-arm_18.1.1.LTS\lib\</path>
         <kind>archive</kind>
         <file>rtsv7M4_T_le_eabi.lib</file>
         <name>ctype.c.obj</name>
      </input_file>
      <input_file id="fl-de">
         <path>C:\ti\ccsv8\tools\compiler\ti-cgt-arm_18.1.1.LTS\lib\</path>
         <kind>archive</kind>
         <file>rtsv7M4_T_le_eabi.lib</file>
         <name>fputc.c.obj</name>
      </input_file>
      <input_file id="fl-df">
         <path>C:\ti\ccsv8\tools\compiler\ti-cgt-arm_18.1.1.LTS\lib\</path>
         <kind>archive</kind>
         <file>rtsv7M4_T_le_eabi.lib</file>
         <name>fseek.c.obj</name>
      </input_file>
      <input_file id="fl-e0">
         <path>C:\ti\ccsv8\tools\compiler\ti-cgt-arm_18.1.1.LTS\lib\</path>
         <kind>archive</kind>
         <file>rtsv7M4_T_le_eabi.lib</file>
         <name>lseek.c.obj</name>
      </input_file>
      <input_file id="fl-e1">
         <path>C:\ti\ccsv8\tools\compiler\ti-cgt-arm_18.1.1.LTS\lib\</path>
         <kind>archive</kind>
         <file>rtsv7M4_T_le_eabi.lib</file>
         <name>ltoa.c.obj</name>
      </input_file>
      <input_file id="fl-e2">
         <path>C:\ti\ccsv8\tools\compiler\ti-cgt-arm_18.1.1.LTS\lib\</path>
         <kind>archive</kind>
         <file>rtsv7M4_T_le_eabi.lib</file>
         <name>memccpy.c.obj</name>
      </input_file>
      <input_file id="fl-e3">
         <path>C:\ti\ccsv8\tools\compiler\ti-cgt-arm_18.1.1.LTS\lib\</path>
         <kind>archive</kind>
         <file>rtsv7M4_T_le_eabi.lib</file>
         <name>setvbuf.c.obj</name>
      </input_file>
      <input_file id="fl-e4">
         <path>C:\ti\ccsv8\tools\compiler\ti-cgt-arm_18.1.1.LTS\lib\</path>
         <kind>archive</kind>
         <file>rtsv7M4_T_le_eabi.lib</file>
         <name>strchr.c.obj</name>
      </input_file>
      <input_file id="fl-e5">
         <path>C:\ti\ccsv8\tools\compiler\ti-cgt-arm_18.1.1.LTS\lib\</path>
         <kind>archive</kind>
         <file>rtsv7M4_T_le_eabi.lib</file>
         <name>hostclose.c.obj</name>
      </input_file>
      <input_file id="fl-e6">
         <path>C:\ti\ccsv8\tools\compiler\ti-cgt-arm_18.1.1.LTS\lib\</path>
         <kind>archive</kind>
         <file>rtsv7M4_T_le_eabi.lib</file>
         <name>hostlseek.c.obj</name>
      </input_file>
      <input_file id="fl-e7">
         <path>C:\ti\ccsv8\tools\compiler\ti-cgt-arm_18.1.1.LTS\lib\</path>
         <kind>archive</kind>
         <file>rtsv7M4_T_le_eabi.lib</file>
         <name>hostopen.c.obj</name>
      </input_file>
      <input_file id="fl-e8">
         <path>C:\ti\ccsv8\tools\compiler\ti-cgt-arm_18.1.1.LTS\lib\</path>
         <kind>archive</kind>
         <file>rtsv7M4_T_le_eabi.lib</file>
         <name>hostread.c.obj</name>
      </input_file>
      <input_file id="fl-e9">
         <path>C:\ti\ccsv8\tools\compiler\ti-cgt-arm_18.1.1.LTS\lib\</path>
         <kind>archive</kind>
         <file>rtsv7M4_T_le_eabi.lib</file>
         <name>hostrename.c.obj</name>
      </input_file>
      <input_file id="fl-ea">
         <path>C:\ti\ccsv8\tools\compiler\ti-cgt-arm_18.1.1.LTS\lib\</path>
         <kind>archive</kind>
         <file>rtsv7M4_T_le_eabi.lib</file>
         <name>hostunlink.c.obj</name>
      </input_file>
      <input_file id="fl-eb">
         <path>C:\ti\ccsv8\tools\compiler\ti-cgt-arm_18.1.1.LTS\lib\</path>
         <kind>archive</kind>
         <file>rtsv7M4_T_le_eabi.lib</file>
         <name>hostwrite.c.obj</name>
      </input_file>
      <input_file id="fl-ec">
         <path>C:\ti\ccsv8\tools\compiler\ti-cgt-arm_18.1.1.LTS\lib\</path>
         <kind>archive</kind>
         <file>rtsv7M4_T_le_eabi.lib</file>
         <name>trgmsg.c.obj</name>
      </input_file>
      <input_file id="fl-ed">
         <path>C:\ti\ccsv8\tools\compiler\ti-cgt-arm_18.1.1.LTS\lib\</path>
         <kind>archive</kind>
         <file>rtsv7M4_T_le_eabi.lib</file>
         <name>s_frexp.c.obj</name>
      </input_file>
      <input_file id="fl-ee">
         <path>C:\ti\ccsv8\tools\compiler\ti-cgt-arm_18.1.1.LTS\lib\</path>
         <kind>archive</kind>
         <file>rtsv7M4_T_le_eabi.lib</file>
         <name>s_scalbn.c.obj</name>
      </input_file>
      <input_file id="fl-ef">
         <path>C:\ti\ccsv8\tools\compiler\ti-cgt-arm_18.1.1.LTS\lib\</path>
         <kind>archive</kind>
         <file>rtsv7M4_T_le_eabi.lib</file>
         <name>s_copysign.c.obj</name>
      </input_file>
      <input_file id="fl-f0">
         <path>C:\ti\ccsv8\tools\compiler\ti-cgt-arm_18.1.1.LTS\lib\</path>
         <kind>archive</kind>
         <file>rtsv7M4_T_le_eabi.lib</file>
         <name>wcslen.c.obj</name>
      </input_file>
      <input_file id="fl-f1">
         <path>C:\ti\ccsv8\tools\compiler\ti-cgt-arm_18.1.1.LTS\lib\</path>
         <kind>archive</kind>
         <file>rtsv7M4_T_le_eabi.lib</file>
         <name>fd_add_t2.asm.obj</name>
      </input_file>
      <input_file id="fl-f2">
         <path>C:\ti\ccsv8\tools\compiler\ti-cgt-arm_18.1.1.LTS\lib\</path>
         <kind>archive</kind>
         <file>rtsv7M4_T_le_eabi.lib</file>
         <name>fd_cmp_t2.asm.obj</name>
      </input_file>
      <input_file id="fl-f3">
         <path>C:\ti\ccsv8\tools\compiler\ti-cgt-arm_18.1.1.LTS\lib\</path>
         <kind>archive</kind>
         <file>rtsv7M4_T_le_eabi.lib</file>
         <name>fd_div_t2.asm.obj</name>
      </input_file>
      <input_file id="fl-f4">
         <path>C:\ti\ccsv8\tools\compiler\ti-cgt-arm_18.1.1.LTS\lib\</path>
         <kind>archive</kind>
         <file>rtsv7M4_T_le_eabi.lib</file>
         <name>fd_mul_t2.asm.obj</name>
      </input_file>
      <input_file id="fl-f5">
         <path>C:\ti\ccsv8\tools\compiler\ti-cgt-arm_18.1.1.LTS\lib\</path>
         <kind>archive</kind>
         <file>rtsv7M4_T_le_eabi.lib</file>
         <name>fd_toi_t2.asm.obj</name>
      </input_file>
      <input_file id="fl-f6">
         <path>C:\ti\ccsv8\tools\compiler\ti-cgt-arm_18.1.1.LTS\lib\</path>
         <kind>archive</kind>
         <file>rtsv7M4_T_le_eabi.lib</file>
         <name>i_tofd_t2.asm.obj</name>
      </input_file>
      <input_file id="fl-f7">
         <path>C:\ti\ccsv8\tools\compiler\ti-cgt-arm_18.1.1.LTS\lib\</path>
         <kind>archive</kind>
         <file>rtsv7M4_T_le_eabi.lib</file>
         <name>ull_div_t2.asm.obj</name>
      </input_file>
      <input_file id="fl-f8">
         <path>C:\ti\ccsv8\tools\compiler\ti-cgt-arm_18.1.1.LTS\lib\</path>
         <kind>archive</kind>
         <file>rtsv7M4_T_le_eabi.lib</file>
         <name>errno.c.obj</name>
      </input_file>
      <input_file id="fl-f9">
         <path>C:\ti\ccsv8\tools\compiler\ti-cgt-arm_18.1.1.LTS\lib\</path>
         <kind>archive</kind>
         <file>rtsv7M4_T_le_eabi.lib</file>
         <name>fopen.c.obj</name>
      </input_file>
      <input_file id="fl-fa">
         <path>C:\ti\ccsv8\tools\compiler\ti-cgt-arm_18.1.1.LTS\lib\</path>
         <kind>archive</kind>
         <file>rtsv7M4_T_le_eabi.lib</file>
         <name>open.c.obj</name>
      </input_file>
      <input_file id="fl-fb">
         <path>C:\ti\ccsv8\tools\compiler\ti-cgt-arm_18.1.1.LTS\lib\</path>
         <kind>archive</kind>
         <file>rtsv7M4_T_le_eabi.lib</file>
         <name>strcpy.c.obj</name>
      </input_file>
      <input_file id="fl-fc">
         <path>C:\ti\ccsv8\tools\compiler\ti-cgt-arm_18.1.1.LTS\lib\</path>
         <kind>archive</kind>
         <file>rtsv7M4_T_le_eabi.lib</file>
         <name>div0.asm.obj</name>
      </input_file>
      <input_file id="fl-fd">
         <path>C:\ti\ccsv8\tools\compiler\ti-cgt-arm_18.1.1.LTS\lib\</path>
         <kind>archive</kind>
         <file>rtsv7M4_T_le_eabi.lib</file>
         <name>fclose.c.obj</name>
      </input_file>
      <input_file id="fl-fe">
         <path>C:\ti\ccsv8\tools\compiler\ti-cgt-arm_18.1.1.LTS\lib\</path>
         <kind>archive</kind>
         <file>rtsv7M4_T_le_eabi.lib</file>
         <name>getdevice.c.obj</name>
      </input_file>
      <input_file id="fl-ff">
         <path>C:\ti\ccsv8\tools\compiler\ti-cgt-arm_18.1.1.LTS\lib\</path>
         <kind>archive</kind>
         <file>rtsv7M4_T_le_eabi.lib</file>
         <name>remove.c.obj</name>
      </input_file>
      <input_file id="fl-100">
         <path>C:\ti\ccsv8\tools\compiler\ti-cgt-arm_18.1.1.LTS\lib\</path>
         <kind>archive</kind>
         <file>rtsv7M4_T_le_eabi.lib</file>
         <name>strcmp.c.obj</name>
      </input_file>
      <input_file id="fl-101">
         <path>C:\ti\ccsv8\tools\compiler\ti-cgt-arm_18.1.1.LTS\lib\</path>
         <kind>archive</kind>
         <file>rtsv7M4_T_le_eabi.lib</file>
         <name>strncpy.c.obj</name>
      </input_file>
      <input_file id="fl-102">
         <path>C:\ti\ccsv8\tools\compiler\ti-cgt-arm_18.1.1.LTS\lib\</path>
         <kind>archive</kind>
         <file>rtsv7M4_T_le_eabi.lib</file>
         <name>unlink.c.obj</name>
      </input_file>
      <input_file id="fl-103">
         <path>C:\ti\ccsv8\tools\compiler\ti-cgt-arm_18.1.1.LTS\lib\</path>
         <kind>archive</kind>
         <file>rtsv7M4_T_le_eabi.lib</file>
         <name>close.c.obj</name>
      </input_file>
      <input_file id="fl-104">
         <path>C:\ti\CC3200SDK_1.3.0\cc3200-sdk\driverlib\ccs\Release\</path>
         <kind>archive</kind>
         <file>driverlib.a</file>
         <name>gpio.obj</name>
      </input_file>
      <input_file id="fl-105">
         <path>C:\ti\CC3200SDK_1.3.0\cc3200-sdk\driverlib\ccs\Release\</path>
         <kind>archive</kind>
         <file>driverlib.a</file>
         <name>interrupt.obj</name>
      </input_file>
      <input_file id="fl-106">
         <path>C:\ti\CC3200SDK_1.3.0\cc3200-sdk\driverlib\ccs\Release\</path>
         <kind>archive</kind>
         <file>driverlib.a</file>
         <name>pin.obj</name>
      </input_file>
      <input_file id="fl-107">
         <path>C:\ti\CC3200SDK_1.3.0\cc3200-sdk\driverlib\ccs\Release\</path>
         <kind>archive</kind>
         <file>driverlib.a</file>
         <name>prcm.obj</name>
      </input_file>
      <input_file id="fl-108">
         <path>C:\ti\CC3200SDK_1.3.0\cc3200-sdk\driverlib\ccs\Release\</path>
         <kind>archive</kind>
         <file>driverlib.a</file>
         <name>spi.obj</name>
      </input_file>
      <input_file id="fl-109">
         <path>C:\ti\CC3200SDK_1.3.0\cc3200-sdk\driverlib\ccs\Release\</path>
         <kind>archive</kind>
         <file>driverlib.a</file>
         <name>timer.obj</name>
      </input_file>
      <input_file id="fl-10a">
         <path>C:\ti\CC3200SDK_1.3.0\cc3200-sdk\driverlib\ccs\Release\</path>
         <kind>archive</kind>
         <file>driverlib.a</file>
         <name>uart.obj</name>
      </input_file>
      <input_file id="fl-10b">
         <path>C:\ti\CC3200SDK_1.3.0\cc3200-sdk\driverlib\ccs\Release\</path>
         <kind>archive</kind>
         <file>driverlib.a</file>
         <name>utils.obj</name>
      </input_file>
      <input_file id="fl-10c">
         <path>C:\ti\CC3200SDK_1.3.0\cc3200-sdk\driverlib\ccs\Release\</path>
         <kind>archive</kind>
         <file>driverlib.a</file>
         <name>cpu.obj</name>
      </input_file>
      <input_file id="fl-10d">
         <path>C:\ti\CC3200SDK_1.3.0\cc3200-sdk\driverlib\ccs\Release\</path>
         <kind>archive</kind>
         <file>driverlib.a</file>
         <name>flash.obj</name>
      </input_file>
   </input_file_list>
   <object_component_list>
      <object_component id="oc-f">
         <name>.intvecs</name>
         <load_address>0x20004000</load_address>
         <run_address>0x20004000</run_address>
         <size>0x400</size>
         <input_file_ref idref="fl-6"/>
      </object_component>
      <object_component id="oc-104">
         <name>.text</name>
         <load_address>0x20004400</load_address>
         <run_address>0x20004400</run_address>
         <size>0xa80</size>
         <input_file_ref idref="fl-2"/>
      </object_component>
      <object_component id="oc-2d2">
         <name>.text:__TI_printfi</name>
         <load_address>0x20004e80</load_address>
         <run_address>0x20004e80</run_address>
         <size>0xa4a</size>
         <input_file_ref idref="fl-db"/>
      </object_component>
      <object_component id="oc-3db">
         <name>.text:IntDefaultHandler</name>
         <load_address>0x200058ca</load_address>
         <run_address>0x200058ca</run_address>
         <size>0x2</size>
         <input_file_ref idref="fl-105"/>
      </object_component>
      <object_component id="oc-94">
         <name>.text</name>
         <load_address>0x200058cc</load_address>
         <run_address>0x200058cc</run_address>
         <size>0x7d0</size>
         <input_file_ref idref="fl-4"/>
      </object_component>
      <object_component id="oc-fe">
         <name>.text</name>
         <load_address>0x2000609c</load_address>
         <run_address>0x2000609c</run_address>
         <size>0x4ba</size>
         <input_file_ref idref="fl-3"/>
      </object_component>
      <object_component id="oc-35d">
         <name>.text:_nop</name>
         <load_address>0x20006556</load_address>
         <run_address>0x20006556</run_address>
         <size>0x2</size>
         <input_file_ref idref="fl-c9"/>
      </object_component>
      <object_component id="oc-3a3">
         <name>.text:_pconv_a</name>
         <load_address>0x20006558</load_address>
         <run_address>0x20006558</run_address>
         <size>0x268</size>
         <input_file_ref idref="fl-db"/>
      </object_component>
      <object_component id="oc-391">
         <name>.text:_pconv_g</name>
         <load_address>0x200067c0</load_address>
         <run_address>0x200067c0</run_address>
         <size>0x1cc</size>
         <input_file_ref idref="fl-db"/>
      </object_component>
      <object_component id="oc-43e">
         <name>.text</name>
         <load_address>0x2000698c</load_address>
         <run_address>0x2000698c</run_address>
         <size>0x1b6</size>
         <input_file_ref idref="fl-f1"/>
      </object_component>
      <object_component id="oc-4d0">
         <name>.text</name>
         <load_address>0x20006b42</load_address>
         <run_address>0x20006b42</run_address>
         <size>0x2</size>
         <input_file_ref idref="fl-fc"/>
      </object_component>
      <object_component id="oc-122">
         <name>.text</name>
         <load_address>0x20006b44</load_address>
         <run_address>0x20006b44</run_address>
         <size>0x198</size>
         <input_file_ref idref="fl-7"/>
      </object_component>
      <object_component id="oc-d4">
         <name>.text:PRCMCC3200MCUInit</name>
         <load_address>0x20006cdc</load_address>
         <run_address>0x20006cdc</run_address>
         <size>0x178</size>
         <input_file_ref idref="fl-107"/>
      </object_component>
      <object_component id="oc-155">
         <name>.text</name>
         <load_address>0x20006e54</load_address>
         <run_address>0x20006e54</run_address>
         <size>0x16c</size>
         <input_file_ref idref="fl-5"/>
      </object_component>
      <object_component id="oc-39d">
         <name>.text:_pconv_e</name>
         <load_address>0x20006fc0</load_address>
         <run_address>0x20006fc0</run_address>
         <size>0x13c</size>
         <input_file_ref idref="fl-db"/>
      </object_component>
      <object_component id="oc-424">
         <name>.text</name>
         <load_address>0x200070fc</load_address>
         <run_address>0x200070fc</run_address>
         <size>0x136</size>
         <input_file_ref idref="fl-f3"/>
      </object_component>
      <object_component id="oc-450">
         <name>.text:fcvt</name>
         <load_address>0x20007234</load_address>
         <run_address>0x20007234</run_address>
         <size>0x120</size>
         <input_file_ref idref="fl-db"/>
      </object_component>
      <object_component id="oc-254">
         <name>.text:fputs</name>
         <load_address>0x20007354</load_address>
         <run_address>0x20007354</run_address>
         <size>0x114</size>
         <input_file_ref idref="fl-ce"/>
      </object_component>
      <object_component id="oc-41f">
         <name>.text</name>
         <load_address>0x20007468</load_address>
         <run_address>0x20007468</run_address>
         <size>0xfc</size>
         <input_file_ref idref="fl-f4"/>
      </object_component>
      <object_component id="oc-3e8">
         <name>.text:setvbuf</name>
         <load_address>0x20007564</load_address>
         <run_address>0x20007564</run_address>
         <size>0xdc</size>
         <input_file_ref idref="fl-e3"/>
      </object_component>
      <object_component id="oc-49b">
         <name>.text:free</name>
         <load_address>0x20007640</load_address>
         <run_address>0x20007640</run_address>
         <size>0xd8</size>
         <input_file_ref idref="fl-c8"/>
      </object_component>
      <object_component id="oc-464">
         <name>.text:scalbn</name>
         <load_address>0x20007718</load_address>
         <run_address>0x20007718</run_address>
         <size>0xd0</size>
         <input_file_ref idref="fl-ee"/>
      </object_component>
      <object_component id="oc-386">
         <name>.text:_ltostr</name>
         <load_address>0x200077e8</load_address>
         <run_address>0x200077e8</run_address>
         <size>0xb1</size>
         <input_file_ref idref="fl-db"/>
      </object_component>
      <object_component id="oc-30b">
         <name>.text:IntDisable</name>
         <load_address>0x2000789c</load_address>
         <run_address>0x2000789c</run_address>
         <size>0xa8</size>
         <input_file_ref idref="fl-105"/>
      </object_component>
      <object_component id="oc-ce">
         <name>.text:IntEnable</name>
         <load_address>0x20007944</load_address>
         <run_address>0x20007944</run_address>
         <size>0xa8</size>
         <input_file_ref idref="fl-105"/>
      </object_component>
      <object_component id="oc-f2">
         <name>.text:SPIConfigSetExpClk</name>
         <load_address>0x200079ec</load_address>
         <run_address>0x200079ec</run_address>
         <size>0xa0</size>
         <input_file_ref idref="fl-108"/>
      </object_component>
      <object_component id="oc-3a">
         <name>.text</name>
         <load_address>0x20007a8c</load_address>
         <run_address>0x20007a8c</run_address>
         <size>0x9c</size>
         <input_file_ref idref="fl-d5"/>
      </object_component>
      <object_component id="oc-418">
         <name>.text</name>
         <load_address>0x20007b28</load_address>
         <run_address>0x20007b28</run_address>
         <size>0x96</size>
         <input_file_ref idref="fl-f7"/>
      </object_component>
      <object_component id="oc-ec">
         <name>.text:PRCMPeripheralClockGet</name>
         <load_address>0x20007bc0</load_address>
         <run_address>0x20007bc0</run_address>
         <size>0x94</size>
         <input_file_ref idref="fl-107"/>
      </object_component>
      <object_component id="oc-3c8">
         <name>.text:fputc</name>
         <load_address>0x20007c54</load_address>
         <run_address>0x20007c54</run_address>
         <size>0x8c</size>
         <input_file_ref idref="fl-de"/>
      </object_component>
      <object_component id="oc-351">
         <name>.text:PinConfigSet</name>
         <load_address>0x20007ce0</load_address>
         <run_address>0x20007ce0</run_address>
         <size>0x88</size>
         <input_file_ref idref="fl-106"/>
      </object_component>
      <object_component id="oc-38c">
         <name>.text:__aeabi_cdcmple</name>
         <load_address>0x20007d68</load_address>
         <run_address>0x20007d68</run_address>
         <size>0x86</size>
         <input_file_ref idref="fl-f2"/>
      </object_component>
      <object_component id="oc-429">
         <name>.text:__aeabi_cdrcmple</name>
         <load_address>0x20007dee</load_address>
         <run_address>0x20007dee</run_address>
         <size>0x86</size>
         <input_file_ref idref="fl-f2"/>
      </object_component>
      <object_component id="oc-110">
         <name>.text:GPIOIntTypeSet</name>
         <load_address>0x20007e74</load_address>
         <run_address>0x20007e74</run_address>
         <size>0x82</size>
         <input_file_ref idref="fl-104"/>
      </object_component>
      <object_component id="oc-25a">
         <name>.text:fflush</name>
         <load_address>0x20007ef8</load_address>
         <run_address>0x20007ef8</run_address>
         <size>0x7c</size>
         <input_file_ref idref="fl-cd"/>
      </object_component>
      <object_component id="oc-88">
         <name>.text</name>
         <load_address>0x20007f74</load_address>
         <run_address>0x20007f74</run_address>
         <size>0x7a</size>
         <input_file_ref idref="fl-d6"/>
      </object_component>
      <object_component id="oc-4a1">
         <name>.text:malloc</name>
         <load_address>0x20007ff0</load_address>
         <run_address>0x20007ff0</run_address>
         <size>0x78</size>
         <input_file_ref idref="fl-c8"/>
      </object_component>
      <object_component id="oc-522">
         <name>.text:__TI_closefile</name>
         <load_address>0x20008068</load_address>
         <run_address>0x20008068</run_address>
         <size>0x74</size>
         <input_file_ref idref="fl-fd"/>
      </object_component>
      <object_component id="oc-21c">
         <name>.text:TimerIntRegister</name>
         <load_address>0x200080dc</load_address>
         <run_address>0x200080dc</run_address>
         <size>0x70</size>
         <input_file_ref idref="fl-109"/>
      </object_component>
      <object_component id="oc-449">
         <name>.text:_mcpy</name>
         <load_address>0x2000814c</load_address>
         <run_address>0x2000814c</run_address>
         <size>0x6e</size>
         <input_file_ref idref="fl-db"/>
      </object_component>
      <object_component id="oc-543">
         <name>.text:HOSTlseek</name>
         <load_address>0x200081bc</load_address>
         <run_address>0x200081bc</run_address>
         <size>0x68</size>
         <input_file_ref idref="fl-e6"/>
      </object_component>
      <object_component id="oc-54f">
         <name>.text:HOSTrename</name>
         <load_address>0x20008224</load_address>
         <run_address>0x20008224</run_address>
         <size>0x68</size>
         <input_file_ref idref="fl-e9"/>
      </object_component>
      <object_component id="oc-24c">
         <name>.text:TimerIntUnregister</name>
         <load_address>0x2000828c</load_address>
         <run_address>0x2000828c</run_address>
         <size>0x68</size>
         <input_file_ref idref="fl-109"/>
      </object_component>
      <object_component id="oc-12">
         <name>.text:decompress:lzss:__TI_decompress_lzss</name>
         <load_address>0x200082f4</load_address>
         <run_address>0x200082f4</run_address>
         <size>0x68</size>
         <input_file_ref idref="fl-c5"/>
      </object_component>
      <object_component id="oc-1e9">
         <name>.text:printf</name>
         <load_address>0x2000835c</load_address>
         <run_address>0x2000835c</run_address>
         <size>0x68</size>
         <input_file_ref idref="fl-d1"/>
      </object_component>
      <object_component id="oc-3e2">
         <name>.text:fseek</name>
         <load_address>0x200083c4</load_address>
         <run_address>0x200083c4</run_address>
         <size>0x64</size>
         <input_file_ref idref="fl-df"/>
      </object_component>
      <object_component id="oc-31a">
         <name>.text:__TI_wrt_ok</name>
         <load_address>0x20008428</load_address>
         <run_address>0x20008428</run_address>
         <size>0x62</size>
         <input_file_ref idref="fl-da"/>
      </object_component>
      <object_component id="oc-52b">
         <name>.text:HOSTopen</name>
         <load_address>0x2000848c</load_address>
         <run_address>0x2000848c</run_address>
         <size>0x60</size>
         <input_file_ref idref="fl-e7"/>
      </object_component>
      <object_component id="oc-56f">
         <name>.text:close</name>
         <load_address>0x200084ec</load_address>
         <run_address>0x200084ec</run_address>
         <size>0x5c</size>
         <input_file_ref idref="fl-103"/>
      </object_component>
      <object_component id="oc-45e">
         <name>.text:frexp</name>
         <load_address>0x20008548</load_address>
         <run_address>0x20008548</run_address>
         <size>0x5c</size>
         <input_file_ref idref="fl-ed"/>
      </object_component>
      <object_component id="oc-537">
         <name>.text:HOSTread</name>
         <load_address>0x200085a4</load_address>
         <run_address>0x200085a4</run_address>
         <size>0x58</size>
         <input_file_ref idref="fl-e8"/>
      </object_component>
      <object_component id="oc-53d">
         <name>.text:HOSTwrite</name>
         <load_address>0x200085fc</load_address>
         <run_address>0x200085fc</run_address>
         <size>0x58</size>
         <input_file_ref idref="fl-eb"/>
      </object_component>
      <object_component id="oc-e0">
         <name>.text:PRCMPeripheralReset</name>
         <load_address>0x20008654</load_address>
         <run_address>0x20008654</run_address>
         <size>0x58</size>
         <input_file_ref idref="fl-107"/>
      </object_component>
      <object_component id="oc-397">
         <name>.text:_pconv_f</name>
         <load_address>0x200086ac</load_address>
         <run_address>0x200086ac</run_address>
         <size>0x56</size>
         <input_file_ref idref="fl-db"/>
      </object_component>
      <object_component id="oc-216">
         <name>.text:IntPrioritySet</name>
         <load_address>0x20008704</load_address>
         <run_address>0x20008704</run_address>
         <size>0x54</size>
         <input_file_ref idref="fl-105"/>
      </object_component>
      <object_component id="oc-433">
         <name>.text:ltoa</name>
         <load_address>0x20008758</load_address>
         <run_address>0x20008758</run_address>
         <size>0x54</size>
         <input_file_ref idref="fl-e1"/>
      </object_component>
      <object_component id="oc-443">
         <name>.text:_ecpy</name>
         <load_address>0x200087ac</load_address>
         <run_address>0x200087ac</run_address>
         <size>0x52</size>
         <input_file_ref idref="fl-db"/>
      </object_component>
      <object_component id="oc-326">
         <name>.text:__TI_doflush</name>
         <load_address>0x200087fe</load_address>
         <run_address>0x200087fe</run_address>
         <size>0x4c</size>
         <input_file_ref idref="fl-cd"/>
      </object_component>
      <object_component id="oc-380">
         <name>.text:atoi</name>
         <load_address>0x2000884c</load_address>
         <run_address>0x2000884c</run_address>
         <size>0x4c</size>
         <input_file_ref idref="fl-dc"/>
      </object_component>
      <object_component id="oc-1f9">
         <name>.text:GPIOGetIntNumber</name>
         <load_address>0x20008898</load_address>
         <run_address>0x20008898</run_address>
         <size>0x48</size>
         <input_file_ref idref="fl-104"/>
      </object_component>
      <object_component id="oc-165">
         <name>.text:exit</name>
         <load_address>0x200088e0</load_address>
         <run_address>0x200088e0</run_address>
         <size>0x48</size>
         <input_file_ref idref="fl-c7"/>
      </object_component>
      <object_component id="oc-42e">
         <name>.text</name>
         <load_address>0x20008928</load_address>
         <run_address>0x20008928</run_address>
         <size>0x48</size>
         <input_file_ref idref="fl-f5"/>
      </object_component>
      <object_component id="oc-531">
         <name>.text:HOSTclose</name>
         <load_address>0x20008970</load_address>
         <run_address>0x20008970</run_address>
         <size>0x44</size>
         <input_file_ref idref="fl-e5"/>
      </object_component>
      <object_component id="oc-549">
         <name>.text:HOSTunlink</name>
         <load_address>0x200089b4</load_address>
         <run_address>0x200089b4</run_address>
         <size>0x44</size>
         <input_file_ref idref="fl-ea"/>
      </object_component>
      <object_component id="oc-20a">
         <name>.text:TimerConfigure</name>
         <load_address>0x200089f8</load_address>
         <run_address>0x200089f8</run_address>
         <size>0x44</size>
         <input_file_ref idref="fl-109"/>
      </object_component>
      <object_component id="oc-16b">
         <name>.text:__TI_auto_init_nobinit_nopinit:__TI_auto_init_nobinit_nopinit</name>
         <load_address>0x20008a3c</load_address>
         <run_address>0x20008a3c</run_address>
         <size>0x44</size>
         <input_file_ref idref="fl-d7"/>
      </object_component>
      <object_component id="oc-5a2">
         <name>.text:getdevice</name>
         <load_address>0x20008a80</load_address>
         <run_address>0x20008a80</run_address>
         <size>0x44</size>
         <input_file_ref idref="fl-fe"/>
      </object_component>
      <object_component id="oc-27a">
         <name>.text:PinModeSet</name>
         <load_address>0x20008ac4</load_address>
         <run_address>0x20008ac4</run_address>
         <size>0x40</size>
         <input_file_ref idref="fl-106"/>
      </object_component>
      <object_component id="oc-456">
         <name>.text:_fcpy</name>
         <load_address>0x20008b04</load_address>
         <run_address>0x20008b04</run_address>
         <size>0x3e</size>
         <input_file_ref idref="fl-db"/>
      </object_component>
      <object_component id="oc-da">
         <name>.text:PRCMPeripheralClkEnable</name>
         <load_address>0x20008b44</load_address>
         <run_address>0x20008b44</run_address>
         <size>0x3c</size>
         <input_file_ref idref="fl-107"/>
      </object_component>
      <object_component id="oc-517">
         <name>.text:minsert</name>
         <load_address>0x20008b80</load_address>
         <run_address>0x20008b80</run_address>
         <size>0x3c</size>
         <input_file_ref idref="fl-c8"/>
      </object_component>
      <object_component id="oc-57e">
         <name>.text:__TI_writemsg</name>
         <load_address>0x20008bbc</load_address>
         <run_address>0x20008bbc</run_address>
         <size>0x38</size>
         <input_file_ref idref="fl-ec"/>
      </object_component>
      <object_component id="oc-50b">
         <name>.text:minit</name>
         <load_address>0x20008bf4</load_address>
         <run_address>0x20008bf4</run_address>
         <size>0x38</size>
         <input_file_ref idref="fl-c8"/>
      </object_component>
      <object_component id="oc-286">
         <name>.text:GPIODirModeSet</name>
         <load_address>0x20008c2c</load_address>
         <run_address>0x20008c2c</run_address>
         <size>0x36</size>
         <input_file_ref idref="fl-104"/>
      </object_component>
      <object_component id="oc-5c4">
         <name>.text:strncpy</name>
         <load_address>0x20008c62</load_address>
         <run_address>0x20008c62</run_address>
         <size>0x36</size>
         <input_file_ref idref="fl-101"/>
      </object_component>
      <object_component id="oc-4a7">
         <name>.text:__TI_cleanup</name>
         <load_address>0x20008c98</load_address>
         <run_address>0x20008c98</run_address>
         <size>0x34</size>
         <input_file_ref idref="fl-f9"/>
      </object_component>
      <object_component id="oc-584">
         <name>.text:__TI_readmsg</name>
         <load_address>0x20008ccc</load_address>
         <run_address>0x20008ccc</run_address>
         <size>0x34</size>
         <input_file_ref idref="fl-ec"/>
      </object_component>
      <object_component id="oc-280">
         <name>.text:PinTypeGPIO</name>
         <load_address>0x20008d00</load_address>
         <run_address>0x20008d00</run_address>
         <size>0x30</size>
         <input_file_ref idref="fl-106"/>
      </object_component>
      <object_component id="oc-5ca">
         <name>.text:finddevice</name>
         <load_address>0x20008d30</load_address>
         <run_address>0x20008d30</run_address>
         <size>0x30</size>
         <input_file_ref idref="fl-fe"/>
      </object_component>
      <object_component id="oc-439">
         <name>.text</name>
         <load_address>0x20008d60</load_address>
         <run_address>0x20008d60</run_address>
         <size>0x2e</size>
         <input_file_ref idref="fl-f6"/>
      </object_component>
      <object_component id="oc-1ae">
         <name>.text:PRCMSysResetCauseGet</name>
         <load_address>0x20008d90</load_address>
         <run_address>0x20008d90</run_address>
         <size>0x2c</size>
         <input_file_ref idref="fl-107"/>
      </object_component>
      <object_component id="oc-575">
         <name>.text:unlink</name>
         <load_address>0x20008dbc</load_address>
         <run_address>0x20008dbc</run_address>
         <size>0x2c</size>
         <input_file_ref idref="fl-102"/>
      </object_component>
      <object_component id="oc-234">
         <name>.text:TimerLoadSet</name>
         <load_address>0x20008de8</load_address>
         <run_address>0x20008de8</run_address>
         <size>0x2a</size>
         <input_file_ref idref="fl-109"/>
      </object_component>
      <object_component id="oc-210">
         <name>.text:TimerPrescaleSet</name>
         <load_address>0x20008e12</load_address>
         <run_address>0x20008e12</run_address>
         <size>0x2a</size>
         <input_file_ref idref="fl-109"/>
      </object_component>
      <object_component id="oc-1c0">
         <name>.text:PRCMPeripheralClkDisable</name>
         <load_address>0x20008e3c</load_address>
         <run_address>0x20008e3c</run_address>
         <size>0x28</size>
         <input_file_ref idref="fl-107"/>
      </object_component>
      <object_component id="oc-58">
         <name>.text:_c_int00_noargs:_c_int00_noargs</name>
         <load_address>0x20008e64</load_address>
         <run_address>0x20008e64</run_address>
         <size>0x28</size>
         <input_file_ref idref="fl-c6"/>
      </object_component>
      <object_component id="oc-493">
         <name>.text:lseek</name>
         <load_address>0x20008e8c</load_address>
         <run_address>0x20008e8c</run_address>
         <size>0x28</size>
         <input_file_ref idref="fl-e0"/>
      </object_component>
      <object_component id="oc-511">
         <name>.text:mremove</name>
         <load_address>0x20008eb4</load_address>
         <run_address>0x20008eb4</run_address>
         <size>0x28</size>
         <input_file_ref idref="fl-c8"/>
      </object_component>
      <object_component id="oc-32c">
         <name>.text:write</name>
         <load_address>0x20008edc</load_address>
         <run_address>0x20008edc</run_address>
         <size>0x28</size>
         <input_file_ref idref="fl-d4"/>
      </object_component>
      <object_component id="oc-311">
         <name>.text:IntUnregister</name>
         <load_address>0x20008f04</load_address>
         <run_address>0x20008f04</run_address>
         <size>0x24</size>
         <input_file_ref idref="fl-105"/>
      </object_component>
      <object_component id="oc-e6">
         <name>.text:SPIReset</name>
         <load_address>0x20008f28</load_address>
         <run_address>0x20008f28</run_address>
         <size>0x22</size>
         <input_file_ref idref="fl-108"/>
      </object_component>
      <object_component id="oc-1d1">
         <name>.text:GPIOPinWrite</name>
         <load_address>0x20008f4a</load_address>
         <run_address>0x20008f4a</run_address>
         <size>0x20</size>
         <input_file_ref idref="fl-104"/>
      </object_component>
      <object_component id="oc-1ff">
         <name>.text:IntRegister</name>
         <load_address>0x20008f6c</load_address>
         <run_address>0x20008f6c</run_address>
         <size>0x20</size>
         <input_file_ref idref="fl-105"/>
      </object_component>
      <object_component id="oc-1e3">
         <name>.text:SPIDataGet</name>
         <load_address>0x20008f8c</load_address>
         <run_address>0x20008f8c</run_address>
         <size>0x20</size>
         <input_file_ref idref="fl-108"/>
      </object_component>
      <object_component id="oc-320">
         <name>.text:memchr</name>
         <load_address>0x20008fac</load_address>
         <run_address>0x20008fac</run_address>
         <size>0x20</size>
         <input_file_ref idref="fl-cf"/>
      </object_component>
      <object_component id="oc-10a">
         <name>.text:GPIOIntRegister</name>
         <load_address>0x20008fcc</load_address>
         <run_address>0x20008fcc</run_address>
         <size>0x1e</size>
         <input_file_ref idref="fl-104"/>
      </object_component>
      <object_component id="oc-1dd">
         <name>.text:SPIDataPut</name>
         <load_address>0x20008fea</load_address>
         <run_address>0x20008fea</run_address>
         <size>0x1e</size>
         <input_file_ref idref="fl-108"/>
      </object_component>
      <object_component id="oc-240">
         <name>.text:TimerDisable</name>
         <load_address>0x20009008</load_address>
         <run_address>0x20009008</run_address>
         <size>0x1e</size>
         <input_file_ref idref="fl-109"/>
      </object_component>
      <object_component id="oc-23a">
         <name>.text:TimerEnable</name>
         <load_address>0x20009026</load_address>
         <run_address>0x20009026</run_address>
         <size>0x1e</size>
         <input_file_ref idref="fl-109"/>
      </object_component>
      <object_component id="oc-228">
         <name>.text:TimerIntStatus</name>
         <load_address>0x20009044</load_address>
         <run_address>0x20009044</run_address>
         <size>0x1e</size>
         <input_file_ref idref="fl-109"/>
      </object_component>
      <object_component id="oc-14c">
         <name>.text:UARTCharPut</name>
         <load_address>0x20009062</load_address>
         <run_address>0x20009062</run_address>
         <size>0x1e</size>
         <input_file_ref idref="fl-10a"/>
      </object_component>
      <object_component id="oc-12e">
         <name>.text:TimerValueGet</name>
         <load_address>0x20009080</load_address>
         <run_address>0x20009080</run_address>
         <size>0x1c</size>
         <input_file_ref idref="fl-109"/>
      </object_component>
      <object_component id="oc-128">
         <name>.text:_abort_msg</name>
         <load_address>0x2000909c</load_address>
         <run_address>0x2000909c</run_address>
         <size>0x1c</size>
         <input_file_ref idref="fl-cb"/>
      </object_component>
      <object_component id="oc-3a9">
         <name>.text:memccpy</name>
         <load_address>0x200090b8</load_address>
         <run_address>0x200090b8</run_address>
         <size>0x1c</size>
         <input_file_ref idref="fl-e2"/>
      </object_component>
      <object_component id="oc-137">
         <name>.text:GPIOIntDisable</name>
         <load_address>0x200090d4</load_address>
         <run_address>0x200090d4</run_address>
         <size>0x1a</size>
         <input_file_ref idref="fl-104"/>
      </object_component>
      <object_component id="oc-11c">
         <name>.text:GPIOIntEnable</name>
         <load_address>0x200090ee</load_address>
         <run_address>0x200090ee</run_address>
         <size>0x1a</size>
         <input_file_ref idref="fl-104"/>
      </object_component>
      <object_component id="oc-292">
         <name>.text:PinTypeSPI</name>
         <load_address>0x20009108</load_address>
         <run_address>0x20009108</run_address>
         <size>0x1a</size>
         <input_file_ref idref="fl-106"/>
      </object_component>
      <object_component id="oc-28c">
         <name>.text:PinTypeUART</name>
         <load_address>0x20009122</load_address>
         <run_address>0x20009122</run_address>
         <size>0x1a</size>
         <input_file_ref idref="fl-106"/>
      </object_component>
      <object_component id="oc-1d7">
         <name>.text:SPICSEnable</name>
         <load_address>0x2000913c</load_address>
         <run_address>0x2000913c</run_address>
         <size>0x18</size>
         <input_file_ref idref="fl-108"/>
      </object_component>
      <object_component id="oc-f8">
         <name>.text:SPIEnable</name>
         <load_address>0x20009154</load_address>
         <run_address>0x20009154</run_address>
         <size>0x18</size>
         <input_file_ref idref="fl-108"/>
      </object_component>
      <object_component id="oc-246">
         <name>.text:TimerIntDisable</name>
         <load_address>0x2000916c</load_address>
         <run_address>0x2000916c</run_address>
         <size>0x18</size>
         <input_file_ref idref="fl-109"/>
      </object_component>
      <object_component id="oc-222">
         <name>.text:TimerIntEnable</name>
         <load_address>0x20009184</load_address>
         <run_address>0x20009184</run_address>
         <size>0x18</size>
         <input_file_ref idref="fl-109"/>
      </object_component>
      <object_component id="oc-5e1">
         <name>.text:strcmp</name>
         <load_address>0x2000919c</load_address>
         <run_address>0x2000919c</run_address>
         <size>0x18</size>
         <input_file_ref idref="fl-100"/>
      </object_component>
      <object_component id="oc-1b4">
         <name>.text:PRCMHIBRegRead</name>
         <load_address>0x200091b4</load_address>
         <run_address>0x200091b4</run_address>
         <size>0x16</size>
         <input_file_ref idref="fl-107"/>
      </object_component>
      <object_component id="oc-1ba">
         <name>.text:PRCMHIBRegWrite</name>
         <load_address>0x200091ca</load_address>
         <run_address>0x200091ca</run_address>
         <size>0x16</size>
         <input_file_ref idref="fl-107"/>
      </object_component>
      <object_component id="oc-46a">
         <name>.text:strchr</name>
         <load_address>0x200091e0</load_address>
         <run_address>0x200091e0</run_address>
         <size>0x16</size>
         <input_file_ref idref="fl-e4"/>
      </object_component>
      <object_component id="oc-19e">
         <name>.text:CPUcpsie</name>
         <load_address>0x200091f6</load_address>
         <run_address>0x200091f6</run_address>
         <size>0x14</size>
         <input_file_ref idref="fl-10c"/>
      </object_component>
      <object_component id="oc-116">
         <name>.text:GPIOIntClear</name>
         <load_address>0x2000920a</load_address>
         <run_address>0x2000920a</run_address>
         <size>0x14</size>
         <input_file_ref idref="fl-104"/>
      </object_component>
      <object_component id="oc-c2">
         <name>.text:IntVTableBaseSet</name>
         <load_address>0x20009220</load_address>
         <run_address>0x20009220</run_address>
         <size>0x14</size>
         <input_file_ref idref="fl-105"/>
      </object_component>
      <object_component id="oc-598">
         <name>.text:strcpy</name>
         <load_address>0x20009234</load_address>
         <run_address>0x20009234</run_address>
         <size>0x14</size>
         <input_file_ref idref="fl-fb"/>
      </object_component>
      <object_component id="oc-146">
         <name>.text:strlen</name>
         <load_address>0x20009248</load_address>
         <run_address>0x20009248</run_address>
         <size>0x14</size>
         <input_file_ref idref="fl-d2"/>
      </object_component>
      <object_component id="oc-22e">
         <name>.text:TimerIntClear</name>
         <load_address>0x2000925c</load_address>
         <run_address>0x2000925c</run_address>
         <size>0x12</size>
         <input_file_ref idref="fl-109"/>
      </object_component>
      <object_component id="oc-3af">
         <name>.text:wcslen</name>
         <load_address>0x2000926e</load_address>
         <run_address>0x2000926e</run_address>
         <size>0x12</size>
         <input_file_ref idref="fl-f0"/>
      </object_component>
      <object_component id="oc-18">
         <name>.text:decompress:none:__TI_decompress_none</name>
         <load_address>0x20009280</load_address>
         <run_address>0x20009280</run_address>
         <size>0xe</size>
         <input_file_ref idref="fl-c4"/>
      </object_component>
      <object_component id="oc-26">
         <name>.text</name>
         <load_address>0x2000928e</load_address>
         <run_address>0x2000928e</run_address>
         <size>0xe</size>
         <input_file_ref idref="fl-6"/>
      </object_component>
      <object_component id="oc-4c">
         <name>.text:decompress:ZI:__TI_zero_init</name>
         <load_address>0x2000929c</load_address>
         <run_address>0x2000929c</run_address>
         <size>0xc</size>
         <input_file_ref idref="fl-c3"/>
      </object_component>
      <object_component id="oc-c8">
         <name>.text:IntMasterEnable</name>
         <load_address>0x200092a8</load_address>
         <run_address>0x200092a8</run_address>
         <size>0xa</size>
         <input_file_ref idref="fl-105"/>
      </object_component>
      <object_component id="oc-3b5">
         <name>.text:__aeabi_errno_addr</name>
         <load_address>0x200092b4</load_address>
         <run_address>0x200092b4</run_address>
         <size>0x8</size>
         <input_file_ref idref="fl-f8"/>
      </object_component>
      <object_component id="oc-4e9">
         <name>.text:copysign</name>
         <load_address>0x200092bc</load_address>
         <run_address>0x200092bc</run_address>
         <size>0x8</size>
         <input_file_ref idref="fl-ef"/>
      </object_component>
      <object_component id="oc-2c0">
         <name>.text:UtilsDelay</name>
         <load_address>0x200092c4</load_address>
         <run_address>0x200092c4</run_address>
         <size>0x6</size>
         <input_file_ref idref="fl-10b"/>
      </object_component>
      <object_component id="oc-2de">
         <name>.text:_outc</name>
         <load_address>0x200092ca</load_address>
         <run_address>0x200092ca</run_address>
         <size>0x4</size>
         <input_file_ref idref="fl-d1"/>
      </object_component>
      <object_component id="oc-2d8">
         <name>.text:_outs</name>
         <load_address>0x200092ce</load_address>
         <run_address>0x200092ce</run_address>
         <size>0x4</size>
         <input_file_ref idref="fl-d1"/>
      </object_component>
      <object_component id="oc-8e">
         <name>.text:_system_pre_init</name>
         <load_address>0x200092d2</load_address>
         <run_address>0x200092d2</run_address>
         <size>0x4</size>
         <input_file_ref idref="fl-d8"/>
      </object_component>
      <object_component id="oc-15f">
         <name>.text:abort:abort</name>
         <load_address>0x200092d6</load_address>
         <run_address>0x200092d6</run_address>
         <size>0x4</size>
         <input_file_ref idref="fl-c7"/>
      </object_component>
      <object_component id="oc-1f1">
         <name>.const:.string:font</name>
         <load_address>0x200092dc</load_address>
         <run_address>0x200092dc</run_address>
         <size>0x4fb</size>
         <input_file_ref idref="fl-2"/>
      </object_component>
      <object_component id="oc-413">
         <name>.const:.string:_ctypes_</name>
         <load_address>0x200097d7</load_address>
         <run_address>0x200097d7</run_address>
         <size>0x101</size>
         <input_file_ref idref="fl-dd"/>
      </object_component>
      <object_component id="oc-34d">
         <name>.const:g_ulPinToPadMap</name>
         <load_address>0x200098d8</load_address>
         <run_address>0x200098d8</run_address>
         <size>0x100</size>
         <input_file_ref idref="fl-106"/>
      </object_component>
      <object_component id="oc-2fe">
         <name>.const:g_pulRegs</name>
         <load_address>0x200099d8</load_address>
         <run_address>0x200099d8</run_address>
         <size>0xd4</size>
         <input_file_ref idref="fl-105"/>
      </object_component>
      <object_component id="oc-1c7">
         <name>.const:PRCM_PeriphRegsList</name>
         <load_address>0x20009aac</load_address>
         <run_address>0x20009aac</run_address>
         <size>0xa8</size>
         <input_file_ref idref="fl-107"/>
      </object_component>
      <object_component id="oc-1aa">
         <name>.const</name>
         <load_address>0x20009b54</load_address>
         <run_address>0x20009b54</run_address>
         <size>0x80</size>
         <input_file_ref idref="fl-105"/>
      </object_component>
      <object_component id="oc-619">
         <name>.cinit..data.load</name>
         <load_address>0x20009bd8</load_address>
         <run_address>0x20009bd8</run_address>
         <size>0x8e</size>
      </object_component>
      <object_component id="oc-617">
         <name>__TI_handler_table</name>
         <load_address>0x20009c68</load_address>
         <run_address>0x20009c68</run_address>
         <size>0xc</size>
      </object_component>
      <object_component id="oc-61a">
         <name>.cinit..bss.load</name>
         <load_address>0x20009c78</load_address>
         <run_address>0x20009c78</run_address>
         <size>0x8</size>
      </object_component>
      <object_component id="oc-618">
         <name>__TI_cinit_table</name>
         <load_address>0x20009c80</load_address>
         <run_address>0x20009c80</run_address>
         <size>0x10</size>
      </object_component>
      <object_component id="oc-1f4">
         <name>.data</name>
         <load_address>0x2001df28</load_address>
         <run_address>0x2001df28</run_address>
         <size>0x15</size>
         <input_file_ref idref="fl-2"/>
      </object_component>
      <object_component id="oc-13d">
         <name>.data:receiver_rising</name>
         <load_address>0x2001df78</load_address>
         <run_address>0x2001df78</run_address>
         <size>0x8</size>
         <input_file_ref idref="fl-4"/>
      </object_component>
      <object_component id="oc-140">
         <name>.data:receiver_falling</name>
         <load_address>0x2001df70</load_address>
         <run_address>0x2001df70</run_address>
         <size>0x8</size>
         <input_file_ref idref="fl-4"/>
      </object_component>
      <object_component id="oc-29c">
         <name>.data:$O1$$</name>
         <load_address>0x2001df50</load_address>
         <run_address>0x2001df50</run_address>
         <size>0xc</size>
         <input_file_ref idref="fl-c7"/>
      </object_component>
      <object_component id="oc-51d">
         <name>.data:$O1$$</name>
         <load_address>0x2001df5c</load_address>
         <run_address>0x2001df5c</run_address>
         <size>0xc</size>
         <input_file_ref idref="fl-c8"/>
      </object_component>
      <object_component id="oc-29f">
         <name>.data:$O1$$</name>
         <load_address>0x2001df68</load_address>
         <run_address>0x2001df68</run_address>
         <size>0x8</size>
         <input_file_ref idref="fl-c9"/>
      </object_component>
      <object_component id="oc-260">
         <name>.data:_ftable</name>
         <load_address>0x2001dd70</load_address>
         <run_address>0x2001dd70</run_address>
         <size>0xf0</size>
         <input_file_ref idref="fl-cc"/>
      </object_component>
      <object_component id="oc-334">
         <name>.data</name>
         <load_address>0x2001df40</load_address>
         <run_address>0x2001df40</run_address>
         <size>0x10</size>
         <input_file_ref idref="fl-cc"/>
      </object_component>
      <object_component id="oc-4b8">
         <name>.data:_device</name>
         <load_address>0x2001de60</load_address>
         <run_address>0x2001de60</run_address>
         <size>0x78</size>
         <input_file_ref idref="fl-d4"/>
      </object_component>
      <object_component id="oc-3f3">
         <name>.data:_stream</name>
         <load_address>0x2001ded8</load_address>
         <run_address>0x2001ded8</run_address>
         <size>0x50</size>
         <input_file_ref idref="fl-d4"/>
      </object_component>
      <object_component id="oc-47a">
         <name>.data</name>
         <load_address>0x2001df80</load_address>
         <run_address>0x2001df80</run_address>
         <size>0x4</size>
         <input_file_ref idref="fl-f8"/>
      </object_component>
      <object_component id="oc-134">
         <name>.bss</name>
         <uninitialized>true</uninitialized>
         <run_address>0x2001dd50</run_address>
         <size>0x18</size>
         <input_file_ref idref="fl-4"/>
      </object_component>
      <object_component id="oc-143">
         <name>.bss:timer_recordings</name>
         <uninitialized>true</uninitialized>
         <run_address>0x2001d800</run_address>
         <size>0x200</size>
         <input_file_ref idref="fl-4"/>
      </object_component>
      <object_component id="oc-152">
         <name>.bss:sender_message</name>
         <uninitialized>true</uninitialized>
         <run_address>0x2001dbe8</run_address>
         <size>0xc8</size>
         <input_file_ref idref="fl-4"/>
      </object_component>
      <object_component id="oc-15b">
         <name>.bss:receiver_message</name>
         <uninitialized>true</uninitialized>
         <run_address>0x2001db20</run_address>
         <size>0xc8</size>
         <input_file_ref idref="fl-4"/>
      </object_component>
      <object_component id="oc-5ac">
         <name>.bss:_CIOBUF_</name>
         <uninitialized>true</uninitialized>
         <run_address>0x2001da00</run_address>
         <size>0x120</size>
         <input_file_ref idref="fl-ec"/>
      </object_component>
      <object_component id="oc-57b">
         <name>.common:__TI_tmpnams</name>
         <uninitialized>true</uninitialized>
         <run_address>0x2001dcb0</run_address>
         <size>0xa0</size>
      </object_component>
      <object_component id="oc-58a">
         <name>.common:parmbuf</name>
         <uninitialized>true</uninitialized>
         <run_address>0x2001dd68</run_address>
         <size>0x8</size>
      </object_component>
      <object_component id="oc-23">
         <name>.sysmem</name>
         <uninitialized>true</uninitialized>
         <run_address>0x2001d000</run_address>
         <size>0x8</size>
         <input_file_ref idref="fl-c8"/>
      </object_component>
      <object_component id="oc-61c">
         <name>.sysmem</name>
         <uninitialized>true</uninitialized>
         <run_address>0x2001d000</run_address>
         <size>0x0</size>
      </object_component>
      <object_component id="oc-20">
         <name>.stack</name>
         <uninitialized>true</uninitialized>
         <run_address>0x2003f800</run_address>
         <size>0x4</size>
         <input_file_ref idref="fl-c6"/>
      </object_component>
      <object_component id="oc-61b">
         <name>.stack</name>
         <uninitialized>true</uninitialized>
         <run_address>0x2003f800</run_address>
         <size>0x0</size>
      </object_component>
      <object_component id="oc-1f8">
         <name>.debug_info</name>
         <load_address>0x0</load_address>
         <run_address>0x0</run_address>
         <size>0x21b</size>
         <input_file_ref idref="fl-2"/>
      </object_component>
      <object_component id="oc-1f2">
         <name>.debug_info</name>
         <load_address>0x21b</load_address>
         <run_address>0x21b</run_address>
         <size>0xcd</size>
         <input_file_ref idref="fl-2"/>
      </object_component>
      <object_component id="oc-1f5">
         <name>.debug_info</name>
         <load_address>0x2e8</load_address>
         <run_address>0x2e8</run_address>
         <size>0x17b</size>
         <input_file_ref idref="fl-2"/>
      </object_component>
      <object_component id="oc-105">
         <name>.debug_info</name>
         <load_address>0x463</load_address>
         <run_address>0x463</run_address>
         <size>0x1539</size>
         <input_file_ref idref="fl-2"/>
      </object_component>
      <object_component id="oc-35">
         <name>.debug_info</name>
         <load_address>0x199c</load_address>
         <run_address>0x199c</run_address>
         <size>0x84</size>
         <input_file_ref idref="fl-2"/>
      </object_component>
      <object_component id="oc-1f0">
         <name>.debug_info</name>
         <load_address>0x1a20</load_address>
         <run_address>0x1a20</run_address>
         <size>0x25d</size>
         <input_file_ref idref="fl-3"/>
      </object_component>
      <object_component id="oc-ff">
         <name>.debug_info</name>
         <load_address>0x1c7d</load_address>
         <run_address>0x1c7d</run_address>
         <size>0xe3b</size>
         <input_file_ref idref="fl-3"/>
      </object_component>
      <object_component id="oc-2ed">
         <name>.debug_info</name>
         <load_address>0x2ab8</load_address>
         <run_address>0x2ab8</run_address>
         <size>0x26b</size>
         <input_file_ref idref="fl-3"/>
      </object_component>
      <object_component id="oc-2c8">
         <name>.debug_info</name>
         <load_address>0x2d23</load_address>
         <run_address>0x2d23</run_address>
         <size>0x62</size>
         <input_file_ref idref="fl-3"/>
      </object_component>
      <object_component id="oc-3d1">
         <name>.debug_info</name>
         <load_address>0x2d85</load_address>
         <run_address>0x2d85</run_address>
         <size>0x297</size>
         <input_file_ref idref="fl-3"/>
      </object_component>
      <object_component id="oc-1a5">
         <name>.debug_info</name>
         <load_address>0x301c</load_address>
         <run_address>0x301c</run_address>
         <size>0x2c</size>
         <input_file_ref idref="fl-3"/>
      </object_component>
      <object_component id="oc-b9">
         <name>.debug_info</name>
         <load_address>0x3048</load_address>
         <run_address>0x3048</run_address>
         <size>0x2c</size>
         <input_file_ref idref="fl-3"/>
      </object_component>
      <object_component id="oc-2e6">
         <name>.debug_info</name>
         <load_address>0x3074</load_address>
         <run_address>0x3074</run_address>
         <size>0x2c</size>
         <input_file_ref idref="fl-3"/>
      </object_component>
      <object_component id="oc-268">
         <name>.debug_info</name>
         <load_address>0x30a0</load_address>
         <run_address>0x30a0</run_address>
         <size>0x79f</size>
         <input_file_ref idref="fl-4"/>
      </object_component>
      <object_component id="oc-135">
         <name>.debug_info</name>
         <load_address>0x383f</load_address>
         <run_address>0x383f</run_address>
         <size>0x1e3</size>
         <input_file_ref idref="fl-4"/>
      </object_component>
      <object_component id="oc-144">
         <name>.debug_info</name>
         <load_address>0x3a22</load_address>
         <run_address>0x3a22</run_address>
         <size>0xdd</size>
         <input_file_ref idref="fl-4"/>
      </object_component>
      <object_component id="oc-153">
         <name>.debug_info</name>
         <load_address>0x3aff</load_address>
         <run_address>0x3aff</run_address>
         <size>0xd9</size>
         <input_file_ref idref="fl-4"/>
      </object_component>
      <object_component id="oc-15c">
         <name>.debug_info</name>
         <load_address>0x3bd8</load_address>
         <run_address>0x3bd8</run_address>
         <size>0xdd</size>
         <input_file_ref idref="fl-4"/>
      </object_component>
      <object_component id="oc-13e">
         <name>.debug_info</name>
         <load_address>0x3cb5</load_address>
         <run_address>0x3cb5</run_address>
         <size>0xdb</size>
         <input_file_ref idref="fl-4"/>
      </object_component>
      <object_component id="oc-141">
         <name>.debug_info</name>
         <load_address>0x3d90</load_address>
         <run_address>0x3d90</run_address>
         <size>0xdd</size>
         <input_file_ref idref="fl-4"/>
      </object_component>
      <object_component id="oc-95">
         <name>.debug_info</name>
         <load_address>0x3e6d</load_address>
         <run_address>0x3e6d</run_address>
         <size>0xe72</size>
         <input_file_ref idref="fl-4"/>
      </object_component>
      <object_component id="oc-26c">
         <name>.debug_info</name>
         <load_address>0x4cdf</load_address>
         <run_address>0x4cdf</run_address>
         <size>0x62</size>
         <input_file_ref idref="fl-4"/>
      </object_component>
      <object_component id="oc-346">
         <name>.debug_info</name>
         <load_address>0x4d41</load_address>
         <run_address>0x4d41</run_address>
         <size>0xcc</size>
         <input_file_ref idref="fl-4"/>
      </object_component>
      <object_component id="oc-156">
         <name>.debug_info</name>
         <load_address>0x4e0d</load_address>
         <run_address>0x4e0d</run_address>
         <size>0x41d</size>
         <input_file_ref idref="fl-5"/>
      </object_component>
      <object_component id="oc-2e">
         <name>.debug_info</name>
         <load_address>0x522a</load_address>
         <run_address>0x522a</run_address>
         <size>0x18b</size>
         <input_file_ref idref="fl-6"/>
      </object_component>
      <object_component id="oc-10">
         <name>.debug_info</name>
         <load_address>0x53b5</load_address>
         <run_address>0x53b5</run_address>
         <size>0x10a</size>
         <input_file_ref idref="fl-6"/>
      </object_component>
      <object_component id="oc-27">
         <name>.debug_info</name>
         <load_address>0x54bf</load_address>
         <run_address>0x54bf</run_address>
         <size>0x42b</size>
         <input_file_ref idref="fl-6"/>
      </object_component>
      <object_component id="oc-253">
         <name>.debug_info</name>
         <load_address>0x58ea</load_address>
         <run_address>0x58ea</run_address>
         <size>0x47d</size>
         <input_file_ref idref="fl-7"/>
      </object_component>
      <object_component id="oc-123">
         <name>.debug_info</name>
         <load_address>0x5d67</load_address>
         <run_address>0x5d67</run_address>
         <size>0xd57</size>
         <input_file_ref idref="fl-7"/>
      </object_component>
      <object_component id="oc-87">
         <name>.debug_info</name>
         <load_address>0x6abe</load_address>
         <run_address>0x6abe</run_address>
         <size>0x1e5</size>
         <input_file_ref idref="fl-c3"/>
      </object_component>
      <object_component id="oc-4d">
         <name>.debug_info</name>
         <load_address>0x6ca3</load_address>
         <run_address>0x6ca3</run_address>
         <size>0x1aa</size>
         <input_file_ref idref="fl-c3"/>
      </object_component>
      <object_component id="oc-82">
         <name>.debug_info</name>
         <load_address>0x6e4d</load_address>
         <run_address>0x6e4d</run_address>
         <size>0x46</size>
         <input_file_ref idref="fl-c3"/>
      </object_component>
      <object_component id="oc-45">
         <name>.debug_info</name>
         <load_address>0x6e93</load_address>
         <run_address>0x6e93</run_address>
         <size>0x16f</size>
         <input_file_ref idref="fl-c4"/>
      </object_component>
      <object_component id="oc-1a">
         <name>.debug_info</name>
         <load_address>0x7002</load_address>
         <run_address>0x7002</run_address>
         <size>0x1df</size>
         <input_file_ref idref="fl-c4"/>
      </object_component>
      <object_component id="oc-40">
         <name>.debug_info</name>
         <load_address>0x71e1</load_address>
         <run_address>0x71e1</run_address>
         <size>0x46</size>
         <input_file_ref idref="fl-c4"/>
      </object_component>
      <object_component id="oc-7a">
         <name>.debug_info</name>
         <load_address>0x7227</load_address>
         <run_address>0x7227</run_address>
         <size>0x2c</size>
         <input_file_ref idref="fl-c4"/>
      </object_component>
      <object_component id="oc-78">
         <name>.debug_info</name>
         <load_address>0x7253</load_address>
         <run_address>0x7253</run_address>
         <size>0x165</size>
         <input_file_ref idref="fl-c5"/>
      </object_component>
      <object_component id="oc-16">
         <name>.debug_info</name>
         <load_address>0x73b8</load_address>
         <run_address>0x73b8</run_address>
         <size>0x245</size>
         <input_file_ref idref="fl-c5"/>
      </object_component>
      <object_component id="oc-30">
         <name>.debug_info</name>
         <load_address>0x75fd</load_address>
         <run_address>0x75fd</run_address>
         <size>0x60</size>
         <input_file_ref idref="fl-c5"/>
      </object_component>
      <object_component id="oc-b2">
         <name>.debug_info</name>
         <load_address>0x765d</load_address>
         <run_address>0x765d</run_address>
         <size>0x46</size>
         <input_file_ref idref="fl-c5"/>
      </object_component>
      <object_component id="oc-73">
         <name>.debug_info</name>
         <load_address>0x76a3</load_address>
         <run_address>0x76a3</run_address>
         <size>0x39</size>
         <input_file_ref idref="fl-c5"/>
      </object_component>
      <object_component id="oc-21">
         <name>.debug_info</name>
         <load_address>0x76dc</load_address>
         <run_address>0x76dc</run_address>
         <size>0x100</size>
         <input_file_ref idref="fl-c6"/>
      </object_component>
      <object_component id="oc-5c">
         <name>.debug_info</name>
         <load_address>0x77dc</load_address>
         <run_address>0x77dc</run_address>
         <size>0x1a4</size>
         <input_file_ref idref="fl-c6"/>
      </object_component>
      <object_component id="oc-2a3">
         <name>.debug_info</name>
         <load_address>0x7980</load_address>
         <run_address>0x7980</run_address>
         <size>0x274</size>
         <input_file_ref idref="fl-c7"/>
      </object_component>
      <object_component id="oc-29d">
         <name>.debug_info</name>
         <load_address>0x7bf4</load_address>
         <run_address>0x7bf4</run_address>
         <size>0x185</size>
         <input_file_ref idref="fl-c7"/>
      </object_component>
      <object_component id="oc-162">
         <name>.debug_info</name>
         <load_address>0x7d79</load_address>
         <run_address>0x7d79</run_address>
         <size>0x117</size>
         <input_file_ref idref="fl-c7"/>
      </object_component>
      <object_component id="oc-166">
         <name>.debug_info</name>
         <load_address>0x7e90</load_address>
         <run_address>0x7e90</run_address>
         <size>0x179</size>
         <input_file_ref idref="fl-c7"/>
      </object_component>
      <object_component id="oc-6e">
         <name>.debug_info</name>
         <load_address>0x8009</load_address>
         <run_address>0x8009</run_address>
         <size>0x28d</size>
         <input_file_ref idref="fl-c8"/>
      </object_component>
      <object_component id="oc-24">
         <name>.debug_info</name>
         <load_address>0x8296</load_address>
         <run_address>0x8296</run_address>
         <size>0x101</size>
         <input_file_ref idref="fl-c8"/>
      </object_component>
      <object_component id="oc-51e">
         <name>.debug_info</name>
         <load_address>0x8397</load_address>
         <run_address>0x8397</run_address>
         <size>0x14c</size>
         <input_file_ref idref="fl-c8"/>
      </object_component>
      <object_component id="oc-50e">
         <name>.debug_info</name>
         <load_address>0x84e3</load_address>
         <run_address>0x84e3</run_address>
         <size>0x139</size>
         <input_file_ref idref="fl-c8"/>
      </object_component>
      <object_component id="oc-513">
         <name>.debug_info</name>
         <load_address>0x861c</load_address>
         <run_address>0x861c</run_address>
         <size>0x174</size>
         <input_file_ref idref="fl-c8"/>
      </object_component>
      <object_component id="oc-519">
         <name>.debug_info</name>
         <load_address>0x8790</load_address>
         <run_address>0x8790</run_address>
         <size>0x172</size>
         <input_file_ref idref="fl-c8"/>
      </object_component>
      <object_component id="oc-4a3">
         <name>.debug_info</name>
         <load_address>0x8902</load_address>
         <run_address>0x8902</run_address>
         <size>0x1db</size>
         <input_file_ref idref="fl-c8"/>
      </object_component>
      <object_component id="oc-49e">
         <name>.debug_info</name>
         <load_address>0x8add</load_address>
         <run_address>0x8add</run_address>
         <size>0x1e6</size>
         <input_file_ref idref="fl-c8"/>
      </object_component>
      <object_component id="oc-a8">
         <name>.debug_info</name>
         <load_address>0x8cc3</load_address>
         <run_address>0x8cc3</run_address>
         <size>0x2c</size>
         <input_file_ref idref="fl-c8"/>
      </object_component>
      <object_component id="oc-ad">
         <name>.debug_info</name>
         <load_address>0x8cef</load_address>
         <run_address>0x8cef</run_address>
         <size>0x62</size>
         <input_file_ref idref="fl-c8"/>
      </object_component>
      <object_component id="oc-365">
         <name>.debug_info</name>
         <load_address>0x8d51</load_address>
         <run_address>0x8d51</run_address>
         <size>0x190</size>
         <input_file_ref idref="fl-c9"/>
      </object_component>
      <object_component id="oc-2a0">
         <name>.debug_info</name>
         <load_address>0x8ee1</load_address>
         <run_address>0x8ee1</run_address>
         <size>0x113</size>
         <input_file_ref idref="fl-c9"/>
      </object_component>
      <object_component id="oc-35f">
         <name>.debug_info</name>
         <load_address>0x8ff4</load_address>
         <run_address>0x8ff4</run_address>
         <size>0x123</size>
         <input_file_ref idref="fl-c9"/>
      </object_component>
      <object_component id="oc-264">
         <name>.debug_info</name>
         <load_address>0x9117</load_address>
         <run_address>0x9117</run_address>
         <size>0x1e9</size>
         <input_file_ref idref="fl-cb"/>
      </object_component>
      <object_component id="oc-12b">
         <name>.debug_info</name>
         <load_address>0x9300</load_address>
         <run_address>0x9300</run_address>
         <size>0x16c</size>
         <input_file_ref idref="fl-cb"/>
      </object_component>
      <object_component id="oc-33f">
         <name>.debug_info</name>
         <load_address>0x946c</load_address>
         <run_address>0x946c</run_address>
         <size>0xb2</size>
         <input_file_ref idref="fl-cb"/>
      </object_component>
      <object_component id="oc-33b">
         <name>.debug_info</name>
         <load_address>0x951e</load_address>
         <run_address>0x951e</run_address>
         <size>0x139</size>
         <input_file_ref idref="fl-cc"/>
      </object_component>
      <object_component id="oc-261">
         <name>.debug_info</name>
         <load_address>0x9657</load_address>
         <run_address>0x9657</run_address>
         <size>0xf7</size>
         <input_file_ref idref="fl-cc"/>
      </object_component>
      <object_component id="oc-335">
         <name>.debug_info</name>
         <load_address>0x974e</load_address>
         <run_address>0x974e</run_address>
         <size>0x184</size>
         <input_file_ref idref="fl-cc"/>
      </object_component>
      <object_component id="oc-338">
[...]
      <symbol id="sm-401">
         <name>printf</name>
         <value>0x2000835d</value>
         <object_component_ref idref="oc-1e9"/>
      </symbol>
      <symbol id="sm-40f">
         <name>strlen</name>
         <value>0x20009249</value>
         <object_component_ref idref="oc-146"/>
      </symbol>
      <symbol id="sm-43b">
         <name>_stream</name>
         <value>0x2001ded8</value>
         <object_component_ref idref="oc-3f3"/>
      </symbol>
      <symbol id="sm-43c">
         <name>_device</name>
         <value>0x2001de60</value>
         <object_component_ref idref="oc-4b8"/>
      </symbol>
      <symbol id="sm-43d">
         <name>write</name>
         <value>0x20008edd</value>
         <object_component_ref idref="oc-32c"/>
      </symbol>
      <symbol id="sm-458">
         <name>memcpy</name>
         <value>0x20007a8d</value>
         <object_component_ref idref="oc-3a"/>
      </symbol>
      <symbol id="sm-459">
         <name>__aeabi_memcpy</name>
         <value>0x20007a8d</value>
         <object_component_ref idref="oc-3a"/>
      </symbol>
      <symbol id="sm-45a">
         <name>__aeabi_memcpy8</name>
         <value>0x20007a8d</value>
         <object_component_ref idref="oc-3a"/>
      </symbol>
      <symbol id="sm-45b">
         <name>__aeabi_memcpy4</name>
         <value>0x20007a8d</value>
         <object_component_ref idref="oc-3a"/>
      </symbol>
      <symbol id="sm-46a">
         <name>__aeabi_memset</name>
         <value>0x20007f77</value>
         <object_component_ref idref="oc-88"/>
      </symbol>
      <symbol id="sm-46b">
         <name>memset</name>
         <value>0x20007f7d</value>
         <object_component_ref idref="oc-88"/>
      </symbol>
      <symbol id="sm-46c">
         <name>__aeabi_memset8</name>
         <value>0x20007f77</value>
         <object_component_ref idref="oc-88"/>
      </symbol>
      <symbol id="sm-46d">
         <name>__aeabi_memset4</name>
         <value>0x20007f77</value>
         <object_component_ref idref="oc-88"/>
      </symbol>
      <symbol id="sm-46e">
         <name>__aeabi_memclr8</name>
         <value>0x20007f75</value>
         <object_component_ref idref="oc-88"/>
      </symbol>
      <symbol id="sm-46f">
         <name>__aeabi_memclr4</name>
         <value>0x20007f75</value>
         <object_component_ref idref="oc-88"/>
      </symbol>
      <symbol id="sm-470">
         <name>__aeabi_memclr</name>
         <value>0x20007f75</value>
         <object_component_ref idref="oc-88"/>
      </symbol>
      <symbol id="sm-498">
         <name>__TI_auto_init_nobinit_nopinit</name>
         <value>0x20008a3d</value>
         <object_component_ref idref="oc-16b"/>
      </symbol>
      <symbol id="sm-4a2">
         <name>_system_pre_init</name>
         <value>0x200092d3</value>
         <object_component_ref idref="oc-8e"/>
      </symbol>
      <symbol id="sm-4bb">
         <name>__TI_wrt_ok</name>
         <value>0x20008429</value>
         <object_component_ref idref="oc-31a"/>
      </symbol>
      <symbol id="sm-620">
         <name>__TI_printfi</name>
         <value>0x20004e81</value>
         <object_component_ref idref="oc-2d2"/>
      </symbol>
      <symbol id="sm-636">
         <name>atoi</name>
         <value>0x2000884d</value>
         <object_component_ref idref="oc-380"/>
      </symbol>
      <symbol id="sm-641">
         <name>_ctypes_</name>
         <value>0x200097d7</value>
         <object_component_ref idref="oc-413"/>
      </symbol>
      <symbol id="sm-656">
         <name>putc</name>
         <value>0x20007c55</value>
         <object_component_ref idref="oc-3c8"/>
      </symbol>
      <symbol id="sm-657">
         <name>fputc</name>
         <value>0x20007c55</value>
         <object_component_ref idref="oc-3c8"/>
      </symbol>
      <symbol id="sm-669">
         <name>fseek</name>
         <value>0x200083c5</value>
         <object_component_ref idref="oc-3e2"/>
      </symbol>
      <symbol id="sm-679">
         <name>lseek</name>
         <value>0x20008e8d</value>
         <object_component_ref idref="oc-493"/>
      </symbol>
      <symbol id="sm-688">
         <name>ltoa</name>
         <value>0x20008759</value>
         <object_component_ref idref="oc-433"/>
      </symbol>
      <symbol id="sm-698">
         <name>memccpy</name>
         <value>0x200090b9</value>
         <object_component_ref idref="oc-3a9"/>
      </symbol>
      <symbol id="sm-6b4">
         <name>setvbuf</name>
         <value>0x20007565</value>
         <object_component_ref idref="oc-3e8"/>
      </symbol>
      <symbol id="sm-6c4">
         <name>strchr</name>
         <value>0x200091e1</value>
         <object_component_ref idref="oc-46a"/>
      </symbol>
      <symbol id="sm-6d5">
         <name>HOSTclose</name>
         <value>0x20008971</value>
         <object_component_ref idref="oc-531"/>
      </symbol>
      <symbol id="sm-6e6">
         <name>HOSTlseek</name>
         <value>0x200081bd</value>
         <object_component_ref idref="oc-543"/>
      </symbol>
      <symbol id="sm-6f8">
         <name>parmbuf</name>
         <value>0x2001dd68</value>
      </symbol>
      <symbol id="sm-6f9">
         <name>HOSTopen</name>
         <value>0x2000848d</value>
         <object_component_ref idref="oc-52b"/>
      </symbol>
      <symbol id="sm-70a">
         <name>HOSTread</name>
         <value>0x200085a5</value>
         <object_component_ref idref="oc-537"/>
      </symbol>
      <symbol id="sm-71b">
         <name>HOSTrename</name>
         <value>0x20008225</value>
         <object_component_ref idref="oc-54f"/>
      </symbol>
      <symbol id="sm-72c">
         <name>HOSTunlink</name>
         <value>0x200089b5</value>
         <object_component_ref idref="oc-549"/>
      </symbol>
      <symbol id="sm-73d">
         <name>HOSTwrite</name>
         <value>0x200085fd</value>
         <object_component_ref idref="oc-53d"/>
      </symbol>
      <symbol id="sm-761">
         <name>__TI_readmsg</name>
         <value>0x20008ccd</value>
         <object_component_ref idref="oc-584"/>
      </symbol>
      <symbol id="sm-762">
         <name>C$$IO$$</name>
         <value>0x20008beb</value>
         <object_component_ref idref="oc-57e"/>
      </symbol>
      <symbol id="sm-763">
         <name>__CIOBUF_</name>
         <value>0x2001da00</value>
         <object_component_ref idref="oc-5ac"/>
      </symbol>
      <symbol id="sm-764">
         <name>__TI_writemsg</name>
         <value>0x20008bbd</value>
         <object_component_ref idref="oc-57e"/>
      </symbol>
      <symbol id="sm-784">
         <name>frexpl</name>
         <value>0x20008549</value>
         <object_component_ref idref="oc-45e"/>
      </symbol>
      <symbol id="sm-785">
         <name>frexp</name>
         <value>0x20008549</value>
         <object_component_ref idref="oc-45e"/>
      </symbol>
      <symbol id="sm-7a3">
         <name>scalbn</name>
         <value>0x20007719</value>
         <object_component_ref idref="oc-464"/>
      </symbol>
      <symbol id="sm-7a4">
         <name>scalbnl</name>
         <value>0x20007719</value>
         <object_component_ref idref="oc-464"/>
      </symbol>
      <symbol id="sm-7a5">
         <name>ldexpl</name>
         <value>0x20007719</value>
         <object_component_ref idref="oc-464"/>
      </symbol>
      <symbol id="sm-7a6">
         <name>ldexp</name>
         <value>0x20007719</value>
         <object_component_ref idref="oc-464"/>
      </symbol>
      <symbol id="sm-7b0">
         <name>copysign</name>
         <value>0x200092bd</value>
         <object_component_ref idref="oc-4e9"/>
      </symbol>
      <symbol id="sm-7b1">
         <name>copysignl</name>
         <value>0x200092bd</value>
         <object_component_ref idref="oc-4e9"/>
      </symbol>
      <symbol id="sm-7ca">
         <name>wcslen</name>
         <value>0x2000926f</value>
         <object_component_ref idref="oc-3af"/>
      </symbol>
      <symbol id="sm-7e1">
         <name>__aeabi_dsub</name>
         <value>0x2000698d</value>
         <object_component_ref idref="oc-43e"/>
      </symbol>
      <symbol id="sm-7e2">
         <name>__aeabi_dadd</name>
         <value>0x20006997</value>
         <object_component_ref idref="oc-43e"/>
      </symbol>
      <symbol id="sm-804">
         <name>__aeabi_cdcmpeq</name>
         <value>0x20007d69</value>
         <object_component_ref idref="oc-38c"/>
      </symbol>
      <symbol id="sm-805">
         <name>__aeabi_cdcmple</name>
         <value>0x20007d69</value>
         <object_component_ref idref="oc-38c"/>
      </symbol>
      <symbol id="sm-806">
         <name>__aeabi_cdrcmple</name>
         <value>0x20007def</value>
         <object_component_ref idref="oc-429"/>
      </symbol>
      <symbol id="sm-81a">
         <name>__aeabi_ddiv</name>
         <value>0x200070fd</value>
         <object_component_ref idref="oc-424"/>
      </symbol>
      <symbol id="sm-825">
         <name>__aeabi_dmul</name>
         <value>0x20007469</value>
         <object_component_ref idref="oc-41f"/>
      </symbol>
      <symbol id="sm-82f">
         <name>__aeabi_d2iz</name>
         <value>0x20008929</value>
         <object_component_ref idref="oc-42e"/>
      </symbol>
      <symbol id="sm-839">
         <name>__aeabi_i2d</name>
         <value>0x20008d61</value>
         <object_component_ref idref="oc-439"/>
      </symbol>
      <symbol id="sm-846">
         <name>__aeabi_uldivmod</name>
         <value>0x20007b29</value>
         <object_component_ref idref="oc-418"/>
      </symbol>
      <symbol id="sm-85c">
         <name>__aeabi_errno_addr</name>
         <value>0x200092b5</value>
         <object_component_ref idref="oc-3b5"/>
      </symbol>
      <symbol id="sm-85d">
         <name>errno</name>
         <value>0x2001df80</value>
         <object_component_ref idref="oc-47a"/>
      </symbol>
      <symbol id="sm-86d">
         <name>__TI_cleanup</name>
         <value>0x20008c99</value>
         <object_component_ref idref="oc-4a7"/>
      </symbol>
      <symbol id="sm-87c">
         <name>strcpy</name>
         <value>0x20009235</value>
         <object_component_ref idref="oc-598"/>
      </symbol>
      <symbol id="sm-886">
         <name>__aeabi_idiv0</name>
         <value>0x20006b43</value>
         <object_component_ref idref="oc-4d0"/>
      </symbol>
      <symbol id="sm-887">
         <name>__aeabi_ldiv0</name>
         <value>0x20006b43</value>
         <object_component_ref idref="oc-4d0"/>
      </symbol>
      <symbol id="sm-89c">
         <name>__TI_closefile</name>
         <value>0x20008069</value>
         <object_component_ref idref="oc-522"/>
      </symbol>
      <symbol id="sm-8bf">
         <name>finddevice</name>
         <value>0x20008d31</value>
         <object_component_ref idref="oc-5ca"/>
      </symbol>
      <symbol id="sm-8c0">
         <name>getdevice</name>
         <value>0x20008a81</value>
         <object_component_ref idref="oc-5a2"/>
      </symbol>
      <symbol id="sm-8d0">
         <name>strcmp</name>
         <value>0x2000919d</value>
         <object_component_ref idref="oc-5e1"/>
      </symbol>
      <symbol id="sm-8e0">
         <name>strncpy</name>
         <value>0x20008c63</value>
         <object_component_ref idref="oc-5c4"/>
      </symbol>
      <symbol id="sm-8f0">
         <name>unlink</name>
         <value>0x20008dbd</value>
         <object_component_ref idref="oc-575"/>
      </symbol>
      <symbol id="sm-904">
         <name>close</name>
         <value>0x200084ed</value>
         <object_component_ref idref="oc-56f"/>
      </symbol>
      <symbol id="sm-95a">
         <name>GPIOIntRegister</name>
         <value>0x20008fcd</value>
         <object_component_ref idref="oc-10a"/>
      </symbol>
      <symbol id="sm-95b">
         <name>GPIOIntDisable</name>
         <value>0x200090d5</value>
         <object_component_ref idref="oc-137"/>
      </symbol>
      <symbol id="sm-95c">
         <name>GPIOIntEnable</name>
         <value>0x200090ef</value>
         <object_component_ref idref="oc-11c"/>
      </symbol>
      <symbol id="sm-95d">
         <name>GPIOIntTypeSet</name>
         <value>0x20007e75</value>
         <object_component_ref idref="oc-110"/>
      </symbol>
      <symbol id="sm-95e">
         <name>GPIOIntClear</name>
         <value>0x2000920b</value>
         <object_component_ref idref="oc-116"/>
      </symbol>
      <symbol id="sm-95f">
         <name>GPIODirModeSet</name>
         <value>0x20008c2d</value>
         <object_component_ref idref="oc-286"/>
      </symbol>
      <symbol id="sm-960">
         <name>GPIOPinWrite</name>
         <value>0x20008f4b</value>
         <object_component_ref idref="oc-1d1"/>
      </symbol>
      <symbol id="sm-9d8">
         <name>IntPrioritySet</name>
         <value>0x20008705</value>
         <object_component_ref idref="oc-216"/>
      </symbol>
      <symbol id="sm-9d9">
         <name>IntVTableBaseSet</name>
         <value>0x20009221</value>
         <object_component_ref idref="oc-c2"/>
      </symbol>
      <symbol id="sm-9da">
         <name>IntEnable</name>
         <value>0x20007945</value>
         <object_component_ref idref="oc-ce"/>
      </symbol>
      <symbol id="sm-9db">
         <name>IntDisable</name>
         <value>0x2000789d</value>
         <object_component_ref idref="oc-30b"/>
      </symbol>
      <symbol id="sm-9dc">
         <name>IntRegister</name>
         <value>0x20008f6d</value>
         <object_component_ref idref="oc-1ff"/>
      </symbol>
      <symbol id="sm-9dd">
         <name>IntUnregister</name>
         <value>0x20008f05</value>
         <object_component_ref idref="oc-311"/>
      </symbol>
      <symbol id="sm-9de">
         <name>IntMasterEnable</name>
         <value>0x200092a9</value>
         <object_component_ref idref="oc-c8"/>
      </symbol>
      <symbol id="sm-a1d">
         <name>PinTypeUART</name>
         <value>0x20009123</value>
         <object_component_ref idref="oc-28c"/>
      </symbol>
      <symbol id="sm-a1e">
         <name>PinTypeGPIO</name>
         <value>0x20008d01</value>
         <object_component_ref idref="oc-280"/>
      </symbol>
      <symbol id="sm-a1f">
         <name>PinConfigSet</name>
         <value>0x20007ce1</value>
         <object_component_ref idref="oc-351"/>
      </symbol>
      <symbol id="sm-a20">
         <name>PinTypeSPI</name>
         <value>0x20009109</value>
         <object_component_ref idref="oc-292"/>
      </symbol>
      <symbol id="sm-a21">
         <name>PinModeSet</name>
         <value>0x20008ac5</value>
         <object_component_ref idref="oc-27a"/>
      </symbol>
      <symbol id="sm-aa7">
         <name>PRCMPeripheralReset</name>
         <value>0x20008655</value>
         <object_component_ref idref="oc-e0"/>
      </symbol>
      <symbol id="sm-aa8">
         <name>PRCMPeripheralClkEnable</name>
         <value>0x20008b45</value>
         <object_component_ref idref="oc-da"/>
      </symbol>
      <symbol id="sm-aa9">
         <name>PRCMPeripheralClockGet</name>
         <value>0x20007bc1</value>
         <object_component_ref idref="oc-ec"/>
      </symbol>
      <symbol id="sm-aaa">
         <name>PRCMCC3200MCUInit</name>
         <value>0x20006cdd</value>
         <object_component_ref idref="oc-d4"/>
      </symbol>
      <symbol id="sm-aab">
         <name>PRCMHIBRegWrite</name>
         <value>0x200091cb</value>
         <object_component_ref idref="oc-1ba"/>
      </symbol>
      <symbol id="sm-aac">
         <name>PRCMSysResetCauseGet</name>
         <value>0x20008d91</value>
         <object_component_ref idref="oc-1ae"/>
      </symbol>
      <symbol id="sm-aad">
         <name>PRCMPeripheralClkDisable</name>
         <value>0x20008e3d</value>
         <object_component_ref idref="oc-1c0"/>
      </symbol>
      <symbol id="sm-aae">
         <name>PRCMHIBRegRead</name>
         <value>0x200091b5</value>
         <object_component_ref idref="oc-1b4"/>
      </symbol>
      <symbol id="sm-aeb">
         <name>SPICSEnable</name>
         <value>0x2000913d</value>
         <object_component_ref idref="oc-1d7"/>
      </symbol>
      <symbol id="sm-aec">
         <name>SPIDataPut</name>
         <value>0x20008feb</value>
         <object_component_ref idref="oc-1dd"/>
      </symbol>
      <symbol id="sm-aed">
         <name>SPIEnable</name>
         <value>0x20009155</value>
         <object_component_ref idref="oc-f8"/>
      </symbol>
      <symbol id="sm-aee">
         <name>SPIDataGet</name>
         <value>0x20008f8d</value>
         <object_component_ref idref="oc-1e3"/>
      </symbol>
      <symbol id="sm-aef">
         <name>SPIConfigSetExpClk</name>
         <value>0x200079ed</value>
         <object_component_ref idref="oc-f2"/>
      </symbol>
      <symbol id="sm-af0">
         <name>SPIReset</name>
         <value>0x20008f29</value>
         <object_component_ref idref="oc-e6"/>
      </symbol>
      <symbol id="sm-b74">
         <name>TimerLoadSet</name>
         <value>0x20008de9</value>
         <object_component_ref idref="oc-234"/>
      </symbol>
      <symbol id="sm-b75">
         <name>TimerDisable</name>
         <value>0x20009009</value>
         <object_component_ref idref="oc-240"/>
      </symbol>
      <symbol id="sm-b76">
         <name>TimerIntRegister</name>
         <value>0x200080dd</value>
         <object_component_ref idref="oc-21c"/>
      </symbol>
      <symbol id="sm-b77">
         <name>TimerEnable</name>
         <value>0x20009027</value>
         <object_component_ref idref="oc-23a"/>
      </symbol>
      <symbol id="sm-b78">
         <name>TimerIntUnregister</name>
         <value>0x2000828d</value>
         <object_component_ref idref="oc-24c"/>
      </symbol>
      <symbol id="sm-b79">
         <name>TimerIntStatus</name>
         <value>0x20009045</value>
         <object_component_ref idref="oc-228"/>
      </symbol>
      <symbol id="sm-b7a">
         <name>TimerIntDisable</name>
         <value>0x2000916d</value>
         <object_component_ref idref="oc-246"/>
      </symbol>
      <symbol id="sm-b7b">
         <name>TimerValueGet</name>
         <value>0x20009081</value>
         <object_component_ref idref="oc-12e"/>
      </symbol>
      <symbol id="sm-b7c">
         <name>TimerPrescaleSet</name>
         <value>0x20008e13</value>
         <object_component_ref idref="oc-210"/>
      </symbol>
      <symbol id="sm-b7d">
         <name>TimerIntEnable</name>
         <value>0x20009185</value>
         <object_component_ref idref="oc-222"/>
      </symbol>
      <symbol id="sm-b7e">
         <name>TimerConfigure</name>
         <value>0x200089f9</value>
         <object_component_ref idref="oc-20a"/>
      </symbol>
      <symbol id="sm-b7f">
         <name>TimerIntClear</name>
         <value>0x2000925d</value>
         <object_component_ref idref="oc-22e"/>
      </symbol>
      <symbol id="sm-b8a">
         <name>UARTCharPut</name>
         <value>0x20009063</value>
         <object_component_ref idref="oc-14c"/>
      </symbol>
      <symbol id="sm-b8e">
         <name>UtilsDelay</name>
         <value>0x200092c5</value>
         <object_component_ref idref="oc-2c0"/>
      </symbol>
      <symbol id="sm-b98">
         <name>CPUcpsie</name>
         <value>0x200091f7</value>
         <object_component_ref idref="oc-19e"/>
      </symbol>
      <symbol id="sm-b9a">
         <name>__TI_static_base__</name>
         <value>0x20009bd8</value>
      </symbol>
      <symbol id="sm-b9d">
         <name>__mpu_init</name>
         <value>0x0</value>
      </symbol>
      <symbol id="sm-b9e">
         <name>_system_post_cinit</name>
         <value>0x0</value>
      </symbol>
      <symbol id="sm-b9f">
         <name>remove</name>
         <value>0x20008dbd</value>
      </symbol>
   </symbol_table>
   <title>Link successful</title>
</link_info>
